Archive member included to satisfy reference by file (symbol)

C:\nxp\Good_Workspace\lpc_board_lpcxpresso_54102\Debug\liblpc_board_lpcxpresso_54102.a(board.o)
                              ./src/periph_i2cm_interrupt.o (Board_LED_Set)
C:\nxp\Good_Workspace\lpc_board_lpcxpresso_54102\Debug\liblpc_board_lpcxpresso_54102.a(board_sysinit.o)
                              ./src/sysinit.o (Board_SystemInit)
C:\nxp\Good_Workspace\lpc_chip_5410x\Debug\liblpc_chip_5410x.a(chip_5410x.o)
                              ./src/periph_i2cm_interrupt.o (SystemCoreClockUpdate)
C:\nxp\Good_Workspace\lpc_chip_5410x\Debug\liblpc_chip_5410x.a(clock_5410x.o)
                              C:\nxp\Good_Workspace\lpc_board_lpcxpresso_54102\Debug\liblpc_board_lpcxpresso_54102.a(board_sysinit.o) (Chip_Clock_SetCLKOUTSource)
C:\nxp\Good_Workspace\lpc_chip_5410x\Debug\liblpc_chip_5410x.a(fpu_init.o)
                              ./src/sysinit.o (fpuInit)
C:\nxp\Good_Workspace\lpc_chip_5410x\Debug\liblpc_chip_5410x.a(gpio_5410x.o)
                              C:\nxp\Good_Workspace\lpc_board_lpcxpresso_54102\Debug\liblpc_board_lpcxpresso_54102.a(board.o) (Chip_GPIO_Init)
C:\nxp\Good_Workspace\lpc_chip_5410x\Debug\liblpc_chip_5410x.a(i2cm_5410x.o)
                              ./src/periph_i2cm_interrupt.o (Chip_I2CM_SetBusSpeed)
C:\nxp\Good_Workspace\lpc_chip_5410x\Debug\liblpc_chip_5410x.a(iocon_5410x.o)
                              C:\nxp\Good_Workspace\lpc_board_lpcxpresso_54102\Debug\liblpc_board_lpcxpresso_54102.a(board_sysinit.o) (Chip_IOCON_SetPinMuxing)
C:\nxp\Good_Workspace\lpc_chip_5410x\Debug\liblpc_chip_5410x.a(pll_5410x.o)
                              C:\nxp\Good_Workspace\lpc_chip_5410x\Debug\liblpc_chip_5410x.a(clock_5410x.o) (Chip_Clock_GetSystemPLLInClockRate)
C:\nxp\Good_Workspace\lpc_chip_5410x\Debug\liblpc_chip_5410x.a(syscon_5410x.o)
                              ./src/periph_i2cm_interrupt.o (Chip_SYSCON_PeriphReset)
C:\nxp\Good_Workspace\lpc_chip_5410x\Debug\liblpc_chip_5410x.a(sysinit_5410x.o)
                              C:\nxp\Good_Workspace\lpc_board_lpcxpresso_54102\Debug\liblpc_board_lpcxpresso_54102.a(board_sysinit.o) (Chip_SetupIrcClocking)
C:\nxp\Good_Workspace\lpc_chip_5410x\Debug\liblpc_chip_5410x.a(uart_5410x.o)
                              C:\nxp\Good_Workspace\lpc_board_lpcxpresso_54102\Debug\liblpc_board_lpcxpresso_54102.a(board.o) (Chip_UART_Init)
C:\nxp\Good_Workspace\lpc_chip_5410x\Debug\liblpc_chip_5410x.a(ring_buffer.o)
                              C:\nxp\Good_Workspace\lpc_chip_5410x\Debug\liblpc_chip_5410x.a(uart_5410x.o) (RingBuffer_Insert)
C:\nxp\Good_Workspace\lpc_chip_5410x\libs\libpower.a(power_library.o)
                              C:\nxp\Good_Workspace\lpc_chip_5410x\Debug\liblpc_chip_5410x.a(pll_5410x.o) (Chip_POWER_SetVoltage)
c:/nxp/lpcxpresso_8.2.2_650/lpcxpresso/tools/bin/../lib/gcc/arm-none-eabi/5.4.1/../../../../arm-none-eabi/lib/armv7e-m/softfp\libcr_semihost.a(_cr__main.o)
                              ./src/cr_startup_lpc5410x.o (__main)
c:/nxp/lpcxpresso_8.2.2_650/lpcxpresso/tools/bin/../lib/gcc/arm-none-eabi/5.4.1/../../../../arm-none-eabi/lib/armv7e-m/softfp\libcr_c.a(memcpy.o)
                              C:\nxp\Good_Workspace\lpc_chip_5410x\Debug\liblpc_chip_5410x.a(ring_buffer.o) (memcpy)
c:/nxp/lpcxpresso_8.2.2_650/lpcxpresso/tools/bin/../lib/gcc/arm-none-eabi/5.4.1/../../../../arm-none-eabi/lib/armv7e-m/softfp\libcr_c.a(fpprintf.o)
                              ./src/periph_i2cm_interrupt.o (printf)
c:/nxp/lpcxpresso_8.2.2_650/lpcxpresso/tools/bin/../lib/gcc/arm-none-eabi/5.4.1/../../../../arm-none-eabi/lib/armv7e-m/softfp\libcr_c.a(initio.o)
                              c:/nxp/lpcxpresso_8.2.2_650/lpcxpresso/tools/bin/../lib/gcc/arm-none-eabi/5.4.1/../../../../arm-none-eabi/lib/armv7e-m/softfp\libcr_semihost.a(_cr__main.o) (_initio)
c:/nxp/lpcxpresso_8.2.2_650/lpcxpresso/tools/bin/../lib/gcc/arm-none-eabi/5.4.1/../../../../arm-none-eabi/lib/armv7e-m/softfp\libcr_c.a(printf.o)
                              c:/nxp/lpcxpresso_8.2.2_650/lpcxpresso/tools/bin/../lib/gcc/arm-none-eabi/5.4.1/../../../../arm-none-eabi/lib/armv7e-m/softfp\libcr_c.a(fpprintf.o) (__vfprintf)
c:/nxp/lpcxpresso_8.2.2_650/lpcxpresso/tools/bin/../lib/gcc/arm-none-eabi/5.4.1/../../../../arm-none-eabi/lib/armv7e-m/softfp\libcr_c.a(setvbuf.o)
                              c:/nxp/lpcxpresso_8.2.2_650/lpcxpresso/tools/bin/../lib/gcc/arm-none-eabi/5.4.1/../../../../arm-none-eabi/lib/armv7e-m/softfp\libcr_c.a(initio.o) (setvbuf)
c:/nxp/lpcxpresso_8.2.2_650/lpcxpresso/tools/bin/../lib/gcc/arm-none-eabi/5.4.1/../../../../arm-none-eabi/lib/armv7e-m/softfp\libcr_c.a(stdio.o)
                              c:/nxp/lpcxpresso_8.2.2_650/lpcxpresso/tools/bin/../lib/gcc/arm-none-eabi/5.4.1/../../../../arm-none-eabi/lib/armv7e-m/softfp\libcr_c.a(fpprintf.o) (__Ciob)
c:/nxp/lpcxpresso_8.2.2_650/lpcxpresso/tools/bin/../lib/gcc/arm-none-eabi/5.4.1/../../../../arm-none-eabi/lib/armv7e-m/softfp\libcr_c.a(strlen.o)
[...]
Memory Configuration

Name             Origin             Length             Attributes
MFlash512        0x00000000         0x00080000         xr
Ram0_64          0x02000000         0x00010000         xrw
Ram1_32          0x02010000         0x00008000         xrw
Ram2_8           0x03400000         0x00002000         xrw
*default*        0x00000000         0xffffffff

Linker script and memory map

LOAD ./src/cr_startup_lpc5410x.o
LOAD ./src/crp.o
LOAD ./src/periph_i2cm_interrupt.o
LOAD ./src/sysinit.o
LOAD C:\nxp\Good_Workspace\lpc_board_lpcxpresso_54102\Debug\liblpc_board_lpcxpresso_54102.a
LOAD C:\nxp\Good_Workspace\lpc_chip_5410x\Debug\liblpc_chip_5410x.a
LOAD C:\nxp\Good_Workspace\lpc_chip_5410x\libs\libpower.a
START GROUP
LOAD c:/nxp/lpcxpresso_8.2.2_650/lpcxpresso/tools/bin/../lib/gcc/arm-none-eabi/5.4.1/../../../../arm-none-eabi/lib/armv7e-m/softfp\libcr_semihost.a
LOAD c:/nxp/lpcxpresso_8.2.2_650/lpcxpresso/tools/bin/../lib/gcc/arm-none-eabi/5.4.1/../../../../arm-none-eabi/lib/armv7e-m/softfp\libcr_c.a
LOAD c:/nxp/lpcxpresso_8.2.2_650/lpcxpresso/tools/bin/../lib/gcc/arm-none-eabi/5.4.1/armv7e-m/softfp\libcr_eabihelpers.a
END GROUP
                0x00000000                __base_MFlash512 = 0x0
                0x00000000                __base_Flash = 0x0
                0x00080000                __top_MFlash512 = 0x80000
                0x00080000                __top_Flash = 0x80000
                0x02000000                __base_Ram0_64 = 0x2000000
                0x02000000                __base_RAM = 0x2000000
                0x02010000                __top_Ram0_64 = 0x2010000
                0x02010000                __top_RAM = 0x2010000
                0x02010000                __base_Ram1_32 = 0x2010000
                0x02010000                __base_RAM2 = 0x2010000
                0x02018000                __top_Ram1_32 = 0x2018000
                0x02018000                __top_RAM2 = 0x2018000
                0x03400000                __base_Ram2_8 = 0x3400000
                0x03400000                __base_RAM3 = 0x3400000
                0x03402000                __top_Ram2_8 = 0x3402000
                0x03402000                __top_RAM3 = 0x3402000

.text           0x00000000     0x5158
 FILL mask 0xff
                0x00000000                __vectors_start__ = ABSOLUTE (.)
 *(.isr_vector)
 .isr_vector    0x00000000       0xf4 ./src/cr_startup_lpc5410x.o
                0x00000000                g_pfnVectors
                0x000000f4                . = ALIGN (0x4)
                0x000000f4                __section_table_start = .
                0x000000f4                __data_section_table = .
                0x000000f4        0x4 LONG 0x5158 LOADADDR (.data)
                0x000000f8        0x4 LONG 0x2000000 ADDR (.data)
                0x000000fc        0x4 LONG 0x0 SIZEOF (.data)
                0x00000100        0x4 LONG 0x5158 LOADADDR (.data_RAM2)
                0x00000104        0x4 LONG 0x2010000 ADDR (.data_RAM2)
                0x00000108        0x4 LONG 0x0 SIZEOF (.data_RAM2)
                0x0000010c        0x4 LONG 0x5158 LOADADDR (.data_RAM3)
                0x00000110        0x4 LONG 0x3400000 ADDR (.data_RAM3)
                0x00000114        0x4 LONG 0x0 SIZEOF (.data_RAM3)
                0x00000118                __data_section_table_end = .
                0x00000118                __bss_section_table = .
                0x00000118        0x4 LONG 0x2000000 ADDR (.bss)
                0x0000011c        0x4 LONG 0x16c SIZEOF (.bss)
                0x00000120        0x4 LONG 0x2010000 ADDR (.bss_RAM2)
                0x00000124        0x4 LONG 0x0 SIZEOF (.bss_RAM2)
                0x00000128        0x4 LONG 0x3400000 ADDR (.bss_RAM3)
                0x0000012c        0x4 LONG 0x0 SIZEOF (.bss_RAM3)
                0x00000130                __bss_section_table_end = .
                0x00000130                __section_table_end = .
 *(.after_vectors*)
 .after_vectors
                0x00000130       0xcc ./src/cr_startup_lpc5410x.o
                0x00000130                data_init
                0x00000174                bss_init
                0x000001ac                NMI_Handler
                0x000001b4                HardFault_Handler
                0x000001bc                MemManage_Handler
                0x000001c4                BusFault_Handler
                0x000001cc                UsageFault_Handler
                0x000001d4                SVC_Handler
                0x000001dc                DebugMon_Handler
                0x000001e4                PendSV_Handler
                0x000001ec                SysTick_Handler
                0x000001f4                UART0_IRQHandler
                0x000001f4                MRT_IRQHandler
                0x000001f4                Reserved42_IRQHandler
                0x000001f4                UART1_IRQHandler
                0x000001f4                SPI1_IRQHandler
                0x000001f4                CT32B2_IRQHandler
                0x000001f4                PIN_INT6_IRQHandler
                0x000001f4                IntDefaultHandler
                0x000001f4                PIN_INT4_IRQHandler
                0x000001f4                ADC_SEQB_IRQHandler
                0x000001f4                Reserved43_IRQHandler
                0x000001f4                RTC_IRQHandler
                0x000001f4                CT32B3_IRQHandler
                0x000001f4                RIT_IRQHandler
                0x000001f4                UART2_IRQHandler
                0x000001f4                CT32B1_IRQHandler
                0x000001f4                PIN_INT5_IRQHandler
                0x000001f4                PIN_INT2_IRQHandler
                0x000001f4                PIN_INT7_IRQHandler
                0x000001f4                ADC_THCMP_IRQHandler
                0x000001f4                PIN_INT1_IRQHandler
                0x000001f4                BOD_IRQHandler
                0x000001f4                CT32B4_IRQHandler
                0x000001f4                IOH_IRQHandler
                0x000001f4                SPI2_IRQHandler
                0x000001f4                Reserved41_IRQHandler
                0x000001f4                I2C1_IRQHandler
                0x000001f4                MAILBOX_IRQHandler
                0x000001f4                WDT_IRQHandler
                0x000001f4                I2C2_IRQHandler
                0x000001f4                ADC_SEQA_IRQHandler
                0x000001f4                PIN_INT0_IRQHandler
                0x000001f4                UTICK_IRQHandler
                0x000001f4                CT32B0_IRQHandler
                0x000001f4                GINT0_IRQHandler
                0x000001f4                SPI0_IRQHandler
                0x000001f4                Reserved_IRQHandler
                0x000001f4                Reserved44_IRQHandler
                0x000001f4                DMA_IRQHandler
                0x000001f4                PIN_INT3_IRQHandler
                0x000001f4                SCT0_IRQHandler
                0x000001f4                SPI3_IRQHandler
                0x000001f4                UART3_IRQHandler
                0x000001f4                GINT1_IRQHandler
 .after_vectors.reset
                0x000001fc       0xcc ./src/cr_startup_lpc5410x.o
                0x000001fc                ResetISR
                0x000002fc                . = 0x2fc
 *fill*         0x000002c8       0x34 ff
                0x000002fc                PROVIDE (__CRP_WORD_START__, .)
 *(.crp)
 .crp           0x000002fc        0x4 ./src/crp.o
                0x000002fc                CRP_WORD
                0x00000300                PROVIDE (__CRP_WORD_END__, .)
                0x00000001                ASSERT (! ((__CRP_WORD_START__ == __CRP_WORD_END__)), Linker CRP Enabled, but no CRP_WORD provided within application)
 *(.text*)
 .text.NVIC_EnableIRQ
                0x00000300       0x34 ./src/periph_i2cm_interrupt.o
 .text.Chip_IOCON_PinMuxSet
                0x00000334       0x30 ./src/periph_i2cm_interrupt.o
 .text.Chip_I2C_Init
                0x00000364       0x50 ./src/periph_i2cm_interrupt.o
 .text.Chip_I2C_SetRegMask
                0x000003b4       0x28 ./src/periph_i2cm_interrupt.o
 .text.Chip_I2C_SetClockDiv
                0x000003dc       0x34 ./src/periph_i2cm_interrupt.o
 .text.Chip_I2C_EnableInt
                0x00000410       0x1c ./src/periph_i2cm_interrupt.o
 .text.Chip_I2C_DisableInt
                0x0000042c       0x1c ./src/periph_i2cm_interrupt.o
 .text.Chip_I2C_GetPendingInt
                0x00000448       0x18 ./src/periph_i2cm_interrupt.o
 .text.Chip_I2CM_Enable
                0x00000460       0x1c ./src/periph_i2cm_interrupt.o
 .text.Chip_I2CM_ClearStatus
                0x0000047c       0x20 ./src/periph_i2cm_interrupt.o
 .text.Init_I2C_PinMux
                0x0000049c       0x24 ./src/periph_i2cm_interrupt.o
 .text.setupI2CMaster
                0x000004c0       0x2c ./src/periph_i2cm_interrupt.o
 .text.WaitForI2cXferComplete
                0x000004ec       0x24 ./src/periph_i2cm_interrupt.o
 .text.SetupXferRecAndExecute
                0x00000510       0x80 ./src/periph_i2cm_interrupt.o
 .text.ReadCCData
                0x00000590       0xe4 ./src/periph_i2cm_interrupt.o
 .text.I2C0_IRQHandler
                0x00000674       0x54 ./src/periph_i2cm_interrupt.o
                0x00000674                I2C0_IRQHandler
 .text.main     0x000006c8       0x6c ./src/periph_i2cm_interrupt.o
                0x000006c8                main
 .text.SystemInit
                0x00000734       0x20 ./src/sysinit.o
                0x00000734                SystemInit
 .text.Chip_GPIO_SetPinState
                0x00000754       0x38 C:\nxp\Good_Workspace\lpc_board_lpcxpresso_54102\Debug\liblpc_board_lpcxpresso_54102.a(board.o)
 .text.Chip_GPIO_SetPinDIROutput
                0x0000078c       0x40 C:\nxp\Good_Workspace\lpc_board_lpcxpresso_54102\Debug\liblpc_board_lpcxpresso_54102.a(board.o)
 .text.Chip_GPIO_SetPinToggle
                0x000007cc       0x34 C:\nxp\Good_Workspace\lpc_board_lpcxpresso_54102\Debug\liblpc_board_lpcxpresso_54102.a(board.o)
 .text.Board_LED_Init
                0x00000800       0x4c C:\nxp\Good_Workspace\lpc_board_lpcxpresso_54102\Debug\liblpc_board_lpcxpresso_54102.a(board.o)
 .text.Board_LED_Set
                0x0000084c       0x3c C:\nxp\Good_Workspace\lpc_board_lpcxpresso_54102\Debug\liblpc_board_lpcxpresso_54102.a(board.o)
                0x0000084c                Board_LED_Set
 .text.Board_LED_Toggle
                0x00000888       0x30 C:\nxp\Good_Workspace\lpc_board_lpcxpresso_54102\Debug\liblpc_board_lpcxpresso_54102.a(board.o)
                0x00000888                Board_LED_Toggle
 .text.Board_Init
                0x000008b8       0x20 C:\nxp\Good_Workspace\lpc_board_lpcxpresso_54102\Debug\liblpc_board_lpcxpresso_54102.a(board.o)
                0x000008b8                Board_Init
 .text.Chip_GPIO_SetPinState
                0x000008d8       0x38 C:\nxp\Good_Workspace\lpc_board_lpcxpresso_54102\Debug\liblpc_board_lpcxpresso_54102.a(board_sysinit.o)
 .text.Chip_GPIO_GetPinState
                0x00000910       0x38 C:\nxp\Good_Workspace\lpc_board_lpcxpresso_54102\Debug\liblpc_board_lpcxpresso_54102.a(board_sysinit.o)
 .text.Chip_GPIO_SetPinDIROutput
                0x00000948       0x40 C:\nxp\Good_Workspace\lpc_board_lpcxpresso_54102\Debug\liblpc_board_lpcxpresso_54102.a(board_sysinit.o)
 .text.Chip_GPIO_SetPinDIRInput
                0x00000988       0x40 C:\nxp\Good_Workspace\lpc_board_lpcxpresso_54102\Debug\liblpc_board_lpcxpresso_54102.a(board_sysinit.o)
 .text.ConfigureBridgeSSEL
                0x000009c8       0x7c C:\nxp\Good_Workspace\lpc_board_lpcxpresso_54102\Debug\liblpc_board_lpcxpresso_54102.a(board_sysinit.o)
 .text.Board_SetupMuxing
                0x00000a44       0x24 C:\nxp\Good_Workspace\lpc_board_lpcxpresso_54102\Debug\liblpc_board_lpcxpresso_54102.a(board_sysinit.o)
                0x00000a44                Board_SetupMuxing
 .text.Board_SetupClocking
                0x00000a68       0x44 C:\nxp\Good_Workspace\lpc_board_lpcxpresso_54102\Debug\liblpc_board_lpcxpresso_54102.a(board_sysinit.o)
                0x00000a68                Board_SetupClocking
 .text.Board_SystemInit
                0x00000aac       0x10 C:\nxp\Good_Workspace\lpc_board_lpcxpresso_54102\Debug\liblpc_board_lpcxpresso_54102.a(board_sysinit.o)
                0x00000aac                Board_SystemInit
 .text.SystemCoreClockUpdate
                0x00000abc       0x18 C:\nxp\Good_Workspace\lpc_chip_5410x\Debug\liblpc_chip_5410x.a(chip_5410x.o)
                0x00000abc                SystemCoreClockUpdate
 .text.Chip_Clock_GetIntOscRate
                0x00000ad4       0x14 C:\nxp\Good_Workspace\lpc_chip_5410x\Debug\liblpc_chip_5410x.a(clock_5410x.o)
 .text.Chip_Clock_GetExtClockInRate
                0x00000ae8       0x18 C:\nxp\Good_Workspace\lpc_chip_5410x\Debug\liblpc_chip_5410x.a(clock_5410x.o)
 .text.Chip_Clock_GetRTCOscRate
                0x00000b00       0x14 C:\nxp\Good_Workspace\lpc_chip_5410x\Debug\liblpc_chip_5410x.a(clock_5410x.o)
 .text.Chip_Clock_GetWDTOSCRate
                0x00000b14       0x14 C:\nxp\Good_Workspace\lpc_chip_5410x\Debug\liblpc_chip_5410x.a(clock_5410x.o)
 .text.Chip_Clock_SetMain_A_ClockSource
                0x00000b28       0x20 C:\nxp\Good_Workspace\lpc_chip_5410x\Debug\liblpc_chip_5410x.a(clock_5410x.o)
 .text.Chip_Clock_GetMain_A_ClockSource
                0x00000b48       0x18 C:\nxp\Good_Workspace\lpc_chip_5410x\Debug\liblpc_chip_5410x.a(clock_5410x.o)
 .text.Chip_Clock_SetMain_B_ClockSource
                0x00000b60       0x20 C:\nxp\Good_Workspace\lpc_chip_5410x\Debug\liblpc_chip_5410x.a(clock_5410x.o)
 .text.Chip_Clock_GetMain_B_ClockSource
                0x00000b80       0x18 C:\nxp\Good_Workspace\lpc_chip_5410x\Debug\liblpc_chip_5410x.a(clock_5410x.o)
 .text.Chip_Clock_GetAsyncSyscon_ClockRate_NoDiv
                0x00000b98       0x74 C:\nxp\Good_Workspace\lpc_chip_5410x\Debug\liblpc_chip_5410x.a(clock_5410x.o)
 .text.Chip_Clock_GetMain_A_ClockRate
                0x00000c0c       0x44 C:\nxp\Good_Workspace\lpc_chip_5410x\Debug\liblpc_chip_5410x.a(clock_5410x.o)
                0x00000c0c                Chip_Clock_GetMain_A_ClockRate
 .text.Chip_Clock_GetMain_B_ClockRate
                0x00000c50       0x58 C:\nxp\Good_Workspace\lpc_chip_5410x\Debug\liblpc_chip_5410x.a(clock_5410x.o)
                0x00000c50                Chip_Clock_GetMain_B_ClockRate
 .text.Chip_Clock_SetCLKOUTSource
                0x00000ca8       0x50 C:\nxp\Good_Workspace\lpc_chip_5410x\Debug\liblpc_chip_5410x.a(clock_5410x.o)
                0x00000ca8                Chip_Clock_SetCLKOUTSource
 .text.Chip_Clock_EnablePeriphClock
                0x00000cf8       0x64 C:\nxp\Good_Workspace\lpc_chip_5410x\Debug\liblpc_chip_5410x.a(clock_5410x.o)
                0x00000cf8                Chip_Clock_EnablePeriphClock
 .text.Chip_Clock_SetAsyncSysconClockSource
                0x00000d5c       0x3c C:\nxp\Good_Workspace\lpc_chip_5410x\Debug\liblpc_chip_5410x.a(clock_5410x.o)
                0x00000d5c                Chip_Clock_SetAsyncSysconClockSource
 .text.Chip_Clock_GetAsyncSysconClockSource
                0x00000d98       0x34 C:\nxp\Good_Workspace\lpc_chip_5410x\Debug\liblpc_chip_5410x.a(clock_5410x.o)
                0x00000d98                Chip_Clock_GetAsyncSysconClockSource
 .text.Chip_Clock_GetAsyncSyscon_ClockRate
                0x00000dcc       0x30 C:\nxp\Good_Workspace\lpc_chip_5410x\Debug\liblpc_chip_5410x.a(clock_5410x.o)
                0x00000dcc                Chip_Clock_GetAsyncSyscon_ClockRate
 .text.Chip_Clock_SetMainClockSource
                0x00000dfc       0x3c C:\nxp\Good_Workspace\lpc_chip_5410x\Debug\liblpc_chip_5410x.a(clock_5410x.o)
                0x00000dfc                Chip_Clock_SetMainClockSource
 .text.Chip_Clock_GetMainClockRate
                0x00000e38       0x28 C:\nxp\Good_Workspace\lpc_chip_5410x\Debug\liblpc_chip_5410x.a(clock_5410x.o)
                0x00000e38                Chip_Clock_GetMainClockRate
 .text.Chip_Clock_GetSystemClockRate
                0x00000e60       0x1c C:\nxp\Good_Workspace\lpc_chip_5410x\Debug\liblpc_chip_5410x.a(clock_5410x.o)
                0x00000e60                Chip_Clock_GetSystemClockRate
 .text.fpuInit  0x00000e7c       0x74 C:\nxp\Good_Workspace\lpc_chip_5410x\Debug\liblpc_chip_5410x.a(fpu_init.o)
                0x00000e7c                fpuInit
 .text.Chip_GPIO_Init
                0x00000ef0       0x28 C:\nxp\Good_Workspace\lpc_chip_5410x\Debug\liblpc_chip_5410x.a(gpio_5410x.o)
                0x00000ef0                Chip_GPIO_Init
 .text.Chip_I2C_SetRegMask
                0x00000f18       0x28 C:\nxp\Good_Workspace\lpc_chip_5410x\Debug\liblpc_chip_5410x.a(i2cm_5410x.o)
 .text.Chip_I2C_ClearRegMask
                0x00000f40       0x2c C:\nxp\Good_Workspace\lpc_chip_5410x\Debug\liblpc_chip_5410x.a(i2cm_5410x.o)
 .text.Chip_I2C_GetClockDiv
                0x00000f6c       0x1c C:\nxp\Good_Workspace\lpc_chip_5410x\Debug\liblpc_chip_5410x.a(i2cm_5410x.o)
 .text.Chip_I2CM_Enable
                0x00000f88       0x1c C:\nxp\Good_Workspace\lpc_chip_5410x\Debug\liblpc_chip_5410x.a(i2cm_5410x.o)
 .text.Chip_I2CM_Disable
                0x00000fa4       0x1c C:\nxp\Good_Workspace\lpc_chip_5410x\Debug\liblpc_chip_5410x.a(i2cm_5410x.o)
 .text.Chip_I2CM_GetStatus
                0x00000fc0       0x18 C:\nxp\Good_Workspace\lpc_chip_5410x\Debug\liblpc_chip_5410x.a(i2cm_5410x.o)
 .text.Chip_I2CM_ClearStatus
                0x00000fd8       0x20 C:\nxp\Good_Workspace\lpc_chip_5410x\Debug\liblpc_chip_5410x.a(i2cm_5410x.o)
 .text.Chip_I2CM_GetMasterState
                0x00000ff8       0x20 C:\nxp\Good_Workspace\lpc_chip_5410x\Debug\liblpc_chip_5410x.a(i2cm_5410x.o)
 .text.Chip_I2CM_WriteByte
                0x00001018       0x20 C:\nxp\Good_Workspace\lpc_chip_5410x\Debug\liblpc_chip_5410x.a(i2cm_5410x.o)
 .text.Chip_I2CM_SetDutyCycle
                0x00001038       0x64 C:\nxp\Good_Workspace\lpc_chip_5410x\Debug\liblpc_chip_5410x.a(i2cm_5410x.o)
                0x00001038                Chip_I2CM_SetDutyCycle
 .text.Chip_I2CM_SetBusSpeed
                0x0000109c       0x48 C:\nxp\Good_Workspace\lpc_chip_5410x\Debug\liblpc_chip_5410x.a(i2cm_5410x.o)
                0x0000109c                Chip_I2CM_SetBusSpeed
 .text.Chip_I2CM_XferHandler
                0x000010e4      0x1f0 C:\nxp\Good_Workspace\lpc_chip_5410x\Debug\liblpc_chip_5410x.a(i2cm_5410x.o)
                0x000010e4                Chip_I2CM_XferHandler
 .text.Chip_I2CM_Xfer
                0x000012d4       0x34 C:\nxp\Good_Workspace\lpc_chip_5410x\Debug\liblpc_chip_5410x.a(i2cm_5410x.o)
                0x000012d4                Chip_I2CM_Xfer
 .text.Chip_IOCON_PinMuxSet
                0x00001308       0x30 C:\nxp\Good_Workspace\lpc_chip_5410x\Debug\liblpc_chip_5410x.a(iocon_5410x.o)
 .text.Chip_IOCON_SetPinMuxing
                0x00001338       0x50 C:\nxp\Good_Workspace\lpc_chip_5410x\Debug\liblpc_chip_5410x.a(iocon_5410x.o)
                0x00001338                Chip_IOCON_SetPinMuxing
 .text.Chip_SYSCON_PowerDown
                0x00001388       0x20 C:\nxp\Good_Workspace\lpc_chip_5410x\Debug\liblpc_chip_5410x.a(pll_5410x.o)
 .text.Chip_Clock_IsSystemPLLLocked
                0x000013a8       0x24 C:\nxp\Good_Workspace\lpc_chip_5410x\Debug\liblpc_chip_5410x.a(pll_5410x.o)
 .text.Chip_Clock_GetIntOscRate
                0x000013cc       0x14 C:\nxp\Good_Workspace\lpc_chip_5410x\Debug\liblpc_chip_5410x.a(pll_5410x.o)
 .text.Chip_Clock_GetExtClockInRate
                0x000013e0       0x18 C:\nxp\Good_Workspace\lpc_chip_5410x\Debug\liblpc_chip_5410x.a(pll_5410x.o)
 .text.Chip_Clock_GetRTCOscRate
                0x000013f8       0x14 C:\nxp\Good_Workspace\lpc_chip_5410x\Debug\liblpc_chip_5410x.a(pll_5410x.o)
 .text.Chip_Clock_GetWDTOSCRate
                0x0000140c       0x14 C:\nxp\Good_Workspace\lpc_chip_5410x\Debug\liblpc_chip_5410x.a(pll_5410x.o)
 .text.pllEncodeN
                0x00001420       0x80 C:\nxp\Good_Workspace\lpc_chip_5410x\Debug\liblpc_chip_5410x.a(pll_5410x.o)
 .text.pllDecodeN
                0x000014a0       0xa0 C:\nxp\Good_Workspace\lpc_chip_5410x\Debug\liblpc_chip_5410x.a(pll_5410x.o)
 .text.pllEncodeP
                0x00001540       0x70 C:\nxp\Good_Workspace\lpc_chip_5410x\Debug\liblpc_chip_5410x.a(pll_5410x.o)
 .text.pllDecodeP
                0x000015b0       0x88 C:\nxp\Good_Workspace\lpc_chip_5410x\Debug\liblpc_chip_5410x.a(pll_5410x.o)
 .text.pllEncodeM
                0x00001638       0xc8 C:\nxp\Good_Workspace\lpc_chip_5410x\Debug\liblpc_chip_5410x.a(pll_5410x.o)
 .text.pllDecodeM
                0x00001700       0xd4 C:\nxp\Good_Workspace\lpc_chip_5410x\Debug\liblpc_chip_5410x.a(pll_5410x.o)
 .text.pllFindSel
                0x000017d4       0xb0 C:\nxp\Good_Workspace\lpc_chip_5410x\Debug\liblpc_chip_5410x.a(pll_5410x.o)
 .text.findPllPreDiv
                0x00001884       0x3c C:\nxp\Good_Workspace\lpc_chip_5410x\Debug\liblpc_chip_5410x.a(pll_5410x.o)
                0x00001884                findPllPreDiv
 .text.findPllPostDiv
                0x000018c0       0x40 C:\nxp\Good_Workspace\lpc_chip_5410x\Debug\liblpc_chip_5410x.a(pll_5410x.o)
                0x000018c0                findPllPostDiv
 .text.findPllMMult
                0x00001900       0x40 C:\nxp\Good_Workspace\lpc_chip_5410x\Debug\liblpc_chip_5410x.a(pll_5410x.o)
                0x00001900                findPllMMult
 .text.FindGreatestCommonDivisor
                0x00001940       0x3c C:\nxp\Good_Workspace\lpc_chip_5410x\Debug\liblpc_chip_5410x.a(pll_5410x.o)
 .text.Chip_Clock_GetPllConfig
                0x0000197c      0x288 C:\nxp\Good_Workspace\lpc_chip_5410x\Debug\liblpc_chip_5410x.a(pll_5410x.o)
 .text.Chip_Clock_GetSystemPLLOutFromSetupUpdate
                0x00001c04       0x20 C:\nxp\Good_Workspace\lpc_chip_5410x\Debug\liblpc_chip_5410x.a(pll_5410x.o)
 .text.Chip_Clock_GetSystemPLLInClockRate
                0x00001c24       0x5c C:\nxp\Good_Workspace\lpc_chip_5410x\Debug\liblpc_chip_5410x.a(pll_5410x.o)
                0x00001c24                Chip_Clock_GetSystemPLLInClockRate
 .text.Chip_Clock_GetSystemPLLOutFromSetup
                0x00001c80      0x144 C:\nxp\Good_Workspace\lpc_chip_5410x\Debug\liblpc_chip_5410x.a(pll_5410x.o)
                0x00001c80                Chip_Clock_GetSystemPLLOutFromSetup
 .text.Chip_Clock_GetSystemPLLOutClockRate
                0x00001dc4       0x68 C:\nxp\Good_Workspace\lpc_chip_5410x\Debug\liblpc_chip_5410x.a(pll_5410x.o)
                0x00001dc4                Chip_Clock_GetSystemPLLOutClockRate
 .text.Chip_Clock_SetupPLLData
                0x00001e2c       0x90 C:\nxp\Good_Workspace\lpc_chip_5410x\Debug\liblpc_chip_5410x.a(pll_5410x.o)
                0x00001e2c                Chip_Clock_SetupPLLData
 .text.Chip_Clock_SetupSystemPLLPrec
                0x00001ebc       0xf0 C:\nxp\Good_Workspace\lpc_chip_5410x\Debug\liblpc_chip_5410x.a(pll_5410x.o)
                0x00001ebc                Chip_Clock_SetupSystemPLLPrec
 .text.Chip_SYSCON_Enable_ASYNC_Syscon
                0x00001fac       0x30 C:\nxp\Good_Workspace\lpc_chip_5410x\Debug\liblpc_chip_5410x.a(syscon_5410x.o)
                0x00001fac                Chip_SYSCON_Enable_ASYNC_Syscon
 .text.Chip_SYSCON_PeriphReset
                0x00001fdc       0x7c C:\nxp\Good_Workspace\lpc_chip_5410x\Debug\liblpc_chip_5410x.a(syscon_5410x.o)
                0x00001fdc                Chip_SYSCON_PeriphReset
 .text.Chip_SYSCON_PLLDelay
                0x00002058       0x8c C:\nxp\Good_Workspace\lpc_chip_5410x\Debug\liblpc_chip_5410x.a(syscon_5410x.o)
                0x00002058                Chip_SYSCON_PLLDelay
 .text.Chip_SYSCON_PowerUp
                0x000020e4       0x8c C:\nxp\Good_Workspace\lpc_chip_5410x\Debug\liblpc_chip_5410x.a(syscon_5410x.o)
                0x000020e4                Chip_SYSCON_PowerUp
 .text.Chip_SYSCON_SetFLASHAccess
                0x00002170       0x34 C:\nxp\Good_Workspace\lpc_chip_5410x\Debug\liblpc_chip_5410x.a(sysinit_5410x.o)
 .text.Chip_SYSCON_PowerDown
                0x000021a4       0x20 C:\nxp\Good_Workspace\lpc_chip_5410x\Debug\liblpc_chip_5410x.a(sysinit_5410x.o)
 .text.Chip_Clock_SetSystemPLLSource
                0x000021c4       0x20 C:\nxp\Good_Workspace\lpc_chip_5410x\Debug\liblpc_chip_5410x.a(sysinit_5410x.o)
 .text.Chip_Clock_SetSysClockDiv
                0x000021e4       0x20 C:\nxp\Good_Workspace\lpc_chip_5410x\Debug\liblpc_chip_5410x.a(sysinit_5410x.o)
 .text.Chip_Clock_SetAsyncSysconClockDiv
                0x00002204       0x20 C:\nxp\Good_Workspace\lpc_chip_5410x\Debug\liblpc_chip_5410x.a(sysinit_5410x.o)
 .text.setupFlashClocks
                0x00002224       0x60 C:\nxp\Good_Workspace\lpc_chip_5410x\Debug\liblpc_chip_5410x.a(sysinit_5410x.o)
 .text.Chip_SetupIrcClocking
                0x00002284       0xb8 C:\nxp\Good_Workspace\lpc_chip_5410x\Debug\liblpc_chip_5410x.a(sysinit_5410x.o)
                0x00002284                Chip_SetupIrcClocking
 .text.getBROMVersion
                0x0000233c       0x20 C:\nxp\Good_Workspace\lpc_chip_5410x\libs\libpower.a(power_library.o)
 .text.Chip_POWER_SetVoltage
                0x0000235c      0x2a4 C:\nxp\Good_Workspace\lpc_chip_5410x\libs\libpower.a(power_library.o)
                0x0000235c                Chip_POWER_SetVoltage
 .text.Chip_POWER_GetROMVersion
                0x00002600        0x4 C:\nxp\Good_Workspace\lpc_chip_5410x\libs\libpower.a(power_library.o)
                0x00002600                Chip_POWER_GetROMVersion
 .text.__main   0x00002604       0x14 c:/nxp/lpcxpresso_8.2.2_650/lpcxpresso/tools/bin/../lib/gcc/arm-none-eabi/5.4.1/../../../../arm-none-eabi/lib/armv7e-m/softfp\libcr_semihost.a(_cr__main.o)
                0x00002604                __CR_SEMIHOST
                0x00002604                __main
 .text.fp_round
                0x00002618       0x4e c:/nxp/lpcxpresso_8.2.2_650/lpcxpresso/tools/bin/../lib/gcc/arm-none-eabi/5.4.1/../../../../arm-none-eabi/lib/armv7e-m/softfp\libcr_c.a(fpprintf.o)
 .text.pr_dec.constprop.1
                0x00002666       0x26 c:/nxp/lpcxpresso_8.2.2_650/lpcxpresso/tools/bin/../lib/gcc/arm-none-eabi/5.4.1/../../../../arm-none-eabi/lib/armv7e-m/softfp\libcr_c.a(fpprintf.o)
 .text.sprintf  0x0000268c       0x6c c:/nxp/lpcxpresso_8.2.2_650/lpcxpresso/tools/bin/../lib/gcc/arm-none-eabi/5.4.1/../../../../arm-none-eabi/lib/armv7e-m/softfp\libcr_c.a(fpprintf.o)
                0x0000268c                sprintf
 .text.fp_display
                0x000026f8      0x8f8 c:/nxp/lpcxpresso_8.2.2_650/lpcxpresso/tools/bin/../lib/gcc/arm-none-eabi/5.4.1/../../../../arm-none-eabi/lib/armv7e-m/softfp\libcr_c.a(fpprintf.o)
 .text.vsnprintf
                0x00002ff0       0x5c c:/nxp/lpcxpresso_8.2.2_650/lpcxpresso/tools/bin/../lib/gcc/arm-none-eabi/5.4.1/../../../../arm-none-eabi/lib/armv7e-m/softfp\libcr_c.a(fpprintf.o)
                0x00002ff0                vsnprintf
 .text.printf   0x0000304c       0x54 c:/nxp/lpcxpresso_8.2.2_650/lpcxpresso/tools/bin/../lib/gcc/arm-none-eabi/5.4.1/../../../../arm-none-eabi/lib/armv7e-m/softfp\libcr_c.a(fpprintf.o)
                0x0000304c                printf
 .text._initio  0x000030a0       0xa4 c:/nxp/lpcxpresso_8.2.2_650/lpcxpresso/tools/bin/../lib/gcc/arm-none-eabi/5.4.1/../../../../arm-none-eabi/lib/armv7e-m/softfp\libcr_c.a(initio.o)
                0x000030a0                _initio
 .text.__vfprintf
                0x00003144      0xd48 c:/nxp/lpcxpresso_8.2.2_650/lpcxpresso/tools/bin/../lib/gcc/arm-none-eabi/5.4.1/../../../../arm-none-eabi/lib/armv7e-m/softfp\libcr_c.a(printf.o)
                0x00003144                __vfprintf
 .text.setvbuf  0x00003e8c       0x40 c:/nxp/lpcxpresso_8.2.2_650/lpcxpresso/tools/bin/../lib/gcc/arm-none-eabi/5.4.1/../../../../arm-none-eabi/lib/armv7e-m/softfp\libcr_c.a(setvbuf.o)
                0x00003e8c                setvbuf
 .text.strlen   0x00003ecc       0x4a c:/nxp/lpcxpresso_8.2.2_650/lpcxpresso/tools/bin/../lib/gcc/arm-none-eabi/5.4.1/../../../../arm-none-eabi/lib/armv7e-m/softfp\libcr_c.a(strlen.o)
                0x00003ecc                strlen
 .text.memset   0x00003f16        0x4 c:/nxp/lpcxpresso_8.2.2_650/lpcxpresso/tools/bin/../lib/gcc/arm-none-eabi/5.4.1/../../../../arm-none-eabi/lib/armv7e-m/softfp\libcr_c.a(memset.o)
                0x00003f16                memset
 .text._deferredlazyseek
                0x00003f1a       0x44 c:/nxp/lpcxpresso_8.2.2_650/lpcxpresso/tools/bin/../lib/gcc/arm-none-eabi/5.4.1/../../../../arm-none-eabi/lib/armv7e-m/softfp\libcr_c.a(_deferredlazyseek.o)
                0x00003f1a                _deferredlazyseek
 .text.__flsbuf
                0x00003f5e      0x140 c:/nxp/lpcxpresso_8.2.2_650/lpcxpresso/tools/bin/../lib/gcc/arm-none-eabi/5.4.1/../../../../arm-none-eabi/lib/armv7e-m/softfp\libcr_c.a(_deferredlazyseek.o)
                0x00003f5e                __flsbuf
 .text._fdopen  0x0000409e       0x6a c:/nxp/lpcxpresso_8.2.2_650/lpcxpresso/tools/bin/../lib/gcc/arm-none-eabi/5.4.1/../../../../arm-none-eabi/lib/armv7e-m/softfp\libcr_c.a(_fdopen.o)
                0x0000409e                _fdopen
 .text._fflush  0x00004108       0x58 c:/nxp/lpcxpresso_8.2.2_650/lpcxpresso/tools/bin/../lib/gcc/arm-none-eabi/5.4.1/../../../../arm-none-eabi/lib/armv7e-m/softfp\libcr_c.a(_fflush.o)
                0x00004108                _fflush
 .text._frexpl  0x00004160       0x5a c:/nxp/lpcxpresso_8.2.2_650/lpcxpresso/tools/bin/../lib/gcc/arm-none-eabi/5.4.1/../../../../arm-none-eabi/lib/armv7e-m/softfp\libcr_c.a(_frexpl.o)
                0x00004160                _frexpl
 *fill*         0x000041ba        0x2 ff
 .text._ldexpl  0x000041bc       0x4c c:/nxp/lpcxpresso_8.2.2_650/lpcxpresso/tools/bin/../lib/gcc/arm-none-eabi/5.4.1/../../../../arm-none-eabi/lib/armv7e-m/softfp\libcr_c.a(_ldexpl.o)
                0x000041bc                _ldexpl
 .text._Cwritebuf
                0x00004208       0x68 c:/nxp/lpcxpresso_8.2.2_650/lpcxpresso/tools/bin/../lib/gcc/arm-none-eabi/5.4.1/../../../../arm-none-eabi/lib/armv7e-m/softfp\libcr_c.a(_writebuf.o)
                0x00004208                _Cwritebuf
 .text.malloc   0x00004270       0xc8 c:/nxp/lpcxpresso_8.2.2_650/lpcxpresso/tools/bin/../lib/gcc/arm-none-eabi/5.4.1/../../../../arm-none-eabi/lib/armv7e-m/softfp\libcr_c.a(alloc.o)
                0x00004270                malloc
 .text.free     0x00004338       0x30 c:/nxp/lpcxpresso_8.2.2_650/lpcxpresso/tools/bin/../lib/gcc/arm-none-eabi/5.4.1/../../../../arm-none-eabi/lib/armv7e-m/softfp\libcr_c.a(alloc.o)
                0x00004338                free
 .text._Csys_alloc
                0x00004368       0x20 c:/nxp/lpcxpresso_8.2.2_650/lpcxpresso/tools/bin/../lib/gcc/arm-none-eabi/5.4.1/../../../../arm-none-eabi/lib/armv7e-m/softfp\libcr_c.a(alloc.o)
                0x00004368                _Csys_alloc
 .text.fclose   0x00004388       0x6c c:/nxp/lpcxpresso_8.2.2_650/lpcxpresso/tools/bin/../lib/gcc/arm-none-eabi/5.4.1/../../../../arm-none-eabi/lib/armv7e-m/softfp\libcr_c.a(fclose.o)
                0x00004388                fclose
 .text.fflush   0x000043f4       0x30 c:/nxp/lpcxpresso_8.2.2_650/lpcxpresso/tools/bin/../lib/gcc/arm-none-eabi/5.4.1/../../../../arm-none-eabi/lib/armv7e-m/softfp\libcr_c.a(fflush.o)
                0x000043f4                fflush
 .text.fseek    0x00004424      0x110 c:/nxp/lpcxpresso_8.2.2_650/lpcxpresso/tools/bin/../lib/gcc/arm-none-eabi/5.4.1/../../../../arm-none-eabi/lib/armv7e-m/softfp\libcr_c.a(fseek.o)
                0x00004424                fseek
 .text.ftell    0x00004534       0x4c c:/nxp/lpcxpresso_8.2.2_650/lpcxpresso/tools/bin/../lib/gcc/arm-none-eabi/5.4.1/../../../../arm-none-eabi/lib/armv7e-m/softfp\libcr_c.a(ftell.o)
                0x00004534                ftell
 .text.remove   0x00004580       0x14 c:/nxp/lpcxpresso_8.2.2_650/lpcxpresso/tools/bin/../lib/gcc/arm-none-eabi/5.4.1/../../../../arm-none-eabi/lib/armv7e-m/softfp\libcr_c.a(remove.o)
                0x00004580                remove
 .text._sbrk    0x00004594       0x40 c:/nxp/lpcxpresso_8.2.2_650/lpcxpresso/tools/bin/../lib/gcc/arm-none-eabi/5.4.1/../../../../arm-none-eabi/lib/armv7e-m/softfp\libcr_c.a(_cr_sbrk.o)
                0x00004594                _sbrk
 .text._do_fflush
                0x000045d4       0x44 c:/nxp/lpcxpresso_8.2.2_650/lpcxpresso/tools/bin/../lib/gcc/arm-none-eabi/5.4.1/../../../../arm-none-eabi/lib/armv7e-m/softfp\libcr_c.a(_do_fflush.o)
                0x000045d4                _do_fflush
 .text.__check_heap_overflow
                0x00004618       0x18 c:/nxp/lpcxpresso_8.2.2_650/lpcxpresso/tools/bin/../lib/gcc/arm-none-eabi/5.4.1/../../../../arm-none-eabi/lib/armv7e-m/softfp\libcr_c.a(_cr_check_heap.o)
                0x00004618                __check_heap_overflow
 .text.__aeabi_division_uldivmod
                0x00004630      0x174 c:/nxp/lpcxpresso_8.2.2_650/lpcxpresso/tools/bin/../lib/gcc/arm-none-eabi/5.4.1/armv7e-m/softfp\libcr_eabihelpers.a(division_64.o)
                0x00004630                __aeabi_uldivmod
                0x00004634                __bhs_ldivmod1
 .text.__aeabi_division_idiv0
                0x000047a4        0x2 c:/nxp/lpcxpresso_8.2.2_650/lpcxpresso/tools/bin/../lib/gcc/arm-none-eabi/5.4.1/armv7e-m/softfp\libcr_eabihelpers.a(division_idiv0.o)
                0x000047a4                __aeabi_idiv0
 *fill*         0x000047a6        0x2 ff
 .text.__aeabi_dmul
                0x000047a8      0x110 c:/nxp/lpcxpresso_8.2.2_650/lpcxpresso/tools/bin/../lib/gcc/arm-none-eabi/5.4.1/armv7e-m/softfp\libcr_eabihelpers.a(double.o)
                0x000047a8                __aeabi_dmul
 .text.__aeabi_ddiv
                0x000048b8      0x13c c:/nxp/lpcxpresso_8.2.2_650/lpcxpresso/tools/bin/../lib/gcc/arm-none-eabi/5.4.1/armv7e-m/softfp\libcr_eabihelpers.a(double.o)
                0x000048b8                __aeabi_ddiv
 .text.__aeabi_dsub
                0x000049f4      0x1b4 c:/nxp/lpcxpresso_8.2.2_650/lpcxpresso/tools/bin/../lib/gcc/arm-none-eabi/5.4.1/armv7e-m/softfp\libcr_eabihelpers.a(double.o)
                0x000049f4                __aeabi_dsub
 .text.__aeabi_dadd
                0x00004ba8      0x114 c:/nxp/lpcxpresso_8.2.2_650/lpcxpresso/tools/bin/../lib/gcc/arm-none-eabi/5.4.1/armv7e-m/softfp\libcr_eabihelpers.a(double.o)
                0x00004ba8                __aeabi_dadd
 .text.__aeabi_d2iz
                0x00004cbc       0x40 c:/nxp/lpcxpresso_8.2.2_650/lpcxpresso/tools/bin/../lib/gcc/arm-none-eabi/5.4.1/armv7e-m/softfp\libcr_eabihelpers.a(double.o)
                0x00004cbc                __aeabi_d2iz
 .text.__bhs_ui2d
                0x00004cfc       0x46 c:/nxp/lpcxpresso_8.2.2_650/lpcxpresso/tools/bin/../lib/gcc/arm-none-eabi/5.4.1/armv7e-m/softfp\libcr_eabihelpers.a(double.o)
                0x00004cfc                __bhs_ui2d
 .text.__aeabi_i2d
                0x00004d42       0x10 c:/nxp/lpcxpresso_8.2.2_650/lpcxpresso/tools/bin/../lib/gcc/arm-none-eabi/5.4.1/armv7e-m/softfp\libcr_eabihelpers.a(double.o)
                0x00004d42                __aeabi_i2d
 .text.__aeabi_dcmpeq
                0x00004d52       0x30 c:/nxp/lpcxpresso_8.2.2_650/lpcxpresso/tools/bin/../lib/gcc/arm-none-eabi/5.4.1/armv7e-m/softfp\libcr_eabihelpers.a(double.o)
                0x00004d52                __aeabi_dcmpeq
 .text.__aeabi_dcmplt
                0x00004d82       0x58 c:/nxp/lpcxpresso_8.2.2_650/lpcxpresso/tools/bin/../lib/gcc/arm-none-eabi/5.4.1/armv7e-m/softfp\libcr_eabihelpers.a(double.o)
                0x00004d82                __aeabi_dcmplt
 .text.__aeabi_dcmple
                0x00004dda       0x54 c:/nxp/lpcxpresso_8.2.2_650/lpcxpresso/tools/bin/../lib/gcc/arm-none-eabi/5.4.1/armv7e-m/softfp\libcr_eabihelpers.a(double.o)
                0x00004dda                __aeabi_dcmple
 .text.__aeabi_dcmpge
                0x00004e2e       0x54 c:/nxp/lpcxpresso_8.2.2_650/lpcxpresso/tools/bin/../lib/gcc/arm-none-eabi/5.4.1/armv7e-m/softfp\libcr_eabihelpers.a(double.o)
                0x00004e2e                __aeabi_dcmpge
 *fill*         0x00004e82        0x2 ff
 .text.__aeabi_f2d
                0x00004e84       0x38 c:/nxp/lpcxpresso_8.2.2_650/lpcxpresso/tools/bin/../lib/gcc/arm-none-eabi/5.4.1/armv7e-m/softfp\libcr_eabihelpers.a(float.o)
                0x00004e84                __aeabi_f2d
 .text.__aeabi_memset_lowlevel
                0x00004ebc       0x32 c:/nxp/lpcxpresso_8.2.2_650/lpcxpresso/tools/bin/../lib/gcc/arm-none-eabi/5.4.1/armv7e-m/softfp\libcr_eabihelpers.a(memcpy.o)
                0x00004ebc                __aeabi_lowlevel_memset
 *fill*         0x00004eee        0x2 ff
 .text.__sys_appexit
                0x00004ef0        0xc c:/nxp/lpcxpresso_8.2.2_650/lpcxpresso/tools/bin/../lib/gcc/arm-none-eabi/5.4.1/../../../../arm-none-eabi/lib/armv7e-m/softfp\libcr_semihost.a(__sys_appexit.o)
                0x00004ef0                __sys_appexit
                0x00004ef0                __exit
 .text.__sys_close
                0x00004efc        0xc c:/nxp/lpcxpresso_8.2.2_650/lpcxpresso/tools/bin/../lib/gcc/arm-none-eabi/5.4.1/../../../../arm-none-eabi/lib/armv7e-m/softfp\libcr_semihost.a(__sys_close.o)
                0x00004efc                __sys_close
 .text.__sys_flen
                0x00004f08        0xc c:/nxp/lpcxpresso_8.2.2_650/lpcxpresso/tools/bin/../lib/gcc/arm-none-eabi/5.4.1/../../../../arm-none-eabi/lib/armv7e-m/softfp\libcr_semihost.a(__sys_flen.o)
                0x00004f08                __sys_flen
 .text.__sys_istty
                0x00004f14        0xc c:/nxp/lpcxpresso_8.2.2_650/lpcxpresso/tools/bin/../lib/gcc/arm-none-eabi/5.4.1/../../../../arm-none-eabi/lib/armv7e-m/softfp\libcr_semihost.a(__sys_istty.o)
                0x00004f14                __sys_istty
 .text.__sys_remove
                0x00004f20        0xc c:/nxp/lpcxpresso_8.2.2_650/lpcxpresso/tools/bin/../lib/gcc/arm-none-eabi/5.4.1/../../../../arm-none-eabi/lib/armv7e-m/softfp\libcr_semihost.a(__sys_remove.o)
                0x00004f20                __sys_remove
 .text.__sys_seek
                0x00004f2c        0xc c:/nxp/lpcxpresso_8.2.2_650/lpcxpresso/tools/bin/../lib/gcc/arm-none-eabi/5.4.1/../../../../arm-none-eabi/lib/armv7e-m/softfp\libcr_semihost.a(__sys_seek.o)
                0x00004f2c                __sys_seek
 .text.__sys_tmpnam
                0x00004f38        0xc c:/nxp/lpcxpresso_8.2.2_650/lpcxpresso/tools/bin/../lib/gcc/arm-none-eabi/5.4.1/../../../../arm-none-eabi/lib/armv7e-m/softfp\libcr_semihost.a(__sys_tmpnam.o)
                0x00004f38                __sys_tmpnam
 .text.__sys_write
                0x00004f44        0xc c:/nxp/lpcxpresso_8.2.2_650/lpcxpresso/tools/bin/../lib/gcc/arm-none-eabi/5.4.1/../../../../arm-none-eabi/lib/armv7e-m/softfp\libcr_semihost.a(__sys_write.o)
                0x00004f44                __sys_write
                0x00004f44                __write
 *(.rodata .rodata.* .constdata .constdata.*)
 .rodata        0x00004f50       0x77 ./src/periph_i2cm_interrupt.o
 *fill*         0x00004fc7        0x1 ff
 .rodata.ledBits
                0x00004fc8        0x3 C:\nxp\Good_Workspace\lpc_board_lpcxpresso_54102\Debug\liblpc_board_lpcxpresso_54102.a(board.o)
 *fill*         0x00004fcb        0x1 ff
 .rodata.ExtClockIn
                0x00004fcc        0x4 C:\nxp\Good_Workspace\lpc_board_lpcxpresso_54102\Debug\liblpc_board_lpcxpresso_54102.a(board.o)
                0x00004fcc                ExtClockIn
 .rodata.pinmuxing
                0x00004fd0       0xb0 C:\nxp\Good_Workspace\lpc_board_lpcxpresso_54102\Debug\liblpc_board_lpcxpresso_54102.a(board_sysinit.o)
 .rodata.vd_table
                0x00005080       0x24 C:\nxp\Good_Workspace\lpc_chip_5410x\libs\libpower.a(power_library.o)
 .rodata.vd_table_c
                0x000050a4       0x24 C:\nxp\Good_Workspace\lpc_chip_5410x\libs\libpower.a(power_library.o)
 .rodata.str1.1
                0x000050c8       0x34 c:/nxp/lpcxpresso_8.2.2_650/lpcxpresso/tools/bin/../lib/gcc/arm-none-eabi/5.4.1/../../../../arm-none-eabi/lib/armv7e-m/softfp\libcr_c.a(fpprintf.o)
                                 0x35 (size before relaxing)
 .rodata.str1.1
                0x000050fc        0x4 c:/nxp/lpcxpresso_8.2.2_650/lpcxpresso/tools/bin/../lib/gcc/arm-none-eabi/5.4.1/../../../../arm-none-eabi/lib/armv7e-m/softfp\libcr_c.a(initio.o)
 .rodata.str1.1
                0x00005100       0x31 c:/nxp/lpcxpresso_8.2.2_650/lpcxpresso/tools/bin/../lib/gcc/arm-none-eabi/5.4.1/../../../../arm-none-eabi/lib/armv7e-m/softfp\libcr_c.a(printf.o)
                                 0x38 (size before relaxing)
 .rodata.str1.1
                0x00005131       0x18 c:/nxp/lpcxpresso_8.2.2_650/lpcxpresso/tools/bin/../lib/gcc/arm-none-eabi/5.4.1/../../../../arm-none-eabi/lib/armv7e-m/softfp\libcr_c.a(alloc.o)
 *fill*         0x00005149        0x7 ff
 .rodata.__huge_vall
                0x00005150        0x8 c:/nxp/lpcxpresso_8.2.2_650/lpcxpresso/tools/bin/../lib/gcc/arm-none-eabi/5.4.1/../../../../arm-none-eabi/lib/armv7e-m/softfp\libcr_c.a(_hugeval.o)
                0x00005150                __huge_vall
                0x00005158                . = ALIGN (0x4)

.glue_7         0x00005158        0x0
 .glue_7        0x00005158        0x0 linker stubs

.glue_7t        0x00005158        0x0
 .glue_7t       0x00005158        0x0 linker stubs

.vfp11_veneer   0x00005158        0x0
 .vfp11_veneer  0x00005158        0x0 linker stubs

.v4_bx          0x00005158        0x0
 .v4_bx         0x00005158        0x0 linker stubs

.iplt           0x00005158        0x0
 .iplt          0x00005158        0x0 ./src/cr_startup_lpc5410x.o

.rel.dyn        0x00005158        0x0
 .rel.iplt      0x00005158        0x0 ./src/cr_startup_lpc5410x.o

.ARM.extab
 *(.ARM.extab* .gnu.linkonce.armextab.*)
                0x00005158                __exidx_start = .

.ARM.exidx
 *(.ARM.exidx* .gnu.linkonce.armexidx.*)
                0x00005158                __exidx_end = .
                0x00005158                _etext = .

.data_RAM2      0x02010000        0x0 load address 0x00005158
 FILL mask 0xff
                [!provide]                PROVIDE (__start_data_RAM2, .)
 *(.ramfunc.$RAM2)
 *(.ramfunc.$Ram1_32)
 *(.data.$RAM2*)
 *(.data.$Ram1_32*)
                0x02010000                . = ALIGN (0x4)
                [!provide]                PROVIDE (__end_data_RAM2, .)

.data_RAM3      0x03400000        0x0 load address 0x00005158
 FILL mask 0xff
                [!provide]                PROVIDE (__start_data_RAM3, .)
 *(.ramfunc.$RAM3)
 *(.ramfunc.$Ram2_8)
 *(.data.$RAM3*)
 *(.data.$Ram2_8*)
                0x03400000                . = ALIGN (0x4)
                [!provide]                PROVIDE (__end_data_RAM3, .)

.uninit_RESERVED
                0x02000000        0x0
 *(.bss.$RESERVED*)
                0x02000000                . = ALIGN (0x4)
                0x02000000                _end_uninit_RESERVED = .

.data           0x02000000        0x0 load address 0x00005158
 FILL mask 0xff
                0x02000000                _data = .
 *(vtable)
 *(.ramfunc*)
 *(.data*)
                0x02000000                . = ALIGN (0x4)
                0x02000000                _edata = .

.igot.plt       0x02000000        0x0 load address 0x00005158
 .igot.plt      0x02000000        0x0 ./src/cr_startup_lpc5410x.o

.bss_RAM2       0x02010000        0x0
                [!provide]                PROVIDE (__start_bss_RAM2, .)
 *(.bss.$RAM2*)
 *(.bss.$Ram1_32*)
                0x02010000                . = ALIGN ((. != 0x0)?0x4:0x1)
                [!provide]                PROVIDE (__end_bss_RAM2, .)

.bss_RAM3       0x03400000        0x0
                [!provide]                PROVIDE (__start_bss_RAM3, .)
 *(.bss.$RAM3*)
 *(.bss.$Ram2_8*)
                0x03400000                . = ALIGN ((. != 0x0)?0x4:0x1)
                [!provide]                PROVIDE (__end_bss_RAM3, .)

.bss            0x02000000      0x16c
                0x02000000                _bss = .
 *(.bss*)
 .bss.i2cmXferRec
                0x02000000       0x10 ./src/periph_i2cm_interrupt.o
 .bss.curPllRate
                0x02000010        0x4 C:\nxp\Good_Workspace\lpc_chip_5410x\Debug\liblpc_chip_5410x.a(pll_5410x.o)
 .bss._extra    0x02000014        0x4 c:/nxp/lpcxpresso_8.2.2_650/lpcxpresso/tools/bin/../lib/gcc/arm-none-eabi/5.4.1/../../../../arm-none-eabi/lib/armv7e-m/softfp\libcr_c.a(initio.o)
                0x02000014                _extra
 .bss.__Ciob    0x02000018      0x140 c:/nxp/lpcxpresso_8.2.2_650/lpcxpresso/tools/bin/../lib/gcc/arm-none-eabi/5.4.1/../../../../arm-none-eabi/lib/armv7e-m/softfp\libcr_c.a(stdio.o)
                0x02000018                __Ciob
 .bss.errno     0x02000158        0x4 c:/nxp/lpcxpresso_8.2.2_650/lpcxpresso/tools/bin/../lib/gcc/arm-none-eabi/5.4.1/../../../../arm-none-eabi/lib/armv7e-m/softfp\libcr_c.a(errno.o)
                0x02000158                errno
 .bss.__heaps   0x0200015c        0x4 c:/nxp/lpcxpresso_8.2.2_650/lpcxpresso/tools/bin/../lib/gcc/arm-none-eabi/5.4.1/../../../../arm-none-eabi/lib/armv7e-m/softfp\libcr_c.a(__init_alloc.o)
                0x0200015c                __heaps
 .bss.__end_of_heap
                0x02000160        0x4 c:/nxp/lpcxpresso_8.2.2_650/lpcxpresso/tools/bin/../lib/gcc/arm-none-eabi/5.4.1/../../../../arm-none-eabi/lib/armv7e-m/softfp\libcr_c.a(__init_alloc.o)
                0x02000160                __end_of_heap
 *(COMMON)
 COMMON         0x02000164        0x4 ./src/cr_startup_lpc5410x.o
                0x02000164                __SWVtrace_Enabled
 COMMON         0x02000168        0x4 C:\nxp\Good_Workspace\lpc_chip_5410x\Debug\liblpc_chip_5410x.a(chip_5410x.o)
                0x02000168                SystemCoreClock
                0x0200016c                . = ALIGN (0x4)
                0x0200016c                _ebss = .
                [!provide]                PROVIDE (end, .)

.noinit_RAM2    0x02010000        0x0
 *(.noinit.$RAM2*)
 *(.noinit.$Ram1_32*)
                0x02010000                . = ALIGN (0x4)

.noinit_RAM3    0x03400000        0x0
 *(.noinit.$RAM3*)
 *(.noinit.$Ram2_8*)
                0x03400000                . = ALIGN (0x4)

.noinit         0x0200016c        0x0
                0x0200016c                _noinit = .
 *(.noinit*)
                0x0200016c                . = ALIGN (0x4)
                0x0200016c                _end_noinit = .
                0x0200016c                PROVIDE (_pvHeapStart, DEFINED (__user_heap_base)?__user_heap_base:.)
                0x02010000                PROVIDE (_vStackTop, DEFINED (__user_stack_top)?__user_stack_top:(__top_Ram0_64 - 0x0))
                0xfdfef552                PROVIDE (__valid_user_code_checksum, (0x0 - ((((((_vStackTop + (ResetISR + 0x1)) + (NMI_Handler + 0x1)) + (HardFault_Handler + 0x1)) + (DEFINED (MemManage_Handler)?MemManage_Handler:0x0 + 0x1)) + (DEFINED (BusFault_Handler)?BusFault_Handler:0x0 + 0x1)) + (DEFINED (UsageFault_Handler)?UsageFault_Handler:0x0 + 0x1))))
OUTPUT(periph_i2cm_interrupt.axf elf32-littlearm)

.debug_info     0x00000000     0x6354
 .debug_info    0x00000000      0x2b7 ./src/cr_startup_lpc5410x.o
 .debug_info    0x000002b7       0x3f ./src/crp.o
 .debug_info    0x000002f6      0xaf1 ./src/periph_i2cm_interrupt.o
 .debug_info    0x00000de7      0x2c4 ./src/sysinit.o
 .debug_info    0x000010ab      0x68d C:\nxp\Good_Workspace\lpc_board_lpcxpresso_54102\Debug\liblpc_board_lpcxpresso_54102.a(board.o)
 .debug_info    0x00001738      0xa2c C:\nxp\Good_Workspace\lpc_board_lpcxpresso_54102\Debug\liblpc_board_lpcxpresso_54102.a(board_sysinit.o)
 .debug_info    0x00002164       0xf7 C:\nxp\Good_Workspace\lpc_chip_5410x\Debug\liblpc_chip_5410x.a(chip_5410x.o)
 .debug_info    0x0000225b      0xd15 C:\nxp\Good_Workspace\lpc_chip_5410x\Debug\liblpc_chip_5410x.a(clock_5410x.o)
 .debug_info    0x00002f70      0x128 C:\nxp\Good_Workspace\lpc_chip_5410x\Debug\liblpc_chip_5410x.a(fpu_init.o)
 .debug_info    0x00003098      0x60d C:\nxp\Good_Workspace\lpc_chip_5410x\Debug\liblpc_chip_5410x.a(gpio_5410x.o)
 .debug_info    0x000036a5      0x597 C:\nxp\Good_Workspace\lpc_chip_5410x\Debug\liblpc_chip_5410x.a(i2cm_5410x.o)
 .debug_info    0x00003c3c      0x1f5 C:\nxp\Good_Workspace\lpc_chip_5410x\Debug\liblpc_chip_5410x.a(iocon_5410x.o)
 .debug_info    0x00003e31      0xfe1 C:\nxp\Good_Workspace\lpc_chip_5410x\Debug\liblpc_chip_5410x.a(pll_5410x.o)
 .debug_info    0x00004e12      0x8e6 C:\nxp\Good_Workspace\lpc_chip_5410x\Debug\liblpc_chip_5410x.a(syscon_5410x.o)
 .debug_info    0x000056f8      0xc5c C:\nxp\Good_Workspace\lpc_chip_5410x\Debug\liblpc_chip_5410x.a(sysinit_5410x.o)

.debug_abbrev   0x00000000     0x162c
 .debug_abbrev  0x00000000       0xed ./src/cr_startup_lpc5410x.o
 .debug_abbrev  0x000000ed       0x36 ./src/crp.o
 .debug_abbrev  0x00000123      0x26e ./src/periph_i2cm_interrupt.o
 .debug_abbrev  0x00000391       0xe3 ./src/sysinit.o
 .debug_abbrev  0x00000474      0x224 C:\nxp\Good_Workspace\lpc_board_lpcxpresso_54102\Debug\liblpc_board_lpcxpresso_54102.a(board.o)
 .debug_abbrev  0x00000698      0x1d7 C:\nxp\Good_Workspace\lpc_board_lpcxpresso_54102\Debug\liblpc_board_lpcxpresso_54102.a(board_sysinit.o)
 .debug_abbrev  0x0000086f       0xab C:\nxp\Good_Workspace\lpc_chip_5410x\Debug\liblpc_chip_5410x.a(chip_5410x.o)
 .debug_abbrev  0x0000091a      0x26f C:\nxp\Good_Workspace\lpc_chip_5410x\Debug\liblpc_chip_5410x.a(clock_5410x.o)
 .debug_abbrev  0x00000b89       0x84 C:\nxp\Good_Workspace\lpc_chip_5410x\Debug\liblpc_chip_5410x.a(fpu_init.o)
 .debug_abbrev  0x00000c0d      0x152 C:\nxp\Good_Workspace\lpc_chip_5410x\Debug\liblpc_chip_5410x.a(gpio_5410x.o)
 .debug_abbrev  0x00000d5f      0x1b8 C:\nxp\Good_Workspace\lpc_chip_5410x\Debug\liblpc_chip_5410x.a(i2cm_5410x.o)
 .debug_abbrev  0x00000f17      0x137 C:\nxp\Good_Workspace\lpc_chip_5410x\Debug\liblpc_chip_5410x.a(iocon_5410x.o)
 .debug_abbrev  0x0000104e      0x261 C:\nxp\Good_Workspace\lpc_chip_5410x\Debug\liblpc_chip_5410x.a(pll_5410x.o)
 .debug_abbrev  0x000012af      0x18f C:\nxp\Good_Workspace\lpc_chip_5410x\Debug\liblpc_chip_5410x.a(syscon_5410x.o)
 .debug_abbrev  0x0000143e      0x1ee C:\nxp\Good_Workspace\lpc_chip_5410x\Debug\liblpc_chip_5410x.a(sysinit_5410x.o)

.debug_aranges  0x00000000      0x650
 .debug_aranges
                0x00000000       0x80 ./src/cr_startup_lpc5410x.o
 .debug_aranges
                0x00000080       0x18 ./src/crp.o
 .debug_aranges
                0x00000098       0xa0 ./src/periph_i2cm_interrupt.o
 .debug_aranges
                0x00000138       0x20 ./src/sysinit.o
 .debug_aranges
                0x00000158       0xa0 C:\nxp\Good_Workspace\lpc_board_lpcxpresso_54102\Debug\liblpc_board_lpcxpresso_54102.a(board.o)
 .debug_aranges
                0x000001f8       0x58 C:\nxp\Good_Workspace\lpc_board_lpcxpresso_54102\Debug\liblpc_board_lpcxpresso_54102.a(board_sysinit.o)
 .debug_aranges
                0x00000250       0x20 C:\nxp\Good_Workspace\lpc_chip_5410x\Debug\liblpc_chip_5410x.a(chip_5410x.o)
 .debug_aranges
                0x00000270       0xf0 C:\nxp\Good_Workspace\lpc_chip_5410x\Debug\liblpc_chip_5410x.a(clock_5410x.o)
 .debug_aranges
                0x00000360       0x20 C:\nxp\Good_Workspace\lpc_chip_5410x\Debug\liblpc_chip_5410x.a(fpu_init.o)
 .debug_aranges
                0x00000380       0x68 C:\nxp\Good_Workspace\lpc_chip_5410x\Debug\liblpc_chip_5410x.a(gpio_5410x.o)
 .debug_aranges
                0x000003e8       0x90 C:\nxp\Good_Workspace\lpc_chip_5410x\Debug\liblpc_chip_5410x.a(i2cm_5410x.o)
 .debug_aranges
                0x00000478       0x28 C:\nxp\Good_Workspace\lpc_chip_5410x\Debug\liblpc_chip_5410x.a(iocon_5410x.o)
 .debug_aranges
                0x000004a0       0xe8 C:\nxp\Good_Workspace\lpc_chip_5410x\Debug\liblpc_chip_5410x.a(pll_5410x.o)
 .debug_aranges
                0x00000588       0x60 C:\nxp\Good_Workspace\lpc_chip_5410x\Debug\liblpc_chip_5410x.a(syscon_5410x.o)
 .debug_aranges
                0x000005e8       0x68 C:\nxp\Good_Workspace\lpc_chip_5410x\Debug\liblpc_chip_5410x.a(sysinit_5410x.o)

.debug_ranges   0x00000000      0x558
 .debug_ranges  0x00000000       0x70 ./src/cr_startup_lpc5410x.o
 .debug_ranges  0x00000070       0x90 ./src/periph_i2cm_interrupt.o
 .debug_ranges  0x00000100       0x10 ./src/sysinit.o
 .debug_ranges  0x00000110       0x90 C:\nxp\Good_Workspace\lpc_board_lpcxpresso_54102\Debug\liblpc_board_lpcxpresso_54102.a(board.o)
 .debug_ranges  0x000001a0       0x48 C:\nxp\Good_Workspace\lpc_board_lpcxpresso_54102\Debug\liblpc_board_lpcxpresso_54102.a(board_sysinit.o)
 .debug_ranges  0x000001e8       0x10 C:\nxp\Good_Workspace\lpc_chip_5410x\Debug\liblpc_chip_5410x.a(chip_5410x.o)
 .debug_ranges  0x000001f8       0xe0 C:\nxp\Good_Workspace\lpc_chip_5410x\Debug\liblpc_chip_5410x.a(clock_5410x.o)
 .debug_ranges  0x000002d8       0x10 C:\nxp\Good_Workspace\lpc_chip_5410x\Debug\liblpc_chip_5410x.a(fpu_init.o)
 .debug_ranges  0x000002e8       0x58 C:\nxp\Good_Workspace\lpc_chip_5410x\Debug\liblpc_chip_5410x.a(gpio_5410x.o)
 .debug_ranges  0x00000340       0x80 C:\nxp\Good_Workspace\lpc_chip_5410x\Debug\liblpc_chip_5410x.a(i2cm_5410x.o)
 .debug_ranges  0x000003c0       0x18 C:\nxp\Good_Workspace\lpc_chip_5410x\Debug\liblpc_chip_5410x.a(iocon_5410x.o)
 .debug_ranges  0x000003d8       0xd8 C:\nxp\Good_Workspace\lpc_chip_5410x\Debug\liblpc_chip_5410x.a(pll_5410x.o)
 .debug_ranges  0x000004b0       0x50 C:\nxp\Good_Workspace\lpc_chip_5410x\Debug\liblpc_chip_5410x.a(syscon_5410x.o)
 .debug_ranges  0x00000500       0x58 C:\nxp\Good_Workspace\lpc_chip_5410x\Debug\liblpc_chip_5410x.a(sysinit_5410x.o)

.debug_macro    0x00000000     0x686a
 .debug_macro   0x00000000       0x1d ./src/cr_startup_lpc5410x.o
 .debug_macro   0x0000001d      0x8b6 ./src/cr_startup_lpc5410x.o
 .debug_macro   0x000008d3       0x1a ./src/crp.o
 .debug_macro   0x000008ed       0x34 ./src/crp.o
 .debug_macro   0x00000921      0x278 ./src/periph_i2cm_interrupt.o
 .debug_macro   0x00000b99       0x10 ./src/periph_i2cm_interrupt.o
 .debug_macro   0x00000ba9      0x12d ./src/periph_i2cm_interrupt.o
 .debug_macro   0x00000cd6      0x5b2 ./src/periph_i2cm_interrupt.o
 .debug_macro   0x00001288       0x22 ./src/periph_i2cm_interrupt.o
 .debug_macro   0x000012aa       0x8f ./src/periph_i2cm_interrupt.o
 .debug_macro   0x00001339       0x2d ./src/periph_i2cm_interrupt.o
 .debug_macro   0x00001366       0x3b ./src/periph_i2cm_interrupt.o
 .debug_macro   0x000013a1       0x2d ./src/periph_i2cm_interrupt.o
 .debug_macro   0x000013ce       0x42 ./src/periph_i2cm_interrupt.o
 .debug_macro   0x00001410      0xd39 ./src/periph_i2cm_interrupt.o
 .debug_macro   0x00002149      0x1d9 ./src/periph_i2cm_interrupt.o
 .debug_macro   0x00002322       0xca ./src/periph_i2cm_interrupt.o
 .debug_macro   0x000023ec       0x18 ./src/periph_i2cm_interrupt.o
 .debug_macro   0x00002404       0x16 ./src/periph_i2cm_interrupt.o
 .debug_macro   0x0000241a      0x129 ./src/periph_i2cm_interrupt.o
 .debug_macro   0x00002543       0x2d ./src/periph_i2cm_interrupt.o
 .debug_macro   0x00002570       0x16 ./src/periph_i2cm_interrupt.o
 .debug_macro   0x00002586       0x32 ./src/periph_i2cm_interrupt.o
 .debug_macro   0x000025b8       0xb8 ./src/periph_i2cm_interrupt.o
 .debug_macro   0x00002670       0x70 ./src/periph_i2cm_interrupt.o
 .debug_macro   0x000026e0       0x6a ./src/periph_i2cm_interrupt.o
 .debug_macro   0x0000274a       0xc5 ./src/periph_i2cm_interrupt.o
 .debug_macro   0x0000280f       0x76 ./src/periph_i2cm_interrupt.o
 .debug_macro   0x00002885       0x34 ./src/periph_i2cm_interrupt.o
 .debug_macro   0x000028b9      0x205 ./src/periph_i2cm_interrupt.o
 .debug_macro   0x00002abe       0x40 ./src/periph_i2cm_interrupt.o
 .debug_macro   0x00002afe       0x6a ./src/periph_i2cm_interrupt.o
 .debug_macro   0x00002b68       0x22 ./src/periph_i2cm_interrupt.o
 .debug_macro   0x00002b8a       0x28 ./src/periph_i2cm_interrupt.o
 .debug_macro   0x00002bb2       0x1c ./src/periph_i2cm_interrupt.o
 .debug_macro   0x00002bce       0x10 ./src/periph_i2cm_interrupt.o
 .debug_macro   0x00002bde       0x1f ./src/periph_i2cm_interrupt.o
 .debug_macro   0x00002bfd      0x1f1 ./src/periph_i2cm_interrupt.o
 .debug_macro   0x00002dee      0x13a ./src/periph_i2cm_interrupt.o
 .debug_macro   0x00002f28       0x16 ./src/periph_i2cm_interrupt.o
 .debug_macro   0x00002f3e      0x1f6 ./src/periph_i2cm_interrupt.o
 .debug_macro   0x00003134      0x430 ./src/periph_i2cm_interrupt.o
 .debug_macro   0x00003564       0x34 ./src/periph_i2cm_interrupt.o
 .debug_macro   0x00003598       0x1c ./src/periph_i2cm_interrupt.o
 .debug_macro   0x000035b4      0x477 ./src/periph_i2cm_interrupt.o
 .debug_macro   0x00003a2b       0x34 ./src/periph_i2cm_interrupt.o
 .debug_macro   0x00003a5f       0x3a ./src/periph_i2cm_interrupt.o
 .debug_macro   0x00003a99       0x9a ./src/periph_i2cm_interrupt.o
 .debug_macro   0x00003b33       0x20 ./src/periph_i2cm_interrupt.o
 .debug_macro   0x00003b53      0x254 ./src/sysinit.o
 .debug_macro   0x00003da7      0x27b C:\nxp\Good_Workspace\lpc_board_lpcxpresso_54102\Debug\liblpc_board_lpcxpresso_54102.a(board.o)
 .debug_macro   0x00004022      0x89e C:\nxp\Good_Workspace\lpc_board_lpcxpresso_54102\Debug\liblpc_board_lpcxpresso_54102.a(board.o)
 .debug_macro   0x000048c0       0x88 C:\nxp\Good_Workspace\lpc_board_lpcxpresso_54102\Debug\liblpc_board_lpcxpresso_54102.a(board.o)
 .debug_macro   0x00004948       0x12 C:\nxp\Good_Workspace\lpc_board_lpcxpresso_54102\Debug\liblpc_board_lpcxpresso_54102.a(board.o)
 .debug_macro   0x0000495a      0x262 C:\nxp\Good_Workspace\lpc_board_lpcxpresso_54102\Debug\liblpc_board_lpcxpresso_54102.a(board_sysinit.o)
 .debug_macro   0x00004bbc      0x21f C:\nxp\Good_Workspace\lpc_chip_5410x\Debug\liblpc_chip_5410x.a(chip_5410x.o)
 .debug_macro   0x00004ddb      0x8a4 C:\nxp\Good_Workspace\lpc_chip_5410x\Debug\liblpc_chip_5410x.a(chip_5410x.o)
 .debug_macro   0x0000567f      0x21f C:\nxp\Good_Workspace\lpc_chip_5410x\Debug\liblpc_chip_5410x.a(clock_5410x.o)
 .debug_macro   0x0000589e       0xb2 C:\nxp\Good_Workspace\lpc_chip_5410x\Debug\liblpc_chip_5410x.a(fpu_init.o)
 .debug_macro   0x00005950      0x21f C:\nxp\Good_Workspace\lpc_chip_5410x\Debug\liblpc_chip_5410x.a(gpio_5410x.o)
 .debug_macro   0x00005b6f      0x21f C:\nxp\Good_Workspace\lpc_chip_5410x\Debug\liblpc_chip_5410x.a(i2cm_5410x.o)
 .debug_macro   0x00005d8e      0x21f C:\nxp\Good_Workspace\lpc_chip_5410x\Debug\liblpc_chip_5410x.a(iocon_5410x.o)
 .debug_macro   0x00005fad      0x47f C:\nxp\Good_Workspace\lpc_chip_5410x\Debug\liblpc_chip_5410x.a(pll_5410x.o)
 .debug_macro   0x0000642c      0x21f C:\nxp\Good_Workspace\lpc_chip_5410x\Debug\liblpc_chip_5410x.a(syscon_5410x.o)
 .debug_macro   0x0000664b      0x21f C:\nxp\Good_Workspace\lpc_chip_5410x\Debug\liblpc_chip_5410x.a(sysinit_5410x.o)

.debug_line     0x00000000     0x4346
 .debug_line    0x00000000       0xef ./src/cr_startup_lpc5410x.o
 .debug_line    0x000000ef       0x78 ./src/crp.o
 .debug_line    0x00000167      0x5fe ./src/periph_i2cm_interrupt.o
 .debug_line    0x00000765      0x465 ./src/sysinit.o
 .debug_line    0x00000bca      0x5db C:\nxp\Good_Workspace\lpc_board_lpcxpresso_54102\Debug\liblpc_board_lpcxpresso_54102.a(board.o)
 .debug_line    0x000011a5      0x501 C:\nxp\Good_Workspace\lpc_board_lpcxpresso_54102\Debug\liblpc_board_lpcxpresso_54102.a(board_sysinit.o)
 .debug_line    0x000016a6      0x40a C:\nxp\Good_Workspace\lpc_chip_5410x\Debug\liblpc_chip_5410x.a(chip_5410x.o)
 .debug_line    0x00001ab0      0x674 C:\nxp\Good_Workspace\lpc_chip_5410x\Debug\liblpc_chip_5410x.a(clock_5410x.o)
 .debug_line    0x00002124      0x1cc C:\nxp\Good_Workspace\lpc_chip_5410x\Debug\liblpc_chip_5410x.a(fpu_init.o)
 .debug_line    0x000022f0      0x4cb C:\nxp\Good_Workspace\lpc_chip_5410x\Debug\liblpc_chip_5410x.a(gpio_5410x.o)
 .debug_line    0x000027bb      0x576 C:\nxp\Good_Workspace\lpc_chip_5410x\Debug\liblpc_chip_5410x.a(i2cm_5410x.o)
 .debug_line    0x00002d31      0x431 C:\nxp\Good_Workspace\lpc_chip_5410x\Debug\liblpc_chip_5410x.a(iocon_5410x.o)
 .debug_line    0x00003162      0x804 C:\nxp\Good_Workspace\lpc_chip_5410x\Debug\liblpc_chip_5410x.a(pll_5410x.o)
 .debug_line    0x00003966      0x4e9 C:\nxp\Good_Workspace\lpc_chip_5410x\Debug\liblpc_chip_5410x.a(syscon_5410x.o)
 .debug_line    0x00003e4f      0x4f7 C:\nxp\Good_Workspace\lpc_chip_5410x\Debug\liblpc_chip_5410x.a(sysinit_5410x.o)

.debug_str      0x00000000    0x13321
 .debug_str     0x00000000     0x276f ./src/cr_startup_lpc5410x.o
                               0x2782 (size before relaxing)
 .debug_str     0x0000276f       0xe9 ./src/crp.o
                               0x2648 (size before relaxing)
 .debug_str     0x00002858     0xe249 ./src/periph_i2cm_interrupt.o
                              0x10897 (size before relaxing)
 .debug_str     0x00010aa1       0x65 ./src/sysinit.o
                               0xfe22 (size before relaxing)
 .debug_str     0x00010b06      0x248 C:\nxp\Good_Workspace\lpc_board_lpcxpresso_54102\Debug\liblpc_board_lpcxpresso_54102.a(board.o)
                              0x1028b (size before relaxing)
 .debug_str     0x00010d4e      0x3a5 C:\nxp\Good_Workspace\lpc_board_lpcxpresso_54102\Debug\liblpc_board_lpcxpresso_54102.a(board_sysinit.o)
                              0x10512 (size before relaxing)
 .debug_str     0x000110f3       0x65 C:\nxp\Good_Workspace\lpc_chip_5410x\Debug\liblpc_chip_5410x.a(chip_5410x.o)
                               0xfa46 (size before relaxing)
 .debug_str     0x00011158      0x71a C:\nxp\Good_Workspace\lpc_chip_5410x\Debug\liblpc_chip_5410x.a(clock_5410x.o)
                              0x1072f (size before relaxing)
 .debug_str     0x00011872       0xb5 C:\nxp\Good_Workspace\lpc_chip_5410x\Debug\liblpc_chip_5410x.a(fpu_init.o)
                               0x9957 (size before relaxing)
 .debug_str     0x00011927       0xe0 C:\nxp\Good_Workspace\lpc_chip_5410x\Debug\liblpc_chip_5410x.a(gpio_5410x.o)
                               0xff82 (size before relaxing)
 .debug_str     0x00011a07      0x132 C:\nxp\Good_Workspace\lpc_chip_5410x\Debug\liblpc_chip_5410x.a(i2cm_5410x.o)
                               0xfc56 (size before relaxing)
 .debug_str     0x00011b39       0x42 C:\nxp\Good_Workspace\lpc_chip_5410x\Debug\liblpc_chip_5410x.a(iocon_5410x.o)
                               0xfa7d (size before relaxing)
 .debug_str     0x00011b7b     0x145d C:\nxp\Good_Workspace\lpc_chip_5410x\Debug\liblpc_chip_5410x.a(pll_5410x.o)
                              0x111c3 (size before relaxing)
 .debug_str     0x00012fd8      0x184 C:\nxp\Good_Workspace\lpc_chip_5410x\Debug\liblpc_chip_5410x.a(syscon_5410x.o)
                              0x10087 (size before relaxing)
 .debug_str     0x0001315c      0x1c5 C:\nxp\Good_Workspace\lpc_chip_5410x\Debug\liblpc_chip_5410x.a(sysinit_5410x.o)
                              0x105b1 (size before relaxing)

.comment        0x00000000      0x14c
 .comment       0x00000000       0x6e ./src/cr_startup_lpc5410x.o
                                 0x6f (size before relaxing)
 .comment       0x0000006e       0x6f ./src/crp.o
 .comment       0x0000006e       0x6f ./src/periph_i2cm_interrupt.o
 .comment       0x0000006e       0x6f ./src/sysinit.o
 .comment       0x0000006e       0x6f C:\nxp\Good_Workspace\lpc_board_lpcxpresso_54102\Debug\liblpc_board_lpcxpresso_54102.a(board.o)
 .comment       0x0000006e       0x6f C:\nxp\Good_Workspace\lpc_board_lpcxpresso_54102\Debug\liblpc_board_lpcxpresso_54102.a(board_sysinit.o)
 .comment       0x0000006e       0x6f C:\nxp\Good_Workspace\lpc_chip_5410x\Debug\liblpc_chip_5410x.a(chip_5410x.o)
 .comment       0x0000006e       0x6f C:\nxp\Good_Workspace\lpc_chip_5410x\Debug\liblpc_chip_5410x.a(clock_5410x.o)
 .comment       0x0000006e       0x6f C:\nxp\Good_Workspace\lpc_chip_5410x\Debug\liblpc_chip_5410x.a(fpu_init.o)
 .comment       0x0000006e       0x6f C:\nxp\Good_Workspace\lpc_chip_5410x\Debug\liblpc_chip_5410x.a(gpio_5410x.o)
 .comment       0x0000006e       0x6f C:\nxp\Good_Workspace\lpc_chip_5410x\Debug\liblpc_chip_5410x.a(i2cm_5410x.o)
 .comment       0x0000006e       0x6f C:\nxp\Good_Workspace\lpc_chip_5410x\Debug\liblpc_chip_5410x.a(iocon_5410x.o)
 .comment       0x0000006e       0x6f C:\nxp\Good_Workspace\lpc_chip_5410x\Debug\liblpc_chip_5410x.a(pll_5410x.o)
 .comment       0x0000006e       0x6f C:\nxp\Good_Workspace\lpc_chip_5410x\Debug\liblpc_chip_5410x.a(syscon_5410x.o)
 .comment       0x0000006e       0x6f C:\nxp\Good_Workspace\lpc_chip_5410x\Debug\liblpc_chip_5410x.a(sysinit_5410x.o)
 .comment       0x0000006e       0x70 C:\nxp\Good_Workspace\lpc_chip_5410x\libs\libpower.a(power_library.o)
                                 0x71 (size before relaxing)
 .comment       0x000000de       0x6e c:/nxp/lpcxpresso_8.2.2_650/lpcxpresso/tools/bin/../lib/gcc/arm-none-eabi/5.4.1/../../../../arm-none-eabi/lib/armv7e-m/softfp\libcr_semihost.a(_cr__main.o)
                                 0x6f (size before relaxing)
 .comment       0x0000014c       0x6f c:/nxp/lpcxpresso_8.2.2_650/lpcxpresso/tools/bin/../lib/gcc/arm-none-eabi/5.4.1/../../../../arm-none-eabi/lib/armv7e-m/softfp\libcr_c.a(fpprintf.o)
 .comment       0x0000014c       0x6f c:/nxp/lpcxpresso_8.2.2_650/lpcxpresso/tools/bin/../lib/gcc/arm-none-eabi/5.4.1/../../../../arm-none-eabi/lib/armv7e-m/softfp\libcr_c.a(initio.o)
 .comment       0x0000014c       0x6f c:/nxp/lpcxpresso_8.2.2_650/lpcxpresso/tools/bin/../lib/gcc/arm-none-eabi/5.4.1/../../../../arm-none-eabi/lib/armv7e-m/softfp\libcr_c.a(printf.o)
 .comment       0x0000014c       0x6f c:/nxp/lpcxpresso_8.2.2_650/lpcxpresso/tools/bin/../lib/gcc/arm-none-eabi/5.4.1/../../../../arm-none-eabi/lib/armv7e-m/softfp\libcr_c.a(setvbuf.o)
 .comment       0x0000014c       0x6f c:/nxp/lpcxpresso_8.2.2_650/lpcxpresso/tools/bin/../lib/gcc/arm-none-eabi/5.4.1/../../../../arm-none-eabi/lib/armv7e-m/softfp\libcr_c.a(stdio.o)
 .comment       0x0000014c       0x6f c:/nxp/lpcxpresso_8.2.2_650/lpcxpresso/tools/bin/../lib/gcc/arm-none-eabi/5.4.1/../../../../arm-none-eabi/lib/armv7e-m/softfp\libcr_c.a(strlen.o)
 .comment       0x0000014c       0x6f c:/nxp/lpcxpresso_8.2.2_650/lpcxpresso/tools/bin/../lib/gcc/arm-none-eabi/5.4.1/../../../../arm-none-eabi/lib/armv7e-m/softfp\libcr_c.a(memset.o)
 .comment       0x0000014c       0x6f c:/nxp/lpcxpresso_8.2.2_650/lpcxpresso/tools/bin/../lib/gcc/arm-none-eabi/5.4.1/../../../../arm-none-eabi/lib/armv7e-m/softfp\libcr_c.a(_deferredlazyseek.o)
 .comment       0x0000014c       0x6f c:/nxp/lpcxpresso_8.2.2_650/lpcxpresso/tools/bin/../lib/gcc/arm-none-eabi/5.4.1/../../../../arm-none-eabi/lib/armv7e-m/softfp\libcr_c.a(_fdopen.o)
 .comment       0x0000014c       0x6f c:/nxp/lpcxpresso_8.2.2_650/lpcxpresso/tools/bin/../lib/gcc/arm-none-eabi/5.4.1/../../../../arm-none-eabi/lib/armv7e-m/softfp\libcr_c.a(_fflush.o)
 .comment       0x0000014c       0x6f c:/nxp/lpcxpresso_8.2.2_650/lpcxpresso/tools/bin/../lib/gcc/arm-none-eabi/5.4.1/../../../../arm-none-eabi/lib/armv7e-m/softfp\libcr_c.a(_frexpl.o)
 .comment       0x0000014c       0x6f c:/nxp/lpcxpresso_8.2.2_650/lpcxpresso/tools/bin/../lib/gcc/arm-none-eabi/5.4.1/../../../../arm-none-eabi/lib/armv7e-m/softfp\libcr_c.a(_ldexpl.o)
 .comment       0x0000014c       0x6f c:/nxp/lpcxpresso_8.2.2_650/lpcxpresso/tools/bin/../lib/gcc/arm-none-eabi/5.4.1/../../../../arm-none-eabi/lib/armv7e-m/softfp\libcr_c.a(_writebuf.o)
 .comment       0x0000014c       0x6f c:/nxp/lpcxpresso_8.2.2_650/lpcxpresso/tools/bin/../lib/gcc/arm-none-eabi/5.4.1/../../../../arm-none-eabi/lib/armv7e-m/softfp\libcr_c.a(alloc.o)
 .comment       0x0000014c       0x6f c:/nxp/lpcxpresso_8.2.2_650/lpcxpresso/tools/bin/../lib/gcc/arm-none-eabi/5.4.1/../../../../arm-none-eabi/lib/armv7e-m/softfp\libcr_c.a(errno.o)
 .comment       0x0000014c       0x6f c:/nxp/lpcxpresso_8.2.2_650/lpcxpresso/tools/bin/../lib/gcc/arm-none-eabi/5.4.1/../../../../arm-none-eabi/lib/armv7e-m/softfp\libcr_c.a(fclose.o)
 .comment       0x0000014c       0x6f c:/nxp/lpcxpresso_8.2.2_650/lpcxpresso/tools/bin/../lib/gcc/arm-none-eabi/5.4.1/../../../../arm-none-eabi/lib/armv7e-m/softfp\libcr_c.a(fflush.o)
 .comment       0x0000014c       0x6f c:/nxp/lpcxpresso_8.2.2_650/lpcxpresso/tools/bin/../lib/gcc/arm-none-eabi/5.4.1/../../../../arm-none-eabi/lib/armv7e-m/softfp\libcr_c.a(fseek.o)
 .comment       0x0000014c       0x6f c:/nxp/lpcxpresso_8.2.2_650/lpcxpresso/tools/bin/../lib/gcc/arm-none-eabi/5.4.1/../../../../arm-none-eabi/lib/armv7e-m/softfp\libcr_c.a(ftell.o)
 .comment       0x0000014c       0x6f c:/nxp/lpcxpresso_8.2.2_650/lpcxpresso/tools/bin/../lib/gcc/arm-none-eabi/5.4.1/../../../../arm-none-eabi/lib/armv7e-m/softfp\libcr_c.a(remove.o)
 .comment       0x0000014c       0x6f c:/nxp/lpcxpresso_8.2.2_650/lpcxpresso/tools/bin/../lib/gcc/arm-none-eabi/5.4.1/../../../../arm-none-eabi/lib/armv7e-m/softfp\libcr_c.a(__init_alloc.o)
 .comment       0x0000014c       0x6f c:/nxp/lpcxpresso_8.2.2_650/lpcxpresso/tools/bin/../lib/gcc/arm-none-eabi/5.4.1/../../../../arm-none-eabi/lib/armv7e-m/softfp\libcr_c.a(_cr_sbrk.o)
 .comment       0x0000014c       0x6f c:/nxp/lpcxpresso_8.2.2_650/lpcxpresso/tools/bin/../lib/gcc/arm-none-eabi/5.4.1/../../../../arm-none-eabi/lib/armv7e-m/softfp\libcr_c.a(_do_fflush.o)
 .comment       0x0000014c       0x6f c:/nxp/lpcxpresso_8.2.2_650/lpcxpresso/tools/bin/../lib/gcc/arm-none-eabi/5.4.1/../../../../arm-none-eabi/lib/armv7e-m/softfp\libcr_c.a(_hugeval.o)
 .comment       0x0000014c       0x6f c:/nxp/lpcxpresso_8.2.2_650/lpcxpresso/tools/bin/../lib/gcc/arm-none-eabi/5.4.1/../../../../arm-none-eabi/lib/armv7e-m/softfp\libcr_c.a(_cr_check_heap.o)
 .comment       0x0000014c       0x6f c:/nxp/lpcxpresso_8.2.2_650/lpcxpresso/tools/bin/../lib/gcc/arm-none-eabi/5.4.1/armv7e-m/softfp\libcr_eabihelpers.a(double.o)
 .comment       0x0000014c       0x6f c:/nxp/lpcxpresso_8.2.2_650/lpcxpresso/tools/bin/../lib/gcc/arm-none-eabi/5.4.1/armv7e-m/softfp\libcr_eabihelpers.a(float.o)

.ARM.attributes
                0x00000000       0x35
 .ARM.attributes
                0x00000000       0x37 ./src/cr_startup_lpc5410x.o
 .ARM.attributes
                0x00000037       0x37 ./src/crp.o
 .ARM.attributes
                0x0000006e       0x37 ./src/periph_i2cm_interrupt.o
 .ARM.attributes
                0x000000a5       0x37 ./src/sysinit.o
 .ARM.attributes
                0x000000dc       0x37 C:\nxp\Good_Workspace\lpc_board_lpcxpresso_54102\Debug\liblpc_board_lpcxpresso_54102.a(board.o)
 .ARM.attributes
                0x00000113       0x37 C:\nxp\Good_Workspace\lpc_board_lpcxpresso_54102\Debug\liblpc_board_lpcxpresso_54102.a(board_sysinit.o)
 .ARM.attributes
                0x0000014a       0x37 C:\nxp\Good_Workspace\lpc_chip_5410x\Debug\liblpc_chip_5410x.a(chip_5410x.o)
 .ARM.attributes
                0x00000181       0x37 C:\nxp\Good_Workspace\lpc_chip_5410x\Debug\liblpc_chip_5410x.a(clock_5410x.o)
 .ARM.attributes
                0x000001b8       0x37 C:\nxp\Good_Workspace\lpc_chip_5410x\Debug\liblpc_chip_5410x.a(fpu_init.o)
 .ARM.attributes
                0x000001ef       0x37 C:\nxp\Good_Workspace\lpc_chip_5410x\Debug\liblpc_chip_5410x.a(gpio_5410x.o)
 .ARM.attributes
                0x00000226       0x37 C:\nxp\Good_Workspace\lpc_chip_5410x\Debug\liblpc_chip_5410x.a(i2cm_5410x.o)
 .ARM.attributes
                0x0000025d       0x37 C:\nxp\Good_Workspace\lpc_chip_5410x\Debug\liblpc_chip_5410x.a(iocon_5410x.o)
 .ARM.attributes
                0x00000294       0x37 C:\nxp\Good_Workspace\lpc_chip_5410x\Debug\liblpc_chip_5410x.a(pll_5410x.o)
 .ARM.attributes
                0x000002cb       0x37 C:\nxp\Good_Workspace\lpc_chip_5410x\Debug\liblpc_chip_5410x.a(syscon_5410x.o)
 .ARM.attributes
                0x00000302       0x37 C:\nxp\Good_Workspace\lpc_chip_5410x\Debug\liblpc_chip_5410x.a(sysinit_5410x.o)
 .ARM.attributes
                0x00000339       0x37 C:\nxp\Good_Workspace\lpc_chip_5410x\libs\libpower.a(power_library.o)
 .ARM.attributes
                0x00000370       0x37 c:/nxp/lpcxpresso_8.2.2_650/lpcxpresso/tools/bin/../lib/gcc/arm-none-eabi/5.4.1/../../../../arm-none-eabi/lib/armv7e-m/softfp\libcr_semihost.a(_cr__main.o)
 .ARM.attributes
                0x000003a7       0x37 c:/nxp/lpcxpresso_8.2.2_650/lpcxpresso/tools/bin/../lib/gcc/arm-none-eabi/5.4.1/../../../../arm-none-eabi/lib/armv7e-m/softfp\libcr_c.a(fpprintf.o)
 .ARM.attributes
                0x000003de       0x37 c:/nxp/lpcxpresso_8.2.2_650/lpcxpresso/tools/bin/../lib/gcc/arm-none-eabi/5.4.1/../../../../arm-none-eabi/lib/armv7e-m/softfp\libcr_c.a(initio.o)
 .ARM.attributes
                0x00000415       0x37 c:/nxp/lpcxpresso_8.2.2_650/lpcxpresso/tools/bin/../lib/gcc/arm-none-eabi/5.4.1/../../../../arm-none-eabi/lib/armv7e-m/softfp\libcr_c.a(printf.o)
 .ARM.attributes
                0x0000044c       0x37 c:/nxp/lpcxpresso_8.2.2_650/lpcxpresso/tools/bin/../lib/gcc/arm-none-eabi/5.4.1/../../../../arm-none-eabi/lib/armv7e-m/softfp\libcr_c.a(setvbuf.o)
 .ARM.attributes
                0x00000483       0x37 c:/nxp/lpcxpresso_8.2.2_650/lpcxpresso/tools/bin/../lib/gcc/arm-none-eabi/5.4.1/../../../../arm-none-eabi/lib/armv7e-m/softfp\libcr_c.a(stdio.o)
 .ARM.attributes
                0x000004ba       0x37 c:/nxp/lpcxpresso_8.2.2_650/lpcxpresso/tools/bin/../lib/gcc/arm-none-eabi/5.4.1/../../../../arm-none-eabi/lib/armv7e-m/softfp\libcr_c.a(strlen.o)
 .ARM.attributes
                0x000004f1       0x37 c:/nxp/lpcxpresso_8.2.2_650/lpcxpresso/tools/bin/../lib/gcc/arm-none-eabi/5.4.1/../../../../arm-none-eabi/lib/armv7e-m/softfp\libcr_c.a(memset.o)
 .ARM.attributes
                0x00000528       0x37 c:/nxp/lpcxpresso_8.2.2_650/lpcxpresso/tools/bin/../lib/gcc/arm-none-eabi/5.4.1/../../../../arm-none-eabi/lib/armv7e-m/softfp\libcr_c.a(_deferredlazyseek.o)
 .ARM.attributes
                0x0000055f       0x37 c:/nxp/lpcxpresso_8.2.2_650/lpcxpresso/tools/bin/../lib/gcc/arm-none-eabi/5.4.1/../../../../arm-none-eabi/lib/armv7e-m/softfp\libcr_c.a(_fdopen.o)
 .ARM.attributes
                0x00000596       0x37 c:/nxp/lpcxpresso_8.2.2_650/lpcxpresso/tools/bin/../lib/gcc/arm-none-eabi/5.4.1/../../../../arm-none-eabi/lib/armv7e-m/softfp\libcr_c.a(_fflush.o)
 .ARM.attributes
                0x000005cd       0x37 c:/nxp/lpcxpresso_8.2.2_650/lpcxpresso/tools/bin/../lib/gcc/arm-none-eabi/5.4.1/../../../../arm-none-eabi/lib/armv7e-m/softfp\libcr_c.a(_frexpl.o)
 .ARM.attributes
                0x00000604       0x37 c:/nxp/lpcxpresso_8.2.2_650/lpcxpresso/tools/bin/../lib/gcc/arm-none-eabi/5.4.1/../../../../arm-none-eabi/lib/armv7e-m/softfp\libcr_c.a(_ldexpl.o)
 .ARM.attributes
                0x0000063b       0x37 c:/nxp/lpcxpresso_8.2.2_650/lpcxpresso/tools/bin/../lib/gcc/arm-none-eabi/5.4.1/../../../../arm-none-eabi/lib/armv7e-m/softfp\libcr_c.a(_writebuf.o)
 .ARM.attributes
                0x00000672       0x37 c:/nxp/lpcxpresso_8.2.2_650/lpcxpresso/tools/bin/../lib/gcc/arm-none-eabi/5.4.1/../../../../arm-none-eabi/lib/armv7e-m/softfp\libcr_c.a(alloc.o)
 .ARM.attributes
                0x000006a9       0x37 c:/nxp/lpcxpresso_8.2.2_650/lpcxpresso/tools/bin/../lib/gcc/arm-none-eabi/5.4.1/../../../../arm-none-eabi/lib/armv7e-m/softfp\libcr_c.a(errno.o)
 .ARM.attributes
                0x000006e0       0x37 c:/nxp/lpcxpresso_8.2.2_650/lpcxpresso/tools/bin/../lib/gcc/arm-none-eabi/5.4.1/../../../../arm-none-eabi/lib/armv7e-m/softfp\libcr_c.a(fclose.o)
 .ARM.attributes
                0x00000717       0x37 c:/nxp/lpcxpresso_8.2.2_650/lpcxpresso/tools/bin/../lib/gcc/arm-none-eabi/5.4.1/../../../../arm-none-eabi/lib/armv7e-m/softfp\libcr_c.a(fflush.o)
 .ARM.attributes
                0x0000074e       0x37 c:/nxp/lpcxpresso_8.2.2_650/lpcxpresso/tools/bin/../lib/gcc/arm-none-eabi/5.4.1/../../../../arm-none-eabi/lib/armv7e-m/softfp\libcr_c.a(fseek.o)
 .ARM.attributes
                0x00000785       0x37 c:/nxp/lpcxpresso_8.2.2_650/lpcxpresso/tools/bin/../lib/gcc/arm-none-eabi/5.4.1/../../../../arm-none-eabi/lib/armv7e-m/softfp\libcr_c.a(ftell.o)
 .ARM.attributes
                0x000007bc       0x37 c:/nxp/lpcxpresso_8.2.2_650/lpcxpresso/tools/bin/../lib/gcc/arm-none-eabi/5.4.1/../../../../arm-none-eabi/lib/armv7e-m/softfp\libcr_c.a(remove.o)
 .ARM.attributes
                0x000007f3       0x37 c:/nxp/lpcxpresso_8.2.2_650/lpcxpresso/tools/bin/../lib/gcc/arm-none-eabi/5.4.1/../../../../arm-none-eabi/lib/armv7e-m/softfp\libcr_c.a(__init_alloc.o)
 .ARM.attributes
                0x0000082a       0x37 c:/nxp/lpcxpresso_8.2.2_650/lpcxpresso/tools/bin/../lib/gcc/arm-none-eabi/5.4.1/../../../../arm-none-eabi/lib/armv7e-m/softfp\libcr_c.a(_cr_sbrk.o)
 .ARM.attributes
                0x00000861       0x37 c:/nxp/lpcxpresso_8.2.2_650/lpcxpresso/tools/bin/../lib/gcc/arm-none-eabi/5.4.1/../../../../arm-none-eabi/lib/armv7e-m/softfp\libcr_c.a(_do_fflush.o)
 .ARM.attributes
                0x00000898       0x37 c:/nxp/lpcxpresso_8.2.2_650/lpcxpresso/tools/bin/../lib/gcc/arm-none-eabi/5.4.1/../../../../arm-none-eabi/lib/armv7e-m/softfp\libcr_c.a(_hugeval.o)
 .ARM.attributes
                0x000008cf       0x37 c:/nxp/lpcxpresso_8.2.2_650/lpcxpresso/tools/bin/../lib/gcc/arm-none-eabi/5.4.1/../../../../arm-none-eabi/lib/armv7e-m/softfp\libcr_c.a(_cr_check_heap.o)
 .ARM.attributes
                0x00000906       0x25 c:/nxp/lpcxpresso_8.2.2_650/lpcxpresso/tools/bin/../lib/gcc/arm-none-eabi/5.4.1/armv7e-m/softfp\libcr_eabihelpers.a(division_64.o)
 .ARM.attributes
                0x0000092b       0x25 c:/nxp/lpcxpresso_8.2.2_650/lpcxpresso/tools/bin/../lib/gcc/arm-none-eabi/5.4.1/armv7e-m/softfp\libcr_eabihelpers.a(division_idiv0.o)
 .ARM.attributes
                0x00000950       0x37 c:/nxp/lpcxpresso_8.2.2_650/lpcxpresso/tools/bin/../lib/gcc/arm-none-eabi/5.4.1/armv7e-m/softfp\libcr_eabihelpers.a(double.o)
 .ARM.attributes
                0x00000987       0x37 c:/nxp/lpcxpresso_8.2.2_650/lpcxpresso/tools/bin/../lib/gcc/arm-none-eabi/5.4.1/armv7e-m/softfp\libcr_eabihelpers.a(float.o)
 .ARM.attributes
                0x000009be       0x25 c:/nxp/lpcxpresso_8.2.2_650/lpcxpresso/tools/bin/../lib/gcc/arm-none-eabi/5.4.1/armv7e-m/softfp\libcr_eabihelpers.a(memcpy.o)
 .ARM.attributes
                0x000009e3       0x25 c:/nxp/lpcxpresso_8.2.2_650/lpcxpresso/tools/bin/../lib/gcc/arm-none-eabi/5.4.1/../../../../arm-none-eabi/lib/armv7e-m/softfp\libcr_semihost.a(__sys_appexit.o)
 .ARM.attributes
                0x00000a08       0x25 c:/nxp/lpcxpresso_8.2.2_650/lpcxpresso/tools/bin/../lib/gcc/arm-none-eabi/5.4.1/../../../../arm-none-eabi/lib/armv7e-m/softfp\libcr_semihost.a(__sys_close.o)
 .ARM.attributes
                0x00000a2d       0x25 c:/nxp/lpcxpresso_8.2.2_650/lpcxpresso/tools/bin/../lib/gcc/arm-none-eabi/5.4.1/../../../../arm-none-eabi/lib/armv7e-m/softfp\libcr_semihost.a(__sys_flen.o)
 .ARM.attributes
                0x00000a52       0x25 c:/nxp/lpcxpresso_8.2.2_650/lpcxpresso/tools/bin/../lib/gcc/arm-none-eabi/5.4.1/../../../../arm-none-eabi/lib/armv7e-m/softfp\libcr_semihost.a(__sys_istty.o)
 .ARM.attributes
                0x00000a77       0x25 c:/nxp/lpcxpresso_8.2.2_650/lpcxpresso/tools/bin/../lib/gcc/arm-none-eabi/5.4.1/../../../../arm-none-eabi/lib/armv7e-m/softfp\libcr_semihost.a(__sys_remove.o)
 .ARM.attributes
                0x00000a9c       0x25 c:/nxp/lpcxpresso_8.2.2_650/lpcxpresso/tools/bin/../lib/gcc/arm-none-eabi/5.4.1/../../../../arm-none-eabi/lib/armv7e-m/softfp\libcr_semihost.a(__sys_seek.o)
 .ARM.attributes
                0x00000ac1       0x25 c:/nxp/lpcxpresso_8.2.2_650/lpcxpresso/tools/bin/../lib/gcc/arm-none-eabi/5.4.1/../../../../arm-none-eabi/lib/armv7e-m/softfp\libcr_semihost.a(__sys_tmpnam.o)
 .ARM.attributes
                0x00000ae6       0x25 c:/nxp/lpcxpresso_8.2.2_650/lpcxpresso/tools/bin/../lib/gcc/arm-none-eabi/5.4.1/../../../../arm-none-eabi/lib/armv7e-m/softfp\libcr_semihost.a(__sys_write.o)

.debug_frame    0x00000000     0x1718
 .debug_frame   0x00000000      0x170 ./src/cr_startup_lpc5410x.o
 .debug_frame   0x00000170      0x294 ./src/periph_i2cm_interrupt.o
 .debug_frame   0x00000404       0x2c ./src/sysinit.o
 .debug_frame   0x00000430      0x278 C:\nxp\Good_Workspace\lpc_board_lpcxpresso_54102\Debug\liblpc_board_lpcxpresso_54102.a(board.o)
 .debug_frame   0x000006a8      0x130 C:\nxp\Good_Workspace\lpc_board_lpcxpresso_54102\Debug\liblpc_board_lpcxpresso_54102.a(board_sysinit.o)
 .debug_frame   0x000007d8       0x2c C:\nxp\Good_Workspace\lpc_chip_5410x\Debug\liblpc_chip_5410x.a(chip_5410x.o)
 .debug_frame   0x00000804      0x3d8 C:\nxp\Good_Workspace\lpc_chip_5410x\Debug\liblpc_chip_5410x.a(clock_5410x.o)
 .debug_frame   0x00000bdc       0x38 C:\nxp\Good_Workspace\lpc_chip_5410x\Debug\liblpc_chip_5410x.a(fpu_init.o)
 .debug_frame   0x00000c14      0x190 C:\nxp\Good_Workspace\lpc_chip_5410x\Debug\liblpc_chip_5410x.a(gpio_5410x.o)
 .debug_frame   0x00000da4      0x254 C:\nxp\Good_Workspace\lpc_chip_5410x\Debug\liblpc_chip_5410x.a(i2cm_5410x.o)
 .debug_frame   0x00000ff8       0x5c C:\nxp\Good_Workspace\lpc_chip_5410x\Debug\liblpc_chip_5410x.a(iocon_5410x.o)
 .debug_frame   0x00001054      0x3e0 C:\nxp\Good_Workspace\lpc_chip_5410x\Debug\liblpc_chip_5410x.a(pll_5410x.o)
 .debug_frame   0x00001434      0x15c C:\nxp\Good_Workspace\lpc_chip_5410x\Debug\liblpc_chip_5410x.a(syscon_5410x.o)
 .debug_frame   0x00001590      0x188 C:\nxp\Good_Workspace\lpc_chip_5410x\Debug\liblpc_chip_5410x.a(sysinit_5410x.o)
