Archive member included to satisfy reference by file (symbol)

C:\nxp\Good_Workspace\lpc_board_lpcxpresso_54102\Debug\liblpc_board_lpcxpresso_54102.a(board.o)
                              ./src/adc.o (Board_Init)
C:\nxp\Good_Workspace\lpc_board_lpcxpresso_54102\Debug\liblpc_board_lpcxpresso_54102.a(board_sysinit.o)
                              ./src/sysinit.o (Board_SystemInit)
C:\nxp\Good_Workspace\lpc_chip_5410x\Debug\liblpc_chip_5410x.a(adc_5410x.o)
                              ./src/adc.o (Chip_ADC_Init)
C:\nxp\Good_Workspace\lpc_chip_5410x\Debug\liblpc_chip_5410x.a(chip_5410x.o)
                              ./src/adc.o (SystemCoreClock)
C:\nxp\Good_Workspace\lpc_chip_5410x\Debug\liblpc_chip_5410x.a(clock_5410x.o)
                              C:\nxp\Good_Workspace\lpc_board_lpcxpresso_54102\Debug\liblpc_board_lpcxpresso_54102.a(board_sysinit.o) (Chip_Clock_SetCLKOUTSource)
C:\nxp\Good_Workspace\lpc_chip_5410x\Debug\liblpc_chip_5410x.a(fpu_init.o)
                              ./src/sysinit.o (fpuInit)
C:\nxp\Good_Workspace\lpc_chip_5410x\Debug\liblpc_chip_5410x.a(gpio_5410x.o)
                              ./src/adc.o (Chip_GPIO_Init)
C:\nxp\Good_Workspace\lpc_chip_5410x\Debug\liblpc_chip_5410x.a(iocon_5410x.o)
                              C:\nxp\Good_Workspace\lpc_board_lpcxpresso_54102\Debug\liblpc_board_lpcxpresso_54102.a(board_sysinit.o) (Chip_IOCON_SetPinMuxing)
C:\nxp\Good_Workspace\lpc_chip_5410x\Debug\liblpc_chip_5410x.a(pll_5410x.o)
                              C:\nxp\Good_Workspace\lpc_chip_5410x\Debug\liblpc_chip_5410x.a(clock_5410x.o) (Chip_Clock_GetSystemPLLInClockRate)
C:\nxp\Good_Workspace\lpc_chip_5410x\Debug\liblpc_chip_5410x.a(syscon_5410x.o)
                              C:\nxp\Good_Workspace\lpc_chip_5410x\Debug\liblpc_chip_5410x.a(gpio_5410x.o) (Chip_SYSCON_PeriphReset)
C:\nxp\Good_Workspace\lpc_chip_5410x\Debug\liblpc_chip_5410x.a(sysinit_5410x.o)
                              C:\nxp\Good_Workspace\lpc_board_lpcxpresso_54102\Debug\liblpc_board_lpcxpresso_54102.a(board_sysinit.o) (Chip_SetupIrcClocking)
C:\nxp\Good_Workspace\lpc_chip_5410x\Debug\liblpc_chip_5410x.a(uart_5410x.o)
                              C:\nxp\Good_Workspace\lpc_board_lpcxpresso_54102\Debug\liblpc_board_lpcxpresso_54102.a(board.o) (Chip_UART_Init)
C:\nxp\Good_Workspace\lpc_chip_5410x\Debug\liblpc_chip_5410x.a(ring_buffer.o)
                              C:\nxp\Good_Workspace\lpc_chip_5410x\Debug\liblpc_chip_5410x.a(uart_5410x.o) (RingBuffer_Insert)
C:\nxp\Good_Workspace\lpc_chip_5410x\libs\libpower.a(power_library.o)
                              C:\nxp\Good_Workspace\lpc_chip_5410x\Debug\liblpc_chip_5410x.a(pll_5410x.o) (Chip_POWER_SetVoltage)
c:/nxp/lpcxpresso_8.2.2_650/lpcxpresso/tools/bin/../lib/gcc/arm-none-eabi/5.4.1/../../../../arm-none-eabi/lib/armv7e-m/softfp\libcr_semihost.a(_cr__main.o)
                              ./src/cr_startup_lpc5410x.o (__main)
c:/nxp/lpcxpresso_8.2.2_650/lpcxpresso/tools/bin/../lib/gcc/arm-none-eabi/5.4.1/../../../../arm-none-eabi/lib/armv7e-m/softfp\libcr_c.a(memcpy.o)
                              C:\nxp\Good_Workspace\lpc_chip_5410x\Debug\liblpc_chip_5410x.a(ring_buffer.o) (memcpy)
c:/nxp/lpcxpresso_8.2.2_650/lpcxpresso/tools/bin/../lib/gcc/arm-none-eabi/5.4.1/../../../../arm-none-eabi/lib/armv7e-m/softfp\libcr_c.a(fpprintf.o)
                              ./src/adc.o (printf)
c:/nxp/lpcxpresso_8.2.2_650/lpcxpresso/tools/bin/../lib/gcc/arm-none-eabi/5.4.1/../../../../arm-none-eabi/lib/armv7e-m/softfp\libcr_c.a(initio.o)
                              c:/nxp/lpcxpresso_8.2.2_650/lpcxpresso/tools/bin/../lib/gcc/arm-none-eabi/5.4.1/../../../../arm-none-eabi/lib/armv7e-m/softfp\libcr_semihost.a(_cr__main.o) (_initio)
c:/nxp/lpcxpresso_8.2.2_650/lpcxpresso/tools/bin/../lib/gcc/arm-none-eabi/5.4.1/../../../../arm-none-eabi/lib/armv7e-m/softfp\libcr_c.a(printf.o)
                              c:/nxp/lpcxpresso_8.2.2_650/lpcxpresso/tools/bin/../lib/gcc/arm-none-eabi/5.4.1/../../../../arm-none-eabi/lib/armv7e-m/softfp\libcr_c.a(fpprintf.o) (__vfprintf)
c:/nxp/lpcxpresso_8.2.2_650/lpcxpresso/tools/bin/../lib/gcc/arm-none-eabi/5.4.1/../../../../arm-none-eabi/lib/armv7e-m/softfp\libcr_c.a(setvbuf.o)
                              c:/nxp/lpcxpresso_8.2.2_650/lpcxpresso/tools/bin/../lib/gcc/arm-none-eabi/5.4.1/../../../../arm-none-eabi/lib/armv7e-m/softfp\libcr_c.a(initio.o) (setvbuf)
c:/nxp/lpcxpresso_8.2.2_650/lpcxpresso/tools/bin/../lib/gcc/arm-none-eabi/5.4.1/../../../../arm-none-eabi/lib/armv7e-m/softfp\libcr_c.a(stdio.o)
                              c:/nxp/lpcxpresso_8.2.2_650/lpcxpresso/tools/bin/../lib/gcc/arm-none-eabi/5.4.1/../../../../arm-none-eabi/lib/armv7e-m/softfp\libcr_c.a(fpprintf.o) (__Ciob)
c:/nxp/lpcxpresso_8.2.2_650/lpcxpresso/tools/bin/../lib/gcc/arm-none-eabi/5.4.1/../../../../arm-none-eabi/lib/armv7e-m/softfp\libcr_c.a(strlen.o)
[...]
Memory Configuration

Name             Origin             Length             Attributes
MFlash512        0x00000000         0x00080000         xr
Ram0_64          0x02000000         0x00010000         xrw
Ram1_32          0x02010000         0x00008000         xrw
Ram2_8           0x03400000         0x00002000         xrw
*default*        0x00000000         0xffffffff

Linker script and memory map

LOAD ./src/adc.o
LOAD ./src/cr_startup_lpc5410x.o
LOAD ./src/crp.o
LOAD ./src/sysinit.o
LOAD C:\nxp\Good_Workspace\lpc_board_lpcxpresso_54102\Debug\liblpc_board_lpcxpresso_54102.a
LOAD C:\nxp\Good_Workspace\lpc_chip_5410x\Debug\liblpc_chip_5410x.a
LOAD C:\nxp\Good_Workspace\lpc_chip_5410x\libs\libpower.a
START GROUP
LOAD c:/nxp/lpcxpresso_8.2.2_650/lpcxpresso/tools/bin/../lib/gcc/arm-none-eabi/5.4.1/../../../../arm-none-eabi/lib/armv7e-m/softfp\libcr_semihost.a
LOAD c:/nxp/lpcxpresso_8.2.2_650/lpcxpresso/tools/bin/../lib/gcc/arm-none-eabi/5.4.1/../../../../arm-none-eabi/lib/armv7e-m/softfp\libcr_c.a
LOAD c:/nxp/lpcxpresso_8.2.2_650/lpcxpresso/tools/bin/../lib/gcc/arm-none-eabi/5.4.1/armv7e-m/softfp\libcr_eabihelpers.a
END GROUP
                0x00000000                __base_MFlash512 = 0x0
                0x00000000                __base_Flash = 0x0
                0x00080000                __top_MFlash512 = 0x80000
                0x00080000                __top_Flash = 0x80000
                0x02000000                __base_Ram0_64 = 0x2000000
                0x02000000                __base_RAM = 0x2000000
                0x02010000                __top_Ram0_64 = 0x2010000
                0x02010000                __top_RAM = 0x2010000
                0x02010000                __base_Ram1_32 = 0x2010000
                0x02010000                __base_RAM2 = 0x2010000
                0x02018000                __top_Ram1_32 = 0x2018000
                0x02018000                __top_RAM2 = 0x2018000
                0x03400000                __base_Ram2_8 = 0x3400000
                0x03400000                __base_RAM3 = 0x3400000
                0x03402000                __top_Ram2_8 = 0x3402000
                0x03402000                __top_RAM3 = 0x3402000

.text           0x00000000     0x4fe0
 FILL mask 0xff
                0x00000000                __vectors_start__ = ABSOLUTE (.)
 *(.isr_vector)
 .isr_vector    0x00000000       0xf4 ./src/cr_startup_lpc5410x.o
                0x00000000                g_pfnVectors
                0x000000f4                . = ALIGN (0x4)
                0x000000f4                __section_table_start = .
                0x000000f4                __data_section_table = .
                0x000000f4        0x4 LONG 0x4fe0 LOADADDR (.data)
                0x000000f8        0x4 LONG 0x2000000 ADDR (.data)
                0x000000fc        0x4 LONG 0x4 SIZEOF (.data)
                0x00000100        0x4 LONG 0x4fe0 LOADADDR (.data_RAM2)
                0x00000104        0x4 LONG 0x2010000 ADDR (.data_RAM2)
                0x00000108        0x4 LONG 0x0 SIZEOF (.data_RAM2)
                0x0000010c        0x4 LONG 0x4fe0 LOADADDR (.data_RAM3)
                0x00000110        0x4 LONG 0x3400000 ADDR (.data_RAM3)
                0x00000114        0x4 LONG 0x0 SIZEOF (.data_RAM3)
                0x00000118                __data_section_table_end = .
                0x00000118                __bss_section_table = .
                0x00000118        0x4 LONG 0x2000004 ADDR (.bss)
                0x0000011c        0x4 LONG 0x164 SIZEOF (.bss)
                0x00000120        0x4 LONG 0x2010000 ADDR (.bss_RAM2)
                0x00000124        0x4 LONG 0x0 SIZEOF (.bss_RAM2)
                0x00000128        0x4 LONG 0x3400000 ADDR (.bss_RAM3)
                0x0000012c        0x4 LONG 0x0 SIZEOF (.bss_RAM3)
                0x00000130                __bss_section_table_end = .
                0x00000130                __section_table_end = .
 *(.after_vectors*)
 .after_vectors
                0x00000130       0xcc ./src/cr_startup_lpc5410x.o
                0x00000130                data_init
                0x00000174                bss_init
                0x000001ac                NMI_Handler
                0x000001b4                HardFault_Handler
                0x000001bc                MemManage_Handler
                0x000001c4                BusFault_Handler
                0x000001cc                UsageFault_Handler
                0x000001d4                SVC_Handler
                0x000001dc                DebugMon_Handler
                0x000001e4                PendSV_Handler
                0x000001f4                UART0_IRQHandler
                0x000001f4                MRT_IRQHandler
                0x000001f4                Reserved42_IRQHandler
                0x000001f4                ADC_SEQB_IRQHandler
                0x000001f4                UART1_IRQHandler
                0x000001f4                SPI1_IRQHandler
                0x000001f4                CT32B2_IRQHandler
                0x000001f4                PIN_INT6_IRQHandler
                0x000001f4                IntDefaultHandler
                0x000001f4                PIN_INT4_IRQHandler
                0x000001f4                I2C0_IRQHandler
                0x000001f4                Reserved43_IRQHandler
                0x000001f4                RTC_IRQHandler
                0x000001f4                CT32B3_IRQHandler
                0x000001f4                RIT_IRQHandler
                0x000001f4                UART2_IRQHandler
                0x000001f4                CT32B1_IRQHandler
                0x000001f4                PIN_INT5_IRQHandler
                0x000001f4                PIN_INT2_IRQHandler
                0x000001f4                PIN_INT7_IRQHandler
                0x000001f4                PIN_INT1_IRQHandler
                0x000001f4                BOD_IRQHandler
                0x000001f4                CT32B4_IRQHandler
                0x000001f4                IOH_IRQHandler
                0x000001f4                SPI2_IRQHandler
                0x000001f4                Reserved41_IRQHandler
                0x000001f4                I2C1_IRQHandler
                0x000001f4                MAILBOX_IRQHandler
                0x000001f4                WDT_IRQHandler
                0x000001f4                I2C2_IRQHandler
                0x000001f4                PIN_INT0_IRQHandler
                0x000001f4                UTICK_IRQHandler
                0x000001f4                CT32B0_IRQHandler
                0x000001f4                GINT0_IRQHandler
                0x000001f4                SPI0_IRQHandler
                0x000001f4                Reserved_IRQHandler
                0x000001f4                Reserved44_IRQHandler
                0x000001f4                DMA_IRQHandler
                0x000001f4                PIN_INT3_IRQHandler
                0x000001f4                SCT0_IRQHandler
                0x000001f4                SPI3_IRQHandler
                0x000001f4                UART3_IRQHandler
                0x000001f4                GINT1_IRQHandler
 .after_vectors.reset
                0x000001fc       0xcc ./src/cr_startup_lpc5410x.o
                0x000001fc                ResetISR
                0x000002fc                . = 0x2fc
 *fill*         0x000002c8       0x34 ff
                0x000002fc                PROVIDE (__CRP_WORD_START__, .)
 *(.crp)
 .crp           0x000002fc        0x4 ./src/crp.o
                0x000002fc                CRP_WORD
                0x00000300                PROVIDE (__CRP_WORD_END__, .)
                0x00000001                ASSERT (! ((__CRP_WORD_START__ == __CRP_WORD_END__)), Linker CRP Enabled, but no CRP_WORD provided within application)
 *(.text*)
 .text.NVIC_EnableIRQ
                0x00000300       0x34 ./src/adc.o
 .text.NVIC_SetPriority
                0x00000334       0x54 ./src/adc.o
 .text.SysTick_Config
                0x00000388       0x44 ./src/adc.o
 .text.Chip_IOCON_PinMuxSet
                0x000003cc       0x30 ./src/adc.o
 .text.Chip_GPIO_SetPinState
                0x000003fc       0x38 ./src/adc.o
 .text.Chip_GPIO_SetPinDIROutput
                0x00000434       0x40 ./src/adc.o
 .text.Chip_GPIO_SetPinToggle
                0x00000474       0x34 ./src/adc.o
 .text.Chip_ADC_SetIntBits
                0x000004a8       0x28 ./src/adc.o
 .text.Chip_ADC_ClearIntBits
                0x000004d0       0x28 ./src/adc.o
 .text.Chip_ADC_ClearTHRSELBits
                0x000004f8       0x28 ./src/adc.o
 .text.Chip_ADC_SetSequencerBits
                0x00000520       0x38 ./src/adc.o
 .text.Chip_ADC_ClearSequencerBits
                0x00000558       0x38 ./src/adc.o
 .text.Chip_ADC_SetupSequencer
                0x00000590       0x28 ./src/adc.o
 .text.Chip_ADC_EnableSequencer
                0x000005b8       0x24 ./src/adc.o
 .text.Chip_ADC_StartSequencer
                0x000005dc       0x30 ./src/adc.o
 .text.Chip_ADC_GetDataReg
                0x0000060c       0x24 ./src/adc.o
 .text.Chip_ADC_SetThrLowValue
                0x00000630       0x2c ./src/adc.o
 .text.Chip_ADC_SetThrHighValue
                0x0000065c       0x2c ./src/adc.o
 .text.Chip_ADC_SelectTH0Channels
                0x00000688       0x1c ./src/adc.o
 .text.Chip_ADC_EnableInt
                0x000006a4       0x1c ./src/adc.o
 .text.Chip_ADC_SetThresholdInt
                0x000006c0       0x40 ./src/adc.o
 .text.Chip_ADC_GetFlags
                0x00000700       0x18 ./src/adc.o
 .text.Chip_ADC_ClearFlags
                0x00000718       0x1c ./src/adc.o
 .text.SysTick_Handler
                0x00000734       0x30 ./src/adc.o
                0x00000734                SysTick_Handler
 .text.ADC_SEQA_IRQHandler
                0x00000764       0x38 ./src/adc.o
                0x00000764                ADC_SEQA_IRQHandler
 .text.ADC_THCMP_IRQHandler
                0x0000079c       0x38 ./src/adc.o
                0x0000079c                ADC_THCMP_IRQHandler
 .text.Board_GPIO_Init
                0x000007d4       0x90 ./src/adc.o
 .text.flipBit  0x00000864       0x38 ./src/adc.o
                0x00000864                flipBit
 .text.main     0x0000089c      0x15c ./src/adc.o
                0x0000089c                main
 .text.SystemInit
                0x000009f8       0x20 ./src/sysinit.o
                0x000009f8                SystemInit
 .text.Chip_GPIO_SetPinState
                0x00000a18       0x38 C:\nxp\Good_Workspace\lpc_board_lpcxpresso_54102\Debug\liblpc_board_lpcxpresso_54102.a(board.o)
 .text.Chip_GPIO_SetPinDIROutput
                0x00000a50       0x40 C:\nxp\Good_Workspace\lpc_board_lpcxpresso_54102\Debug\liblpc_board_lpcxpresso_54102.a(board.o)
 .text.Board_LED_Init
                0x00000a90       0x4c C:\nxp\Good_Workspace\lpc_board_lpcxpresso_54102\Debug\liblpc_board_lpcxpresso_54102.a(board.o)
 .text.Board_Init
                0x00000adc       0x20 C:\nxp\Good_Workspace\lpc_board_lpcxpresso_54102\Debug\liblpc_board_lpcxpresso_54102.a(board.o)
                0x00000adc                Board_Init
 .text.Chip_GPIO_SetPinState
                0x00000afc       0x38 C:\nxp\Good_Workspace\lpc_board_lpcxpresso_54102\Debug\liblpc_board_lpcxpresso_54102.a(board_sysinit.o)
 .text.Chip_GPIO_GetPinState
                0x00000b34       0x38 C:\nxp\Good_Workspace\lpc_board_lpcxpresso_54102\Debug\liblpc_board_lpcxpresso_54102.a(board_sysinit.o)
 .text.Chip_GPIO_SetPinDIROutput
                0x00000b6c       0x40 C:\nxp\Good_Workspace\lpc_board_lpcxpresso_54102\Debug\liblpc_board_lpcxpresso_54102.a(board_sysinit.o)
 .text.Chip_GPIO_SetPinDIRInput
                0x00000bac       0x40 C:\nxp\Good_Workspace\lpc_board_lpcxpresso_54102\Debug\liblpc_board_lpcxpresso_54102.a(board_sysinit.o)
 .text.ConfigureBridgeSSEL
                0x00000bec       0x7c C:\nxp\Good_Workspace\lpc_board_lpcxpresso_54102\Debug\liblpc_board_lpcxpresso_54102.a(board_sysinit.o)
 .text.Board_SetupMuxing
                0x00000c68       0x24 C:\nxp\Good_Workspace\lpc_board_lpcxpresso_54102\Debug\liblpc_board_lpcxpresso_54102.a(board_sysinit.o)
                0x00000c68                Board_SetupMuxing
 .text.Board_SetupClocking
                0x00000c8c       0x44 C:\nxp\Good_Workspace\lpc_board_lpcxpresso_54102\Debug\liblpc_board_lpcxpresso_54102.a(board_sysinit.o)
                0x00000c8c                Board_SetupClocking
 .text.Board_SystemInit
                0x00000cd0       0x10 C:\nxp\Good_Workspace\lpc_board_lpcxpresso_54102\Debug\liblpc_board_lpcxpresso_54102.a(board_sysinit.o)
                0x00000cd0                Board_SystemInit
 .text.Chip_ADC_SetDivider
                0x00000ce0       0x2c C:\nxp\Good_Workspace\lpc_chip_5410x\Debug\liblpc_chip_5410x.a(adc_5410x.o)
 .text.Chip_ADC_Init
                0x00000d0c       0x30 C:\nxp\Good_Workspace\lpc_chip_5410x\Debug\liblpc_chip_5410x.a(adc_5410x.o)
                0x00000d0c                Chip_ADC_Init
 .text.Chip_ADC_Calibration
                0x00000d3c      0x110 C:\nxp\Good_Workspace\lpc_chip_5410x\Debug\liblpc_chip_5410x.a(adc_5410x.o)
                0x00000d3c                Chip_ADC_Calibration
 .text.Chip_ADC_SetClockRate
                0x00000e4c       0x3c C:\nxp\Good_Workspace\lpc_chip_5410x\Debug\liblpc_chip_5410x.a(adc_5410x.o)
                0x00000e4c                Chip_ADC_SetClockRate
 .text.SystemCoreClockUpdate
                0x00000e88       0x18 C:\nxp\Good_Workspace\lpc_chip_5410x\Debug\liblpc_chip_5410x.a(chip_5410x.o)
                0x00000e88                SystemCoreClockUpdate
 .text.Chip_Clock_GetIntOscRate
                0x00000ea0       0x14 C:\nxp\Good_Workspace\lpc_chip_5410x\Debug\liblpc_chip_5410x.a(clock_5410x.o)
 .text.Chip_Clock_GetExtClockInRate
                0x00000eb4       0x18 C:\nxp\Good_Workspace\lpc_chip_5410x\Debug\liblpc_chip_5410x.a(clock_5410x.o)
 .text.Chip_Clock_GetRTCOscRate
                0x00000ecc       0x14 C:\nxp\Good_Workspace\lpc_chip_5410x\Debug\liblpc_chip_5410x.a(clock_5410x.o)
 .text.Chip_Clock_GetWDTOSCRate
                0x00000ee0       0x14 C:\nxp\Good_Workspace\lpc_chip_5410x\Debug\liblpc_chip_5410x.a(clock_5410x.o)
 .text.Chip_Clock_SetMain_A_ClockSource
                0x00000ef4       0x20 C:\nxp\Good_Workspace\lpc_chip_5410x\Debug\liblpc_chip_5410x.a(clock_5410x.o)
 .text.Chip_Clock_GetMain_A_ClockSource
                0x00000f14       0x18 C:\nxp\Good_Workspace\lpc_chip_5410x\Debug\liblpc_chip_5410x.a(clock_5410x.o)
 .text.Chip_Clock_SetMain_B_ClockSource
                0x00000f2c       0x20 C:\nxp\Good_Workspace\lpc_chip_5410x\Debug\liblpc_chip_5410x.a(clock_5410x.o)
 .text.Chip_Clock_GetMain_B_ClockSource
                0x00000f4c       0x18 C:\nxp\Good_Workspace\lpc_chip_5410x\Debug\liblpc_chip_5410x.a(clock_5410x.o)
 .text.Chip_Clock_GetMain_A_ClockRate
                0x00000f64       0x44 C:\nxp\Good_Workspace\lpc_chip_5410x\Debug\liblpc_chip_5410x.a(clock_5410x.o)
                0x00000f64                Chip_Clock_GetMain_A_ClockRate
 .text.Chip_Clock_GetMain_B_ClockRate
                0x00000fa8       0x58 C:\nxp\Good_Workspace\lpc_chip_5410x\Debug\liblpc_chip_5410x.a(clock_5410x.o)
                0x00000fa8                Chip_Clock_GetMain_B_ClockRate
 .text.Chip_Clock_SetCLKOUTSource
                0x00001000       0x50 C:\nxp\Good_Workspace\lpc_chip_5410x\Debug\liblpc_chip_5410x.a(clock_5410x.o)
                0x00001000                Chip_Clock_SetCLKOUTSource
 .text.Chip_Clock_EnablePeriphClock
                0x00001050       0x64 C:\nxp\Good_Workspace\lpc_chip_5410x\Debug\liblpc_chip_5410x.a(clock_5410x.o)
                0x00001050                Chip_Clock_EnablePeriphClock
 .text.Chip_Clock_SetAsyncSysconClockSource
                0x000010b4       0x3c C:\nxp\Good_Workspace\lpc_chip_5410x\Debug\liblpc_chip_5410x.a(clock_5410x.o)
                0x000010b4                Chip_Clock_SetAsyncSysconClockSource
 .text.Chip_Clock_SetMainClockSource
                0x000010f0       0x3c C:\nxp\Good_Workspace\lpc_chip_5410x\Debug\liblpc_chip_5410x.a(clock_5410x.o)
                0x000010f0                Chip_Clock_SetMainClockSource
 .text.Chip_Clock_GetMainClockRate
                0x0000112c       0x28 C:\nxp\Good_Workspace\lpc_chip_5410x\Debug\liblpc_chip_5410x.a(clock_5410x.o)
                0x0000112c                Chip_Clock_GetMainClockRate
 .text.Chip_Clock_GetSystemClockRate
                0x00001154       0x1c C:\nxp\Good_Workspace\lpc_chip_5410x\Debug\liblpc_chip_5410x.a(clock_5410x.o)
                0x00001154                Chip_Clock_GetSystemClockRate
 .text.fpuInit  0x00001170       0x74 C:\nxp\Good_Workspace\lpc_chip_5410x\Debug\liblpc_chip_5410x.a(fpu_init.o)
                0x00001170                fpuInit
 .text.Chip_GPIO_Init
                0x000011e4       0x28 C:\nxp\Good_Workspace\lpc_chip_5410x\Debug\liblpc_chip_5410x.a(gpio_5410x.o)
                0x000011e4                Chip_GPIO_Init
 .text.Chip_IOCON_PinMuxSet
                0x0000120c       0x30 C:\nxp\Good_Workspace\lpc_chip_5410x\Debug\liblpc_chip_5410x.a(iocon_5410x.o)
 .text.Chip_IOCON_SetPinMuxing
                0x0000123c       0x50 C:\nxp\Good_Workspace\lpc_chip_5410x\Debug\liblpc_chip_5410x.a(iocon_5410x.o)
                0x0000123c                Chip_IOCON_SetPinMuxing
 .text.Chip_SYSCON_PowerDown
                0x0000128c       0x20 C:\nxp\Good_Workspace\lpc_chip_5410x\Debug\liblpc_chip_5410x.a(pll_5410x.o)
 .text.Chip_Clock_IsSystemPLLLocked
                0x000012ac       0x24 C:\nxp\Good_Workspace\lpc_chip_5410x\Debug\liblpc_chip_5410x.a(pll_5410x.o)
 .text.Chip_Clock_GetIntOscRate
                0x000012d0       0x14 C:\nxp\Good_Workspace\lpc_chip_5410x\Debug\liblpc_chip_5410x.a(pll_5410x.o)
 .text.Chip_Clock_GetExtClockInRate
                0x000012e4       0x18 C:\nxp\Good_Workspace\lpc_chip_5410x\Debug\liblpc_chip_5410x.a(pll_5410x.o)
 .text.Chip_Clock_GetRTCOscRate
                0x000012fc       0x14 C:\nxp\Good_Workspace\lpc_chip_5410x\Debug\liblpc_chip_5410x.a(pll_5410x.o)
 .text.Chip_Clock_GetWDTOSCRate
                0x00001310       0x14 C:\nxp\Good_Workspace\lpc_chip_5410x\Debug\liblpc_chip_5410x.a(pll_5410x.o)
 .text.pllEncodeN
                0x00001324       0x80 C:\nxp\Good_Workspace\lpc_chip_5410x\Debug\liblpc_chip_5410x.a(pll_5410x.o)
 .text.pllDecodeN
                0x000013a4       0xa0 C:\nxp\Good_Workspace\lpc_chip_5410x\Debug\liblpc_chip_5410x.a(pll_5410x.o)
 .text.pllEncodeP
                0x00001444       0x70 C:\nxp\Good_Workspace\lpc_chip_5410x\Debug\liblpc_chip_5410x.a(pll_5410x.o)
 .text.pllDecodeP
                0x000014b4       0x88 C:\nxp\Good_Workspace\lpc_chip_5410x\Debug\liblpc_chip_5410x.a(pll_5410x.o)
 .text.pllEncodeM
                0x0000153c       0xc8 C:\nxp\Good_Workspace\lpc_chip_5410x\Debug\liblpc_chip_5410x.a(pll_5410x.o)
 .text.pllDecodeM
                0x00001604       0xd4 C:\nxp\Good_Workspace\lpc_chip_5410x\Debug\liblpc_chip_5410x.a(pll_5410x.o)
 .text.pllFindSel
                0x000016d8       0xb0 C:\nxp\Good_Workspace\lpc_chip_5410x\Debug\liblpc_chip_5410x.a(pll_5410x.o)
 .text.findPllPreDiv
                0x00001788       0x3c C:\nxp\Good_Workspace\lpc_chip_5410x\Debug\liblpc_chip_5410x.a(pll_5410x.o)
                0x00001788                findPllPreDiv
 .text.findPllPostDiv
                0x000017c4       0x40 C:\nxp\Good_Workspace\lpc_chip_5410x\Debug\liblpc_chip_5410x.a(pll_5410x.o)
                0x000017c4                findPllPostDiv
 .text.findPllMMult
                0x00001804       0x40 C:\nxp\Good_Workspace\lpc_chip_5410x\Debug\liblpc_chip_5410x.a(pll_5410x.o)
                0x00001804                findPllMMult
 .text.FindGreatestCommonDivisor
                0x00001844       0x3c C:\nxp\Good_Workspace\lpc_chip_5410x\Debug\liblpc_chip_5410x.a(pll_5410x.o)
 .text.Chip_Clock_GetPllConfig
                0x00001880      0x288 C:\nxp\Good_Workspace\lpc_chip_5410x\Debug\liblpc_chip_5410x.a(pll_5410x.o)
 .text.Chip_Clock_GetSystemPLLOutFromSetupUpdate
                0x00001b08       0x20 C:\nxp\Good_Workspace\lpc_chip_5410x\Debug\liblpc_chip_5410x.a(pll_5410x.o)
 .text.Chip_Clock_GetSystemPLLInClockRate
                0x00001b28       0x5c C:\nxp\Good_Workspace\lpc_chip_5410x\Debug\liblpc_chip_5410x.a(pll_5410x.o)
                0x00001b28                Chip_Clock_GetSystemPLLInClockRate
 .text.Chip_Clock_GetSystemPLLOutFromSetup
                0x00001b84      0x144 C:\nxp\Good_Workspace\lpc_chip_5410x\Debug\liblpc_chip_5410x.a(pll_5410x.o)
                0x00001b84                Chip_Clock_GetSystemPLLOutFromSetup
 .text.Chip_Clock_GetSystemPLLOutClockRate
                0x00001cc8       0x68 C:\nxp\Good_Workspace\lpc_chip_5410x\Debug\liblpc_chip_5410x.a(pll_5410x.o)
                0x00001cc8                Chip_Clock_GetSystemPLLOutClockRate
 .text.Chip_Clock_SetupPLLData
                0x00001d30       0x90 C:\nxp\Good_Workspace\lpc_chip_5410x\Debug\liblpc_chip_5410x.a(pll_5410x.o)
                0x00001d30                Chip_Clock_SetupPLLData
 .text.Chip_Clock_SetupSystemPLLPrec
                0x00001dc0       0xf0 C:\nxp\Good_Workspace\lpc_chip_5410x\Debug\liblpc_chip_5410x.a(pll_5410x.o)
                0x00001dc0                Chip_Clock_SetupSystemPLLPrec
 .text.Chip_SYSCON_Enable_ASYNC_Syscon
                0x00001eb0       0x30 C:\nxp\Good_Workspace\lpc_chip_5410x\Debug\liblpc_chip_5410x.a(syscon_5410x.o)
                0x00001eb0                Chip_SYSCON_Enable_ASYNC_Syscon
 .text.Chip_SYSCON_PeriphReset
                0x00001ee0       0x7c C:\nxp\Good_Workspace\lpc_chip_5410x\Debug\liblpc_chip_5410x.a(syscon_5410x.o)
                0x00001ee0                Chip_SYSCON_PeriphReset
 .text.Chip_SYSCON_PLLDelay
                0x00001f5c       0x8c C:\nxp\Good_Workspace\lpc_chip_5410x\Debug\liblpc_chip_5410x.a(syscon_5410x.o)
                0x00001f5c                Chip_SYSCON_PLLDelay
 .text.Chip_SYSCON_PowerUp
                0x00001fe8       0x8c C:\nxp\Good_Workspace\lpc_chip_5410x\Debug\liblpc_chip_5410x.a(syscon_5410x.o)
                0x00001fe8                Chip_SYSCON_PowerUp
 .text.Chip_SYSCON_SetFLASHAccess
                0x00002074       0x34 C:\nxp\Good_Workspace\lpc_chip_5410x\Debug\liblpc_chip_5410x.a(sysinit_5410x.o)
 .text.Chip_SYSCON_PowerDown
                0x000020a8       0x20 C:\nxp\Good_Workspace\lpc_chip_5410x\Debug\liblpc_chip_5410x.a(sysinit_5410x.o)
 .text.Chip_Clock_SetSystemPLLSource
                0x000020c8       0x20 C:\nxp\Good_Workspace\lpc_chip_5410x\Debug\liblpc_chip_5410x.a(sysinit_5410x.o)
 .text.Chip_Clock_SetSysClockDiv
                0x000020e8       0x20 C:\nxp\Good_Workspace\lpc_chip_5410x\Debug\liblpc_chip_5410x.a(sysinit_5410x.o)
 .text.Chip_Clock_SetAsyncSysconClockDiv
                0x00002108       0x20 C:\nxp\Good_Workspace\lpc_chip_5410x\Debug\liblpc_chip_5410x.a(sysinit_5410x.o)
 .text.setupFlashClocks
                0x00002128       0x60 C:\nxp\Good_Workspace\lpc_chip_5410x\Debug\liblpc_chip_5410x.a(sysinit_5410x.o)
 .text.Chip_SetupIrcClocking
                0x00002188       0xb8 C:\nxp\Good_Workspace\lpc_chip_5410x\Debug\liblpc_chip_5410x.a(sysinit_5410x.o)
                0x00002188                Chip_SetupIrcClocking
 .text.getBROMVersion
                0x00002240       0x20 C:\nxp\Good_Workspace\lpc_chip_5410x\libs\libpower.a(power_library.o)
 .text.Chip_POWER_SetVoltage
                0x00002260      0x2a4 C:\nxp\Good_Workspace\lpc_chip_5410x\libs\libpower.a(power_library.o)
                0x00002260                Chip_POWER_SetVoltage
 .text.Chip_POWER_GetROMVersion
                0x00002504        0x4 C:\nxp\Good_Workspace\lpc_chip_5410x\libs\libpower.a(power_library.o)
                0x00002504                Chip_POWER_GetROMVersion
 .text.__main   0x00002508       0x14 c:/nxp/lpcxpresso_8.2.2_650/lpcxpresso/tools/bin/../lib/gcc/arm-none-eabi/5.4.1/../../../../arm-none-eabi/lib/armv7e-m/softfp\libcr_semihost.a(_cr__main.o)
                0x00002508                __CR_SEMIHOST
                0x00002508                __main
 .text.fp_round
                0x0000251c       0x4e c:/nxp/lpcxpresso_8.2.2_650/lpcxpresso/tools/bin/../lib/gcc/arm-none-eabi/5.4.1/../../../../arm-none-eabi/lib/armv7e-m/softfp\libcr_c.a(fpprintf.o)
 .text.pr_dec.constprop.1
                0x0000256a       0x26 c:/nxp/lpcxpresso_8.2.2_650/lpcxpresso/tools/bin/../lib/gcc/arm-none-eabi/5.4.1/../../../../arm-none-eabi/lib/armv7e-m/softfp\libcr_c.a(fpprintf.o)
 .text.sprintf  0x00002590       0x6c c:/nxp/lpcxpresso_8.2.2_650/lpcxpresso/tools/bin/../lib/gcc/arm-none-eabi/5.4.1/../../../../arm-none-eabi/lib/armv7e-m/softfp\libcr_c.a(fpprintf.o)
                0x00002590                sprintf
 *fill*         0x000025fc        0x4 ff
 .text.fp_display
                0x00002600      0x8f8 c:/nxp/lpcxpresso_8.2.2_650/lpcxpresso/tools/bin/../lib/gcc/arm-none-eabi/5.4.1/../../../../arm-none-eabi/lib/armv7e-m/softfp\libcr_c.a(fpprintf.o)
 .text.vsnprintf
                0x00002ef8       0x5c c:/nxp/lpcxpresso_8.2.2_650/lpcxpresso/tools/bin/../lib/gcc/arm-none-eabi/5.4.1/../../../../arm-none-eabi/lib/armv7e-m/softfp\libcr_c.a(fpprintf.o)
                0x00002ef8                vsnprintf
 .text.printf   0x00002f54       0x54 c:/nxp/lpcxpresso_8.2.2_650/lpcxpresso/tools/bin/../lib/gcc/arm-none-eabi/5.4.1/../../../../arm-none-eabi/lib/armv7e-m/softfp\libcr_c.a(fpprintf.o)
                0x00002f54                printf
 .text._initio  0x00002fa8       0xa4 c:/nxp/lpcxpresso_8.2.2_650/lpcxpresso/tools/bin/../lib/gcc/arm-none-eabi/5.4.1/../../../../arm-none-eabi/lib/armv7e-m/softfp\libcr_c.a(initio.o)
                0x00002fa8                _initio
 .text.__vfprintf
                0x0000304c      0xd48 c:/nxp/lpcxpresso_8.2.2_650/lpcxpresso/tools/bin/../lib/gcc/arm-none-eabi/5.4.1/../../../../arm-none-eabi/lib/armv7e-m/softfp\libcr_c.a(printf.o)
                0x0000304c                __vfprintf
 .text.setvbuf  0x00003d94       0x40 c:/nxp/lpcxpresso_8.2.2_650/lpcxpresso/tools/bin/../lib/gcc/arm-none-eabi/5.4.1/../../../../arm-none-eabi/lib/armv7e-m/softfp\libcr_c.a(setvbuf.o)
                0x00003d94                setvbuf
 .text.strlen   0x00003dd4       0x4a c:/nxp/lpcxpresso_8.2.2_650/lpcxpresso/tools/bin/../lib/gcc/arm-none-eabi/5.4.1/../../../../arm-none-eabi/lib/armv7e-m/softfp\libcr_c.a(strlen.o)
                0x00003dd4                strlen
 .text.memset   0x00003e1e        0x4 c:/nxp/lpcxpresso_8.2.2_650/lpcxpresso/tools/bin/../lib/gcc/arm-none-eabi/5.4.1/../../../../arm-none-eabi/lib/armv7e-m/softfp\libcr_c.a(memset.o)
                0x00003e1e                memset
 .text._deferredlazyseek
                0x00003e22       0x44 c:/nxp/lpcxpresso_8.2.2_650/lpcxpresso/tools/bin/../lib/gcc/arm-none-eabi/5.4.1/../../../../arm-none-eabi/lib/armv7e-m/softfp\libcr_c.a(_deferredlazyseek.o)
                0x00003e22                _deferredlazyseek
 .text.__flsbuf
                0x00003e66      0x140 c:/nxp/lpcxpresso_8.2.2_650/lpcxpresso/tools/bin/../lib/gcc/arm-none-eabi/5.4.1/../../../../arm-none-eabi/lib/armv7e-m/softfp\libcr_c.a(_deferredlazyseek.o)
                0x00003e66                __flsbuf
 .text._fdopen  0x00003fa6       0x6a c:/nxp/lpcxpresso_8.2.2_650/lpcxpresso/tools/bin/../lib/gcc/arm-none-eabi/5.4.1/../../../../arm-none-eabi/lib/armv7e-m/softfp\libcr_c.a(_fdopen.o)
                0x00003fa6                _fdopen
 .text._fflush  0x00004010       0x58 c:/nxp/lpcxpresso_8.2.2_650/lpcxpresso/tools/bin/../lib/gcc/arm-none-eabi/5.4.1/../../../../arm-none-eabi/lib/armv7e-m/softfp\libcr_c.a(_fflush.o)
                0x00004010                _fflush
 .text._frexpl  0x00004068       0x5a c:/nxp/lpcxpresso_8.2.2_650/lpcxpresso/tools/bin/../lib/gcc/arm-none-eabi/5.4.1/../../../../arm-none-eabi/lib/armv7e-m/softfp\libcr_c.a(_frexpl.o)
                0x00004068                _frexpl
 *fill*         0x000040c2        0x2 ff
 .text._ldexpl  0x000040c4       0x4c c:/nxp/lpcxpresso_8.2.2_650/lpcxpresso/tools/bin/../lib/gcc/arm-none-eabi/5.4.1/../../../../arm-none-eabi/lib/armv7e-m/softfp\libcr_c.a(_ldexpl.o)
                0x000040c4                _ldexpl
 .text._Cwritebuf
                0x00004110       0x68 c:/nxp/lpcxpresso_8.2.2_650/lpcxpresso/tools/bin/../lib/gcc/arm-none-eabi/5.4.1/../../../../arm-none-eabi/lib/armv7e-m/softfp\libcr_c.a(_writebuf.o)
                0x00004110                _Cwritebuf
 .text.malloc   0x00004178       0xc8 c:/nxp/lpcxpresso_8.2.2_650/lpcxpresso/tools/bin/../lib/gcc/arm-none-eabi/5.4.1/../../../../arm-none-eabi/lib/armv7e-m/softfp\libcr_c.a(alloc.o)
                0x00004178                malloc
 .text.free     0x00004240       0x30 c:/nxp/lpcxpresso_8.2.2_650/lpcxpresso/tools/bin/../lib/gcc/arm-none-eabi/5.4.1/../../../../arm-none-eabi/lib/armv7e-m/softfp\libcr_c.a(alloc.o)
                0x00004240                free
 .text._Csys_alloc
                0x00004270       0x20 c:/nxp/lpcxpresso_8.2.2_650/lpcxpresso/tools/bin/../lib/gcc/arm-none-eabi/5.4.1/../../../../arm-none-eabi/lib/armv7e-m/softfp\libcr_c.a(alloc.o)
                0x00004270                _Csys_alloc
 .text.fclose   0x00004290       0x6c c:/nxp/lpcxpresso_8.2.2_650/lpcxpresso/tools/bin/../lib/gcc/arm-none-eabi/5.4.1/../../../../arm-none-eabi/lib/armv7e-m/softfp\libcr_c.a(fclose.o)
                0x00004290                fclose
 .text.fflush   0x000042fc       0x30 c:/nxp/lpcxpresso_8.2.2_650/lpcxpresso/tools/bin/../lib/gcc/arm-none-eabi/5.4.1/../../../../arm-none-eabi/lib/armv7e-m/softfp\libcr_c.a(fflush.o)
                0x000042fc                fflush
 .text.fseek    0x0000432c      0x110 c:/nxp/lpcxpresso_8.2.2_650/lpcxpresso/tools/bin/../lib/gcc/arm-none-eabi/5.4.1/../../../../arm-none-eabi/lib/armv7e-m/softfp\libcr_c.a(fseek.o)
                0x0000432c                fseek
 .text.ftell    0x0000443c       0x4c c:/nxp/lpcxpresso_8.2.2_650/lpcxpresso/tools/bin/../lib/gcc/arm-none-eabi/5.4.1/../../../../arm-none-eabi/lib/armv7e-m/softfp\libcr_c.a(ftell.o)
                0x0000443c                ftell
 .text.remove   0x00004488       0x14 c:/nxp/lpcxpresso_8.2.2_650/lpcxpresso/tools/bin/../lib/gcc/arm-none-eabi/5.4.1/../../../../arm-none-eabi/lib/armv7e-m/softfp\libcr_c.a(remove.o)
                0x00004488                remove
 .text._sbrk    0x0000449c       0x40 c:/nxp/lpcxpresso_8.2.2_650/lpcxpresso/tools/bin/../lib/gcc/arm-none-eabi/5.4.1/../../../../arm-none-eabi/lib/armv7e-m/softfp\libcr_c.a(_cr_sbrk.o)
                0x0000449c                _sbrk
 .text._do_fflush
                0x000044dc       0x44 c:/nxp/lpcxpresso_8.2.2_650/lpcxpresso/tools/bin/../lib/gcc/arm-none-eabi/5.4.1/../../../../arm-none-eabi/lib/armv7e-m/softfp\libcr_c.a(_do_fflush.o)
                0x000044dc                _do_fflush
 .text.__check_heap_overflow
                0x00004520       0x18 c:/nxp/lpcxpresso_8.2.2_650/lpcxpresso/tools/bin/../lib/gcc/arm-none-eabi/5.4.1/../../../../arm-none-eabi/lib/armv7e-m/softfp\libcr_c.a(_cr_check_heap.o)
                0x00004520                __check_heap_overflow
 .text.__aeabi_division_uldivmod
                0x00004538      0x174 c:/nxp/lpcxpresso_8.2.2_650/lpcxpresso/tools/bin/../lib/gcc/arm-none-eabi/5.4.1/armv7e-m/softfp\libcr_eabihelpers.a(division_64.o)
                0x00004538                __aeabi_uldivmod
                0x0000453c                __bhs_ldivmod1
 .text.__aeabi_division_idiv0
                0x000046ac        0x2 c:/nxp/lpcxpresso_8.2.2_650/lpcxpresso/tools/bin/../lib/gcc/arm-none-eabi/5.4.1/armv7e-m/softfp\libcr_eabihelpers.a(division_idiv0.o)
                0x000046ac                __aeabi_idiv0
 *fill*         0x000046ae        0x2 ff
 .text.__aeabi_dmul
                0x000046b0      0x110 c:/nxp/lpcxpresso_8.2.2_650/lpcxpresso/tools/bin/../lib/gcc/arm-none-eabi/5.4.1/armv7e-m/softfp\libcr_eabihelpers.a(double.o)
                0x000046b0                __aeabi_dmul
 .text.__aeabi_ddiv
                0x000047c0      0x13c c:/nxp/lpcxpresso_8.2.2_650/lpcxpresso/tools/bin/../lib/gcc/arm-none-eabi/5.4.1/armv7e-m/softfp\libcr_eabihelpers.a(double.o)
                0x000047c0                __aeabi_ddiv
 .text.__aeabi_dsub
                0x000048fc      0x1b4 c:/nxp/lpcxpresso_8.2.2_650/lpcxpresso/tools/bin/../lib/gcc/arm-none-eabi/5.4.1/armv7e-m/softfp\libcr_eabihelpers.a(double.o)
                0x000048fc                __aeabi_dsub
 .text.__aeabi_dadd
                0x00004ab0      0x114 c:/nxp/lpcxpresso_8.2.2_650/lpcxpresso/tools/bin/../lib/gcc/arm-none-eabi/5.4.1/armv7e-m/softfp\libcr_eabihelpers.a(double.o)
                0x00004ab0                __aeabi_dadd
 .text.__aeabi_d2iz
                0x00004bc4       0x40 c:/nxp/lpcxpresso_8.2.2_650/lpcxpresso/tools/bin/../lib/gcc/arm-none-eabi/5.4.1/armv7e-m/softfp\libcr_eabihelpers.a(double.o)
                0x00004bc4                __aeabi_d2iz
 .text.__bhs_ui2d
                0x00004c04       0x46 c:/nxp/lpcxpresso_8.2.2_650/lpcxpresso/tools/bin/../lib/gcc/arm-none-eabi/5.4.1/armv7e-m/softfp\libcr_eabihelpers.a(double.o)
                0x00004c04                __bhs_ui2d
 .text.__aeabi_i2d
                0x00004c4a       0x10 c:/nxp/lpcxpresso_8.2.2_650/lpcxpresso/tools/bin/../lib/gcc/arm-none-eabi/5.4.1/armv7e-m/softfp\libcr_eabihelpers.a(double.o)
                0x00004c4a                __aeabi_i2d
 .text.__aeabi_dcmpeq
                0x00004c5a       0x30 c:/nxp/lpcxpresso_8.2.2_650/lpcxpresso/tools/bin/../lib/gcc/arm-none-eabi/5.4.1/armv7e-m/softfp\libcr_eabihelpers.a(double.o)
                0x00004c5a                __aeabi_dcmpeq
 .text.__aeabi_dcmplt
                0x00004c8a       0x58 c:/nxp/lpcxpresso_8.2.2_650/lpcxpresso/tools/bin/../lib/gcc/arm-none-eabi/5.4.1/armv7e-m/softfp\libcr_eabihelpers.a(double.o)
                0x00004c8a                __aeabi_dcmplt
 .text.__aeabi_dcmple
                0x00004ce2       0x54 c:/nxp/lpcxpresso_8.2.2_650/lpcxpresso/tools/bin/../lib/gcc/arm-none-eabi/5.4.1/armv7e-m/softfp\libcr_eabihelpers.a(double.o)
                0x00004ce2                __aeabi_dcmple
 .text.__aeabi_dcmpge
                0x00004d36       0x54 c:/nxp/lpcxpresso_8.2.2_650/lpcxpresso/tools/bin/../lib/gcc/arm-none-eabi/5.4.1/armv7e-m/softfp\libcr_eabihelpers.a(double.o)
                0x00004d36                __aeabi_dcmpge
 .text.__aeabi_memset_lowlevel
                0x00004d8a       0x32 c:/nxp/lpcxpresso_8.2.2_650/lpcxpresso/tools/bin/../lib/gcc/arm-none-eabi/5.4.1/armv7e-m/softfp\libcr_eabihelpers.a(memcpy.o)
                0x00004d8a                __aeabi_lowlevel_memset
 .text.__sys_appexit
                0x00004dbc        0xc c:/nxp/lpcxpresso_8.2.2_650/lpcxpresso/tools/bin/../lib/gcc/arm-none-eabi/5.4.1/../../../../arm-none-eabi/lib/armv7e-m/softfp\libcr_semihost.a(__sys_appexit.o)
                0x00004dbc                __sys_appexit
                0x00004dbc                __exit
 .text.__sys_close
                0x00004dc8        0xc c:/nxp/lpcxpresso_8.2.2_650/lpcxpresso/tools/bin/../lib/gcc/arm-none-eabi/5.4.1/../../../../arm-none-eabi/lib/armv7e-m/softfp\libcr_semihost.a(__sys_close.o)
                0x00004dc8                __sys_close
 .text.__sys_flen
                0x00004dd4        0xc c:/nxp/lpcxpresso_8.2.2_650/lpcxpresso/tools/bin/../lib/gcc/arm-none-eabi/5.4.1/../../../../arm-none-eabi/lib/armv7e-m/softfp\libcr_semihost.a(__sys_flen.o)
                0x00004dd4                __sys_flen
 .text.__sys_istty
                0x00004de0        0xc c:/nxp/lpcxpresso_8.2.2_650/lpcxpresso/tools/bin/../lib/gcc/arm-none-eabi/5.4.1/../../../../arm-none-eabi/lib/armv7e-m/softfp\libcr_semihost.a(__sys_istty.o)
                0x00004de0                __sys_istty
 .text.__sys_remove
                0x00004dec        0xc c:/nxp/lpcxpresso_8.2.2_650/lpcxpresso/tools/bin/../lib/gcc/arm-none-eabi/5.4.1/../../../../arm-none-eabi/lib/armv7e-m/softfp\libcr_semihost.a(__sys_remove.o)
                0x00004dec                __sys_remove
 .text.__sys_seek
                0x00004df8        0xc c:/nxp/lpcxpresso_8.2.2_650/lpcxpresso/tools/bin/../lib/gcc/arm-none-eabi/5.4.1/../../../../arm-none-eabi/lib/armv7e-m/softfp\libcr_semihost.a(__sys_seek.o)
                0x00004df8                __sys_seek
 .text.__sys_tmpnam
                0x00004e04        0xc c:/nxp/lpcxpresso_8.2.2_650/lpcxpresso/tools/bin/../lib/gcc/arm-none-eabi/5.4.1/../../../../arm-none-eabi/lib/armv7e-m/softfp\libcr_semihost.a(__sys_tmpnam.o)
                0x00004e04                __sys_tmpnam
 .text.__sys_write
                0x00004e10        0xc c:/nxp/lpcxpresso_8.2.2_650/lpcxpresso/tools/bin/../lib/gcc/arm-none-eabi/5.4.1/../../../../arm-none-eabi/lib/armv7e-m/softfp\libcr_semihost.a(__sys_write.o)
                0x00004e10                __sys_write
                0x00004e10                __write
 *(.rodata .rodata.* .constdata .constdata.*)
 .rodata.GPIOPins
                0x00004e1c        0x2 ./src/adc.o
 *fill*         0x00004e1e        0x2 ff
 .rodata        0x00004e20       0x2d ./src/adc.o
 *fill*         0x00004e4d        0x3 ff
 .rodata.ledBits
                0x00004e50        0x3 C:\nxp\Good_Workspace\lpc_board_lpcxpresso_54102\Debug\liblpc_board_lpcxpresso_54102.a(board.o)
 *fill*         0x00004e53        0x1 ff
 .rodata.ExtClockIn
                0x00004e54        0x4 C:\nxp\Good_Workspace\lpc_board_lpcxpresso_54102\Debug\liblpc_board_lpcxpresso_54102.a(board.o)
                0x00004e54                ExtClockIn
 .rodata.pinmuxing
                0x00004e58       0xb0 C:\nxp\Good_Workspace\lpc_board_lpcxpresso_54102\Debug\liblpc_board_lpcxpresso_54102.a(board_sysinit.o)
 .rodata.vd_table
                0x00004f08       0x24 C:\nxp\Good_Workspace\lpc_chip_5410x\libs\libpower.a(power_library.o)
 .rodata.vd_table_c
                0x00004f2c       0x24 C:\nxp\Good_Workspace\lpc_chip_5410x\libs\libpower.a(power_library.o)
 .rodata.str1.1
                0x00004f50       0x34 c:/nxp/lpcxpresso_8.2.2_650/lpcxpresso/tools/bin/../lib/gcc/arm-none-eabi/5.4.1/../../../../arm-none-eabi/lib/armv7e-m/softfp\libcr_c.a(fpprintf.o)
                                 0x35 (size before relaxing)
 .rodata.str1.1
                0x00004f84        0x4 c:/nxp/lpcxpresso_8.2.2_650/lpcxpresso/tools/bin/../lib/gcc/arm-none-eabi/5.4.1/../../../../arm-none-eabi/lib/armv7e-m/softfp\libcr_c.a(initio.o)
 .rodata.str1.1
                0x00004f88       0x31 c:/nxp/lpcxpresso_8.2.2_650/lpcxpresso/tools/bin/../lib/gcc/arm-none-eabi/5.4.1/../../../../arm-none-eabi/lib/armv7e-m/softfp\libcr_c.a(printf.o)
                                 0x38 (size before relaxing)
 .rodata.str1.1
                0x00004fb9       0x18 c:/nxp/lpcxpresso_8.2.2_650/lpcxpresso/tools/bin/../lib/gcc/arm-none-eabi/5.4.1/../../../../arm-none-eabi/lib/armv7e-m/softfp\libcr_c.a(alloc.o)
 *fill*         0x00004fd1        0x7 ff
 .rodata.__huge_vall
                0x00004fd8        0x8 c:/nxp/lpcxpresso_8.2.2_650/lpcxpresso/tools/bin/../lib/gcc/arm-none-eabi/5.4.1/../../../../arm-none-eabi/lib/armv7e-m/softfp\libcr_c.a(_hugeval.o)
                0x00004fd8                __huge_vall
                0x00004fe0                . = ALIGN (0x4)

.glue_7         0x00004fe0        0x0
 .glue_7        0x00004fe0        0x0 linker stubs

.glue_7t        0x00004fe0        0x0
 .glue_7t       0x00004fe0        0x0 linker stubs

.vfp11_veneer   0x00004fe0        0x0
 .vfp11_veneer  0x00004fe0        0x0 linker stubs

.v4_bx          0x00004fe0        0x0
 .v4_bx         0x00004fe0        0x0 linker stubs

.iplt           0x00004fe0        0x0
 .iplt          0x00004fe0        0x0 ./src/adc.o

.rel.dyn        0x00004fe0        0x0
 .rel.iplt      0x00004fe0        0x0 ./src/adc.o

.ARM.extab
 *(.ARM.extab* .gnu.linkonce.armextab.*)
                0x00004fe0                __exidx_start = .

.ARM.exidx
 *(.ARM.exidx* .gnu.linkonce.armexidx.*)
                0x00004fe0                __exidx_end = .
                0x00004fe0                _etext = .

.data_RAM2      0x02010000        0x0 load address 0x00004fe0
 FILL mask 0xff
                [!provide]                PROVIDE (__start_data_RAM2, .)
 *(.ramfunc.$RAM2)
 *(.ramfunc.$Ram1_32)
 *(.data.$RAM2*)
 *(.data.$Ram1_32*)
                0x02010000                . = ALIGN (0x4)
                [!provide]                PROVIDE (__end_data_RAM2, .)

.data_RAM3      0x03400000        0x0 load address 0x00004fe0
 FILL mask 0xff
                [!provide]                PROVIDE (__start_data_RAM3, .)
 *(.ramfunc.$RAM3)
 *(.ramfunc.$Ram2_8)
 *(.data.$RAM3*)
 *(.data.$Ram2_8*)
                0x03400000                . = ALIGN (0x4)
                [!provide]                PROVIDE (__end_data_RAM3, .)

.uninit_RESERVED
                0x02000000        0x0
 *(.bss.$RESERVED*)
                0x02000000                . = ALIGN (0x4)
                0x02000000                _end_uninit_RESERVED = .

.data           0x02000000        0x4 load address 0x00004fe0
 FILL mask 0xff
                0x02000000                _data = .
 *(vtable)
 *(.ramfunc*)
 *(.data*)
 .data.toggle   0x02000000        0x4 ./src/adc.o
                0x02000000                toggle
                0x02000004                . = ALIGN (0x4)
                0x02000004                _edata = .

.igot.plt       0x02000004        0x0 load address 0x00004fe4
 .igot.plt      0x02000004        0x0 ./src/adc.o

.bss_RAM2       0x02010000        0x0
                [!provide]                PROVIDE (__start_bss_RAM2, .)
 *(.bss.$RAM2*)
 *(.bss.$Ram1_32*)
                0x02010000                . = ALIGN ((. != 0x0)?0x4:0x1)
                [!provide]                PROVIDE (__end_bss_RAM2, .)

.bss_RAM3       0x03400000        0x0
                [!provide]                PROVIDE (__start_bss_RAM3, .)
 *(.bss.$RAM3*)
 *(.bss.$Ram2_8*)
                0x03400000                . = ALIGN ((. != 0x0)?0x4:0x1)
                [!provide]                PROVIDE (__end_bss_RAM3, .)

.bss            0x02000004      0x164
                0x02000004                _bss = .
 *(.bss*)
 .bss.sequenceComplete
                0x02000004        0x1 ./src/adc.o
 .bss.thresholdCrossed
                0x02000005        0x1 ./src/adc.o
 *fill*         0x02000006        0x2 
 .bss.count.8186
                0x02000008        0x4 ./src/adc.o
 .bss.curPllRate
                0x0200000c        0x4 C:\nxp\Good_Workspace\lpc_chip_5410x\Debug\liblpc_chip_5410x.a(pll_5410x.o)
 .bss._extra    0x02000010        0x4 c:/nxp/lpcxpresso_8.2.2_650/lpcxpresso/tools/bin/../lib/gcc/arm-none-eabi/5.4.1/../../../../arm-none-eabi/lib/armv7e-m/softfp\libcr_c.a(initio.o)
                0x02000010                _extra
 .bss.__Ciob    0x02000014      0x140 c:/nxp/lpcxpresso_8.2.2_650/lpcxpresso/tools/bin/../lib/gcc/arm-none-eabi/5.4.1/../../../../arm-none-eabi/lib/armv7e-m/softfp\libcr_c.a(stdio.o)
                0x02000014                __Ciob
 .bss.errno     0x02000154        0x4 c:/nxp/lpcxpresso_8.2.2_650/lpcxpresso/tools/bin/../lib/gcc/arm-none-eabi/5.4.1/../../../../arm-none-eabi/lib/armv7e-m/softfp\libcr_c.a(errno.o)
                0x02000154                errno
 .bss.__heaps   0x02000158        0x4 c:/nxp/lpcxpresso_8.2.2_650/lpcxpresso/tools/bin/../lib/gcc/arm-none-eabi/5.4.1/../../../../arm-none-eabi/lib/armv7e-m/softfp\libcr_c.a(__init_alloc.o)
                0x02000158                __heaps
 .bss.__end_of_heap
                0x0200015c        0x4 c:/nxp/lpcxpresso_8.2.2_650/lpcxpresso/tools/bin/../lib/gcc/arm-none-eabi/5.4.1/../../../../arm-none-eabi/lib/armv7e-m/softfp\libcr_c.a(__init_alloc.o)
                0x0200015c                __end_of_heap
 *(COMMON)
 COMMON         0x02000160        0x4 ./src/cr_startup_lpc5410x.o
                0x02000160                __SWVtrace_Enabled
 COMMON         0x02000164        0x4 C:\nxp\Good_Workspace\lpc_chip_5410x\Debug\liblpc_chip_5410x.a(chip_5410x.o)
                0x02000164                SystemCoreClock
                0x02000168                . = ALIGN (0x4)
                0x02000168                _ebss = .
                [!provide]                PROVIDE (end, .)

.noinit_RAM2    0x02010000        0x0
 *(.noinit.$RAM2*)
 *(.noinit.$Ram1_32*)
                0x02010000                . = ALIGN (0x4)

.noinit_RAM3    0x03400000        0x0
 *(.noinit.$RAM3*)
 *(.noinit.$Ram2_8*)
                0x03400000                . = ALIGN (0x4)

.noinit         0x02000168        0x0
                0x02000168                _noinit = .
 *(.noinit*)
                0x02000168                . = ALIGN (0x4)
                0x02000168                _end_noinit = .
                0x02000168                PROVIDE (_pvHeapStart, DEFINED (__user_heap_base)?__user_heap_base:.)
                0x02010000                PROVIDE (_vStackTop, DEFINED (__user_stack_top)?__user_stack_top:(__top_Ram0_64 - 0x0))
                0xfdfef552                PROVIDE (__valid_user_code_checksum, (0x0 - ((((((_vStackTop + (ResetISR + 0x1)) + (NMI_Handler + 0x1)) + (HardFault_Handler + 0x1)) + (DEFINED (MemManage_Handler)?MemManage_Handler:0x0 + 0x1)) + (DEFINED (BusFault_Handler)?BusFault_Handler:0x0 + 0x1)) + (DEFINED (UsageFault_Handler)?UsageFault_Handler:0x0 + 0x1))))
OUTPUT(periph_ADC_and_GPIO.axf elf32-littlearm)

.debug_info     0x00000000     0x71bc
 .debug_info    0x00000000     0x1009 ./src/adc.o
 .debug_info    0x00001009      0x2b7 ./src/cr_startup_lpc5410x.o
 .debug_info    0x000012c0       0x3f ./src/crp.o
 .debug_info    0x000012ff      0x2c4 ./src/sysinit.o
 .debug_info    0x000015c3      0x68d C:\nxp\Good_Workspace\lpc_board_lpcxpresso_54102\Debug\liblpc_board_lpcxpresso_54102.a(board.o)
 .debug_info    0x00001c50      0xa2c C:\nxp\Good_Workspace\lpc_board_lpcxpresso_54102\Debug\liblpc_board_lpcxpresso_54102.a(board_sysinit.o)
 .debug_info    0x0000267c      0xee7 C:\nxp\Good_Workspace\lpc_chip_5410x\Debug\liblpc_chip_5410x.a(adc_5410x.o)
 .debug_info    0x00003563       0xf7 C:\nxp\Good_Workspace\lpc_chip_5410x\Debug\liblpc_chip_5410x.a(chip_5410x.o)
 .debug_info    0x0000365a      0xd15 C:\nxp\Good_Workspace\lpc_chip_5410x\Debug\liblpc_chip_5410x.a(clock_5410x.o)
 .debug_info    0x0000436f      0x128 C:\nxp\Good_Workspace\lpc_chip_5410x\Debug\liblpc_chip_5410x.a(fpu_init.o)
 .debug_info    0x00004497      0x60d C:\nxp\Good_Workspace\lpc_chip_5410x\Debug\liblpc_chip_5410x.a(gpio_5410x.o)
 .debug_info    0x00004aa4      0x1f5 C:\nxp\Good_Workspace\lpc_chip_5410x\Debug\liblpc_chip_5410x.a(iocon_5410x.o)
 .debug_info    0x00004c99      0xfe1 C:\nxp\Good_Workspace\lpc_chip_5410x\Debug\liblpc_chip_5410x.a(pll_5410x.o)
 .debug_info    0x00005c7a      0x8e6 C:\nxp\Good_Workspace\lpc_chip_5410x\Debug\liblpc_chip_5410x.a(syscon_5410x.o)
 .debug_info    0x00006560      0xc5c C:\nxp\Good_Workspace\lpc_chip_5410x\Debug\liblpc_chip_5410x.a(sysinit_5410x.o)

.debug_abbrev   0x00000000     0x16b5
 .debug_abbrev  0x00000000      0x2f7 ./src/adc.o
 .debug_abbrev  0x000002f7       0xed ./src/cr_startup_lpc5410x.o
 .debug_abbrev  0x000003e4       0x36 ./src/crp.o
 .debug_abbrev  0x0000041a       0xe3 ./src/sysinit.o
 .debug_abbrev  0x000004fd      0x224 C:\nxp\Good_Workspace\lpc_board_lpcxpresso_54102\Debug\liblpc_board_lpcxpresso_54102.a(board.o)
 .debug_abbrev  0x00000721      0x1d7 C:\nxp\Good_Workspace\lpc_board_lpcxpresso_54102\Debug\liblpc_board_lpcxpresso_54102.a(board_sysinit.o)
 .debug_abbrev  0x000008f8      0x1b8 C:\nxp\Good_Workspace\lpc_chip_5410x\Debug\liblpc_chip_5410x.a(adc_5410x.o)
 .debug_abbrev  0x00000ab0       0xab C:\nxp\Good_Workspace\lpc_chip_5410x\Debug\liblpc_chip_5410x.a(chip_5410x.o)
 .debug_abbrev  0x00000b5b      0x26f C:\nxp\Good_Workspace\lpc_chip_5410x\Debug\liblpc_chip_5410x.a(clock_5410x.o)
 .debug_abbrev  0x00000dca       0x84 C:\nxp\Good_Workspace\lpc_chip_5410x\Debug\liblpc_chip_5410x.a(fpu_init.o)
 .debug_abbrev  0x00000e4e      0x152 C:\nxp\Good_Workspace\lpc_chip_5410x\Debug\liblpc_chip_5410x.a(gpio_5410x.o)
 .debug_abbrev  0x00000fa0      0x137 C:\nxp\Good_Workspace\lpc_chip_5410x\Debug\liblpc_chip_5410x.a(iocon_5410x.o)
 .debug_abbrev  0x000010d7      0x261 C:\nxp\Good_Workspace\lpc_chip_5410x\Debug\liblpc_chip_5410x.a(pll_5410x.o)
 .debug_abbrev  0x00001338      0x18f C:\nxp\Good_Workspace\lpc_chip_5410x\Debug\liblpc_chip_5410x.a(syscon_5410x.o)
 .debug_abbrev  0x000014c7      0x1ee C:\nxp\Good_Workspace\lpc_chip_5410x\Debug\liblpc_chip_5410x.a(sysinit_5410x.o)

.debug_aranges  0x00000000      0x668
 .debug_aranges
                0x00000000      0x100 ./src/adc.o
 .debug_aranges
                0x00000100       0x80 ./src/cr_startup_lpc5410x.o
 .debug_aranges
                0x00000180       0x18 ./src/crp.o
 .debug_aranges
                0x00000198       0x20 ./src/sysinit.o
 .debug_aranges
                0x000001b8       0xa0 C:\nxp\Good_Workspace\lpc_board_lpcxpresso_54102\Debug\liblpc_board_lpcxpresso_54102.a(board.o)
 .debug_aranges
                0x00000258       0x58 C:\nxp\Good_Workspace\lpc_board_lpcxpresso_54102\Debug\liblpc_board_lpcxpresso_54102.a(board_sysinit.o)
 .debug_aranges
                0x000002b0       0x48 C:\nxp\Good_Workspace\lpc_chip_5410x\Debug\liblpc_chip_5410x.a(adc_5410x.o)
 .debug_aranges
                0x000002f8       0x20 C:\nxp\Good_Workspace\lpc_chip_5410x\Debug\liblpc_chip_5410x.a(chip_5410x.o)
 .debug_aranges
                0x00000318       0xf0 C:\nxp\Good_Workspace\lpc_chip_5410x\Debug\liblpc_chip_5410x.a(clock_5410x.o)
 .debug_aranges
                0x00000408       0x20 C:\nxp\Good_Workspace\lpc_chip_5410x\Debug\liblpc_chip_5410x.a(fpu_init.o)
 .debug_aranges
                0x00000428       0x68 C:\nxp\Good_Workspace\lpc_chip_5410x\Debug\liblpc_chip_5410x.a(gpio_5410x.o)
 .debug_aranges
                0x00000490       0x28 C:\nxp\Good_Workspace\lpc_chip_5410x\Debug\liblpc_chip_5410x.a(iocon_5410x.o)
 .debug_aranges
                0x000004b8       0xe8 C:\nxp\Good_Workspace\lpc_chip_5410x\Debug\liblpc_chip_5410x.a(pll_5410x.o)
 .debug_aranges
                0x000005a0       0x60 C:\nxp\Good_Workspace\lpc_chip_5410x\Debug\liblpc_chip_5410x.a(syscon_5410x.o)
 .debug_aranges
                0x00000600       0x68 C:\nxp\Good_Workspace\lpc_chip_5410x\Debug\liblpc_chip_5410x.a(sysinit_5410x.o)

.debug_ranges   0x00000000      0x570
 .debug_ranges  0x00000000       0xf0 ./src/adc.o
 .debug_ranges  0x000000f0       0x70 ./src/cr_startup_lpc5410x.o
 .debug_ranges  0x00000160       0x10 ./src/sysinit.o
 .debug_ranges  0x00000170       0x90 C:\nxp\Good_Workspace\lpc_board_lpcxpresso_54102\Debug\liblpc_board_lpcxpresso_54102.a(board.o)
 .debug_ranges  0x00000200       0x48 C:\nxp\Good_Workspace\lpc_board_lpcxpresso_54102\Debug\liblpc_board_lpcxpresso_54102.a(board_sysinit.o)
 .debug_ranges  0x00000248       0x38 C:\nxp\Good_Workspace\lpc_chip_5410x\Debug\liblpc_chip_5410x.a(adc_5410x.o)
 .debug_ranges  0x00000280       0x10 C:\nxp\Good_Workspace\lpc_chip_5410x\Debug\liblpc_chip_5410x.a(chip_5410x.o)
 .debug_ranges  0x00000290       0xe0 C:\nxp\Good_Workspace\lpc_chip_5410x\Debug\liblpc_chip_5410x.a(clock_5410x.o)
 .debug_ranges  0x00000370       0x10 C:\nxp\Good_Workspace\lpc_chip_5410x\Debug\liblpc_chip_5410x.a(fpu_init.o)
 .debug_ranges  0x00000380       0x58 C:\nxp\Good_Workspace\lpc_chip_5410x\Debug\liblpc_chip_5410x.a(gpio_5410x.o)
 .debug_ranges  0x000003d8       0x18 C:\nxp\Good_Workspace\lpc_chip_5410x\Debug\liblpc_chip_5410x.a(iocon_5410x.o)
 .debug_ranges  0x000003f0       0xd8 C:\nxp\Good_Workspace\lpc_chip_5410x\Debug\liblpc_chip_5410x.a(pll_5410x.o)
 .debug_ranges  0x000004c8       0x50 C:\nxp\Good_Workspace\lpc_chip_5410x\Debug\liblpc_chip_5410x.a(syscon_5410x.o)
 .debug_ranges  0x00000518       0x58 C:\nxp\Good_Workspace\lpc_chip_5410x\Debug\liblpc_chip_5410x.a(sysinit_5410x.o)

.debug_macro    0x00000000     0x6852
 .debug_macro   0x00000000      0x260 ./src/adc.o
 .debug_macro   0x00000260      0x8b6 ./src/adc.o
 .debug_macro   0x00000b16       0x10 ./src/adc.o
 .debug_macro   0x00000b26      0x12d ./src/adc.o
 .debug_macro   0x00000c53      0x5b2 ./src/adc.o
 .debug_macro   0x00001205       0x22 ./src/adc.o
 .debug_macro   0x00001227       0x8f ./src/adc.o
 .debug_macro   0x000012b6       0x2d ./src/adc.o
 .debug_macro   0x000012e3       0x3b ./src/adc.o
 .debug_macro   0x0000131e       0x2d ./src/adc.o
 .debug_macro   0x0000134b       0x42 ./src/adc.o
 .debug_macro   0x0000138d      0xd39 ./src/adc.o
 .debug_macro   0x000020c6      0x1d9 ./src/adc.o
 .debug_macro   0x0000229f       0xca ./src/adc.o
 .debug_macro   0x00002369       0x18 ./src/adc.o
 .debug_macro   0x00002381       0x16 ./src/adc.o
 .debug_macro   0x00002397      0x129 ./src/adc.o
 .debug_macro   0x000024c0       0x2d ./src/adc.o
 .debug_macro   0x000024ed       0x16 ./src/adc.o
 .debug_macro   0x00002503       0x32 ./src/adc.o
 .debug_macro   0x00002535       0xb8 ./src/adc.o
 .debug_macro   0x000025ed       0x70 ./src/adc.o
 .debug_macro   0x0000265d       0x6a ./src/adc.o
 .debug_macro   0x000026c7       0xc5 ./src/adc.o
 .debug_macro   0x0000278c       0x76 ./src/adc.o
 .debug_macro   0x00002802       0x34 ./src/adc.o
 .debug_macro   0x00002836      0x205 ./src/adc.o
 .debug_macro   0x00002a3b       0x40 ./src/adc.o
 .debug_macro   0x00002a7b       0x6a ./src/adc.o
 .debug_macro   0x00002ae5       0x22 ./src/adc.o
 .debug_macro   0x00002b07       0x28 ./src/adc.o
 .debug_macro   0x00002b2f       0x1c ./src/adc.o
 .debug_macro   0x00002b4b       0x10 ./src/adc.o
 .debug_macro   0x00002b5b       0x1f ./src/adc.o
 .debug_macro   0x00002b7a      0x1f1 ./src/adc.o
 .debug_macro   0x00002d6b      0x13a ./src/adc.o
 .debug_macro   0x00002ea5       0x16 ./src/adc.o
 .debug_macro   0x00002ebb      0x1f6 ./src/adc.o
 .debug_macro   0x000030b1      0x430 ./src/adc.o
 .debug_macro   0x000034e1       0x34 ./src/adc.o
 .debug_macro   0x00003515       0x1c ./src/adc.o
 .debug_macro   0x00003531      0x477 ./src/adc.o
 .debug_macro   0x000039a8       0x34 ./src/adc.o
 .debug_macro   0x000039dc       0x3a ./src/adc.o
 .debug_macro   0x00003a16       0x9a ./src/adc.o
 .debug_macro   0x00003ab0       0x20 ./src/adc.o
 .debug_macro   0x00003ad0       0x1d ./src/cr_startup_lpc5410x.o
 .debug_macro   0x00003aed       0x1a ./src/crp.o
 .debug_macro   0x00003b07       0x34 ./src/crp.o
 .debug_macro   0x00003b3b      0x254 ./src/sysinit.o
 .debug_macro   0x00003d8f      0x27b C:\nxp\Good_Workspace\lpc_board_lpcxpresso_54102\Debug\liblpc_board_lpcxpresso_54102.a(board.o)
 .debug_macro   0x0000400a      0x89e C:\nxp\Good_Workspace\lpc_board_lpcxpresso_54102\Debug\liblpc_board_lpcxpresso_54102.a(board.o)
 .debug_macro   0x000048a8       0x88 C:\nxp\Good_Workspace\lpc_board_lpcxpresso_54102\Debug\liblpc_board_lpcxpresso_54102.a(board.o)
 .debug_macro   0x00004930       0x12 C:\nxp\Good_Workspace\lpc_board_lpcxpresso_54102\Debug\liblpc_board_lpcxpresso_54102.a(board.o)
 .debug_macro   0x00004942      0x262 C:\nxp\Good_Workspace\lpc_board_lpcxpresso_54102\Debug\liblpc_board_lpcxpresso_54102.a(board_sysinit.o)
 .debug_macro   0x00004ba4      0x21f C:\nxp\Good_Workspace\lpc_chip_5410x\Debug\liblpc_chip_5410x.a(adc_5410x.o)
 .debug_macro   0x00004dc3      0x8a4 C:\nxp\Good_Workspace\lpc_chip_5410x\Debug\liblpc_chip_5410x.a(adc_5410x.o)
 .debug_macro   0x00005667      0x21f C:\nxp\Good_Workspace\lpc_chip_5410x\Debug\liblpc_chip_5410x.a(chip_5410x.o)
 .debug_macro   0x00005886      0x21f C:\nxp\Good_Workspace\lpc_chip_5410x\Debug\liblpc_chip_5410x.a(clock_5410x.o)
 .debug_macro   0x00005aa5       0xb2 C:\nxp\Good_Workspace\lpc_chip_5410x\Debug\liblpc_chip_5410x.a(fpu_init.o)
 .debug_macro   0x00005b57      0x21f C:\nxp\Good_Workspace\lpc_chip_5410x\Debug\liblpc_chip_5410x.a(gpio_5410x.o)
 .debug_macro   0x00005d76      0x21f C:\nxp\Good_Workspace\lpc_chip_5410x\Debug\liblpc_chip_5410x.a(iocon_5410x.o)
 .debug_macro   0x00005f95      0x47f C:\nxp\Good_Workspace\lpc_chip_5410x\Debug\liblpc_chip_5410x.a(pll_5410x.o)
 .debug_macro   0x00006414      0x21f C:\nxp\Good_Workspace\lpc_chip_5410x\Debug\liblpc_chip_5410x.a(syscon_5410x.o)
 .debug_macro   0x00006633      0x21f C:\nxp\Good_Workspace\lpc_chip_5410x\Debug\liblpc_chip_5410x.a(sysinit_5410x.o)

.debug_line     0x00000000     0x43aa
 .debug_line    0x00000000      0x70b ./src/adc.o
 .debug_line    0x0000070b       0xef ./src/cr_startup_lpc5410x.o
 .debug_line    0x000007fa       0x78 ./src/crp.o
 .debug_line    0x00000872      0x465 ./src/sysinit.o
 .debug_line    0x00000cd7      0x5db C:\nxp\Good_Workspace\lpc_board_lpcxpresso_54102\Debug\liblpc_board_lpcxpresso_54102.a(board.o)
 .debug_line    0x000012b2      0x501 C:\nxp\Good_Workspace\lpc_board_lpcxpresso_54102\Debug\liblpc_board_lpcxpresso_54102.a(board_sysinit.o)
 .debug_line    0x000017b3      0x4cd C:\nxp\Good_Workspace\lpc_chip_5410x\Debug\liblpc_chip_5410x.a(adc_5410x.o)
 .debug_line    0x00001c80      0x40a C:\nxp\Good_Workspace\lpc_chip_5410x\Debug\liblpc_chip_5410x.a(chip_5410x.o)
 .debug_line    0x0000208a      0x674 C:\nxp\Good_Workspace\lpc_chip_5410x\Debug\liblpc_chip_5410x.a(clock_5410x.o)
 .debug_line    0x000026fe      0x1cc C:\nxp\Good_Workspace\lpc_chip_5410x\Debug\liblpc_chip_5410x.a(fpu_init.o)
 .debug_line    0x000028ca      0x4cb C:\nxp\Good_Workspace\lpc_chip_5410x\Debug\liblpc_chip_5410x.a(gpio_5410x.o)
 .debug_line    0x00002d95      0x431 C:\nxp\Good_Workspace\lpc_chip_5410x\Debug\liblpc_chip_5410x.a(iocon_5410x.o)
 .debug_line    0x000031c6      0x804 C:\nxp\Good_Workspace\lpc_chip_5410x\Debug\liblpc_chip_5410x.a(pll_5410x.o)
 .debug_line    0x000039ca      0x4e9 C:\nxp\Good_Workspace\lpc_chip_5410x\Debug\liblpc_chip_5410x.a(syscon_5410x.o)
 .debug_line    0x00003eb3      0x4f7 C:\nxp\Good_Workspace\lpc_chip_5410x\Debug\liblpc_chip_5410x.a(sysinit_5410x.o)

.debug_str      0x00000000    0x142df
 .debug_str     0x00000000    0x10879 ./src/adc.o
                              0x10948 (size before relaxing)
 .debug_str     0x00010879      0x1ff ./src/cr_startup_lpc5410x.o
                               0x2780 (size before relaxing)
 .debug_str     0x00010a78       0xe9 ./src/crp.o
                               0x2646 (size before relaxing)
 .debug_str     0x00010b61       0x11 ./src/sysinit.o
                               0xfe20 (size before relaxing)
 .debug_str     0x00010b72      0x203 C:\nxp\Good_Workspace\lpc_board_lpcxpresso_54102\Debug\liblpc_board_lpcxpresso_54102.a(board.o)
                              0x1028b (size before relaxing)
 .debug_str     0x00010d75      0x3a5 C:\nxp\Good_Workspace\lpc_board_lpcxpresso_54102\Debug\liblpc_board_lpcxpresso_54102.a(board_sysinit.o)
                              0x10512 (size before relaxing)
 .debug_str     0x0001111a      0xfa3 C:\nxp\Good_Workspace\lpc_chip_5410x\Debug\liblpc_chip_5410x.a(adc_5410x.o)
                              0x10f69 (size before relaxing)
 .debug_str     0x000120bd       0x2a C:\nxp\Good_Workspace\lpc_chip_5410x\Debug\liblpc_chip_5410x.a(chip_5410x.o)
                               0xfa46 (size before relaxing)
 .debug_str     0x000120e7      0x71a C:\nxp\Good_Workspace\lpc_chip_5410x\Debug\liblpc_chip_5410x.a(clock_5410x.o)
                              0x1072f (size before relaxing)
 .debug_str     0x00012801       0xb5 C:\nxp\Good_Workspace\lpc_chip_5410x\Debug\liblpc_chip_5410x.a(fpu_init.o)
                               0x9957 (size before relaxing)
 .debug_str     0x000128b6      0x26b C:\nxp\Good_Workspace\lpc_chip_5410x\Debug\liblpc_chip_5410x.a(gpio_5410x.o)
                               0xff82 (size before relaxing)
 .debug_str     0x00012b21       0x42 C:\nxp\Good_Workspace\lpc_chip_5410x\Debug\liblpc_chip_5410x.a(iocon_5410x.o)
                               0xfa7d (size before relaxing)
 .debug_str     0x00012b63     0x1433 C:\nxp\Good_Workspace\lpc_chip_5410x\Debug\liblpc_chip_5410x.a(pll_5410x.o)
                              0x111c3 (size before relaxing)
 .debug_str     0x00013f96      0x184 C:\nxp\Good_Workspace\lpc_chip_5410x\Debug\liblpc_chip_5410x.a(syscon_5410x.o)
                              0x10087 (size before relaxing)
 .debug_str     0x0001411a      0x1c5 C:\nxp\Good_Workspace\lpc_chip_5410x\Debug\liblpc_chip_5410x.a(sysinit_5410x.o)
                              0x105b1 (size before relaxing)

.comment        0x00000000      0x14c
 .comment       0x00000000       0x6e ./src/adc.o
                                 0x6f (size before relaxing)
 .comment       0x0000006e       0x6f ./src/cr_startup_lpc5410x.o
 .comment       0x0000006e       0x6f ./src/crp.o
 .comment       0x0000006e       0x6f ./src/sysinit.o
 .comment       0x0000006e       0x6f C:\nxp\Good_Workspace\lpc_board_lpcxpresso_54102\Debug\liblpc_board_lpcxpresso_54102.a(board.o)
 .comment       0x0000006e       0x6f C:\nxp\Good_Workspace\lpc_board_lpcxpresso_54102\Debug\liblpc_board_lpcxpresso_54102.a(board_sysinit.o)
 .comment       0x0000006e       0x6f C:\nxp\Good_Workspace\lpc_chip_5410x\Debug\liblpc_chip_5410x.a(adc_5410x.o)
 .comment       0x0000006e       0x6f C:\nxp\Good_Workspace\lpc_chip_5410x\Debug\liblpc_chip_5410x.a(chip_5410x.o)
 .comment       0x0000006e       0x6f C:\nxp\Good_Workspace\lpc_chip_5410x\Debug\liblpc_chip_5410x.a(clock_5410x.o)
 .comment       0x0000006e       0x6f C:\nxp\Good_Workspace\lpc_chip_5410x\Debug\liblpc_chip_5410x.a(fpu_init.o)
 .comment       0x0000006e       0x6f C:\nxp\Good_Workspace\lpc_chip_5410x\Debug\liblpc_chip_5410x.a(gpio_5410x.o)
 .comment       0x0000006e       0x6f C:\nxp\Good_Workspace\lpc_chip_5410x\Debug\liblpc_chip_5410x.a(iocon_5410x.o)
 .comment       0x0000006e       0x6f C:\nxp\Good_Workspace\lpc_chip_5410x\Debug\liblpc_chip_5410x.a(pll_5410x.o)
 .comment       0x0000006e       0x6f C:\nxp\Good_Workspace\lpc_chip_5410x\Debug\liblpc_chip_5410x.a(syscon_5410x.o)
 .comment       0x0000006e       0x6f C:\nxp\Good_Workspace\lpc_chip_5410x\Debug\liblpc_chip_5410x.a(sysinit_5410x.o)
 .comment       0x0000006e       0x70 C:\nxp\Good_Workspace\lpc_chip_5410x\libs\libpower.a(power_library.o)
                                 0x71 (size before relaxing)
 .comment       0x000000de       0x6e c:/nxp/lpcxpresso_8.2.2_650/lpcxpresso/tools/bin/../lib/gcc/arm-none-eabi/5.4.1/../../../../arm-none-eabi/lib/armv7e-m/softfp\libcr_semihost.a(_cr__main.o)
                                 0x6f (size before relaxing)
 .comment       0x0000014c       0x6f c:/nxp/lpcxpresso_8.2.2_650/lpcxpresso/tools/bin/../lib/gcc/arm-none-eabi/5.4.1/../../../../arm-none-eabi/lib/armv7e-m/softfp\libcr_c.a(fpprintf.o)
 .comment       0x0000014c       0x6f c:/nxp/lpcxpresso_8.2.2_650/lpcxpresso/tools/bin/../lib/gcc/arm-none-eabi/5.4.1/../../../../arm-none-eabi/lib/armv7e-m/softfp\libcr_c.a(initio.o)
 .comment       0x0000014c       0x6f c:/nxp/lpcxpresso_8.2.2_650/lpcxpresso/tools/bin/../lib/gcc/arm-none-eabi/5.4.1/../../../../arm-none-eabi/lib/armv7e-m/softfp\libcr_c.a(printf.o)
 .comment       0x0000014c       0x6f c:/nxp/lpcxpresso_8.2.2_650/lpcxpresso/tools/bin/../lib/gcc/arm-none-eabi/5.4.1/../../../../arm-none-eabi/lib/armv7e-m/softfp\libcr_c.a(setvbuf.o)
 .comment       0x0000014c       0x6f c:/nxp/lpcxpresso_8.2.2_650/lpcxpresso/tools/bin/../lib/gcc/arm-none-eabi/5.4.1/../../../../arm-none-eabi/lib/armv7e-m/softfp\libcr_c.a(stdio.o)
 .comment       0x0000014c       0x6f c:/nxp/lpcxpresso_8.2.2_650/lpcxpresso/tools/bin/../lib/gcc/arm-none-eabi/5.4.1/../../../../arm-none-eabi/lib/armv7e-m/softfp\libcr_c.a(strlen.o)
 .comment       0x0000014c       0x6f c:/nxp/lpcxpresso_8.2.2_650/lpcxpresso/tools/bin/../lib/gcc/arm-none-eabi/5.4.1/../../../../arm-none-eabi/lib/armv7e-m/softfp\libcr_c.a(memset.o)
 .comment       0x0000014c       0x6f c:/nxp/lpcxpresso_8.2.2_650/lpcxpresso/tools/bin/../lib/gcc/arm-none-eabi/5.4.1/../../../../arm-none-eabi/lib/armv7e-m/softfp\libcr_c.a(_deferredlazyseek.o)
 .comment       0x0000014c       0x6f c:/nxp/lpcxpresso_8.2.2_650/lpcxpresso/tools/bin/../lib/gcc/arm-none-eabi/5.4.1/../../../../arm-none-eabi/lib/armv7e-m/softfp\libcr_c.a(_fdopen.o)
 .comment       0x0000014c       0x6f c:/nxp/lpcxpresso_8.2.2_650/lpcxpresso/tools/bin/../lib/gcc/arm-none-eabi/5.4.1/../../../../arm-none-eabi/lib/armv7e-m/softfp\libcr_c.a(_fflush.o)
 .comment       0x0000014c       0x6f c:/nxp/lpcxpresso_8.2.2_650/lpcxpresso/tools/bin/../lib/gcc/arm-none-eabi/5.4.1/../../../../arm-none-eabi/lib/armv7e-m/softfp\libcr_c.a(_frexpl.o)
 .comment       0x0000014c       0x6f c:/nxp/lpcxpresso_8.2.2_650/lpcxpresso/tools/bin/../lib/gcc/arm-none-eabi/5.4.1/../../../../arm-none-eabi/lib/armv7e-m/softfp\libcr_c.a(_ldexpl.o)
 .comment       0x0000014c       0x6f c:/nxp/lpcxpresso_8.2.2_650/lpcxpresso/tools/bin/../lib/gcc/arm-none-eabi/5.4.1/../../../../arm-none-eabi/lib/armv7e-m/softfp\libcr_c.a(_writebuf.o)
 .comment       0x0000014c       0x6f c:/nxp/lpcxpresso_8.2.2_650/lpcxpresso/tools/bin/../lib/gcc/arm-none-eabi/5.4.1/../../../../arm-none-eabi/lib/armv7e-m/softfp\libcr_c.a(alloc.o)
 .comment       0x0000014c       0x6f c:/nxp/lpcxpresso_8.2.2_650/lpcxpresso/tools/bin/../lib/gcc/arm-none-eabi/5.4.1/../../../../arm-none-eabi/lib/armv7e-m/softfp\libcr_c.a(errno.o)
 .comment       0x0000014c       0x6f c:/nxp/lpcxpresso_8.2.2_650/lpcxpresso/tools/bin/../lib/gcc/arm-none-eabi/5.4.1/../../../../arm-none-eabi/lib/armv7e-m/softfp\libcr_c.a(fclose.o)
 .comment       0x0000014c       0x6f c:/nxp/lpcxpresso_8.2.2_650/lpcxpresso/tools/bin/../lib/gcc/arm-none-eabi/5.4.1/../../../../arm-none-eabi/lib/armv7e-m/softfp\libcr_c.a(fflush.o)
 .comment       0x0000014c       0x6f c:/nxp/lpcxpresso_8.2.2_650/lpcxpresso/tools/bin/../lib/gcc/arm-none-eabi/5.4.1/../../../../arm-none-eabi/lib/armv7e-m/softfp\libcr_c.a(fseek.o)
 .comment       0x0000014c       0x6f c:/nxp/lpcxpresso_8.2.2_650/lpcxpresso/tools/bin/../lib/gcc/arm-none-eabi/5.4.1/../../../../arm-none-eabi/lib/armv7e-m/softfp\libcr_c.a(ftell.o)
 .comment       0x0000014c       0x6f c:/nxp/lpcxpresso_8.2.2_650/lpcxpresso/tools/bin/../lib/gcc/arm-none-eabi/5.4.1/../../../../arm-none-eabi/lib/armv7e-m/softfp\libcr_c.a(remove.o)
 .comment       0x0000014c       0x6f c:/nxp/lpcxpresso_8.2.2_650/lpcxpresso/tools/bin/../lib/gcc/arm-none-eabi/5.4.1/../../../../arm-none-eabi/lib/armv7e-m/softfp\libcr_c.a(__init_alloc.o)
 .comment       0x0000014c       0x6f c:/nxp/lpcxpresso_8.2.2_650/lpcxpresso/tools/bin/../lib/gcc/arm-none-eabi/5.4.1/../../../../arm-none-eabi/lib/armv7e-m/softfp\libcr_c.a(_cr_sbrk.o)
 .comment       0x0000014c       0x6f c:/nxp/lpcxpresso_8.2.2_650/lpcxpresso/tools/bin/../lib/gcc/arm-none-eabi/5.4.1/../../../../arm-none-eabi/lib/armv7e-m/softfp\libcr_c.a(_do_fflush.o)
 .comment       0x0000014c       0x6f c:/nxp/lpcxpresso_8.2.2_650/lpcxpresso/tools/bin/../lib/gcc/arm-none-eabi/5.4.1/../../../../arm-none-eabi/lib/armv7e-m/softfp\libcr_c.a(_hugeval.o)
 .comment       0x0000014c       0x6f c:/nxp/lpcxpresso_8.2.2_650/lpcxpresso/tools/bin/../lib/gcc/arm-none-eabi/5.4.1/../../../../arm-none-eabi/lib/armv7e-m/softfp\libcr_c.a(_cr_check_heap.o)
 .comment       0x0000014c       0x6f c:/nxp/lpcxpresso_8.2.2_650/lpcxpresso/tools/bin/../lib/gcc/arm-none-eabi/5.4.1/armv7e-m/softfp\libcr_eabihelpers.a(double.o)

.ARM.attributes
                0x00000000       0x35
 .ARM.attributes
                0x00000000       0x37 ./src/adc.o
 .ARM.attributes
                0x00000037       0x37 ./src/cr_startup_lpc5410x.o
 .ARM.attributes
                0x0000006e       0x37 ./src/crp.o
 .ARM.attributes
                0x000000a5       0x37 ./src/sysinit.o
 .ARM.attributes
                0x000000dc       0x37 C:\nxp\Good_Workspace\lpc_board_lpcxpresso_54102\Debug\liblpc_board_lpcxpresso_54102.a(board.o)
 .ARM.attributes
                0x00000113       0x37 C:\nxp\Good_Workspace\lpc_board_lpcxpresso_54102\Debug\liblpc_board_lpcxpresso_54102.a(board_sysinit.o)
 .ARM.attributes
                0x0000014a       0x37 C:\nxp\Good_Workspace\lpc_chip_5410x\Debug\liblpc_chip_5410x.a(adc_5410x.o)
 .ARM.attributes
                0x00000181       0x37 C:\nxp\Good_Workspace\lpc_chip_5410x\Debug\liblpc_chip_5410x.a(chip_5410x.o)
 .ARM.attributes
                0x000001b8       0x37 C:\nxp\Good_Workspace\lpc_chip_5410x\Debug\liblpc_chip_5410x.a(clock_5410x.o)
 .ARM.attributes
                0x000001ef       0x37 C:\nxp\Good_Workspace\lpc_chip_5410x\Debug\liblpc_chip_5410x.a(fpu_init.o)
 .ARM.attributes
                0x00000226       0x37 C:\nxp\Good_Workspace\lpc_chip_5410x\Debug\liblpc_chip_5410x.a(gpio_5410x.o)
 .ARM.attributes
                0x0000025d       0x37 C:\nxp\Good_Workspace\lpc_chip_5410x\Debug\liblpc_chip_5410x.a(iocon_5410x.o)
 .ARM.attributes
                0x00000294       0x37 C:\nxp\Good_Workspace\lpc_chip_5410x\Debug\liblpc_chip_5410x.a(pll_5410x.o)
 .ARM.attributes
                0x000002cb       0x37 C:\nxp\Good_Workspace\lpc_chip_5410x\Debug\liblpc_chip_5410x.a(syscon_5410x.o)
 .ARM.attributes
                0x00000302       0x37 C:\nxp\Good_Workspace\lpc_chip_5410x\Debug\liblpc_chip_5410x.a(sysinit_5410x.o)
 .ARM.attributes
                0x00000339       0x37 C:\nxp\Good_Workspace\lpc_chip_5410x\libs\libpower.a(power_library.o)
 .ARM.attributes
                0x00000370       0x37 c:/nxp/lpcxpresso_8.2.2_650/lpcxpresso/tools/bin/../lib/gcc/arm-none-eabi/5.4.1/../../../../arm-none-eabi/lib/armv7e-m/softfp\libcr_semihost.a(_cr__main.o)
 .ARM.attributes
                0x000003a7       0x37 c:/nxp/lpcxpresso_8.2.2_650/lpcxpresso/tools/bin/../lib/gcc/arm-none-eabi/5.4.1/../../../../arm-none-eabi/lib/armv7e-m/softfp\libcr_c.a(fpprintf.o)
 .ARM.attributes
                0x000003de       0x37 c:/nxp/lpcxpresso_8.2.2_650/lpcxpresso/tools/bin/../lib/gcc/arm-none-eabi/5.4.1/../../../../arm-none-eabi/lib/armv7e-m/softfp\libcr_c.a(initio.o)
 .ARM.attributes
                0x00000415       0x37 c:/nxp/lpcxpresso_8.2.2_650/lpcxpresso/tools/bin/../lib/gcc/arm-none-eabi/5.4.1/../../../../arm-none-eabi/lib/armv7e-m/softfp\libcr_c.a(printf.o)
 .ARM.attributes
                0x0000044c       0x37 c:/nxp/lpcxpresso_8.2.2_650/lpcxpresso/tools/bin/../lib/gcc/arm-none-eabi/5.4.1/../../../../arm-none-eabi/lib/armv7e-m/softfp\libcr_c.a(setvbuf.o)
 .ARM.attributes
                0x00000483       0x37 c:/nxp/lpcxpresso_8.2.2_650/lpcxpresso/tools/bin/../lib/gcc/arm-none-eabi/5.4.1/../../../../arm-none-eabi/lib/armv7e-m/softfp\libcr_c.a(stdio.o)
 .ARM.attributes
                0x000004ba       0x37 c:/nxp/lpcxpresso_8.2.2_650/lpcxpresso/tools/bin/../lib/gcc/arm-none-eabi/5.4.1/../../../../arm-none-eabi/lib/armv7e-m/softfp\libcr_c.a(strlen.o)
 .ARM.attributes
                0x000004f1       0x37 c:/nxp/lpcxpresso_8.2.2_650/lpcxpresso/tools/bin/../lib/gcc/arm-none-eabi/5.4.1/../../../../arm-none-eabi/lib/armv7e-m/softfp\libcr_c.a(memset.o)
 .ARM.attributes
                0x00000528       0x37 c:/nxp/lpcxpresso_8.2.2_650/lpcxpresso/tools/bin/../lib/gcc/arm-none-eabi/5.4.1/../../../../arm-none-eabi/lib/armv7e-m/softfp\libcr_c.a(_deferredlazyseek.o)
 .ARM.attributes
                0x0000055f       0x37 c:/nxp/lpcxpresso_8.2.2_650/lpcxpresso/tools/bin/../lib/gcc/arm-none-eabi/5.4.1/../../../../arm-none-eabi/lib/armv7e-m/softfp\libcr_c.a(_fdopen.o)
 .ARM.attributes
                0x00000596       0x37 c:/nxp/lpcxpresso_8.2.2_650/lpcxpresso/tools/bin/../lib/gcc/arm-none-eabi/5.4.1/../../../../arm-none-eabi/lib/armv7e-m/softfp\libcr_c.a(_fflush.o)
 .ARM.attributes
                0x000005cd       0x37 c:/nxp/lpcxpresso_8.2.2_650/lpcxpresso/tools/bin/../lib/gcc/arm-none-eabi/5.4.1/../../../../arm-none-eabi/lib/armv7e-m/softfp\libcr_c.a(_frexpl.o)
 .ARM.attributes
                0x00000604       0x37 c:/nxp/lpcxpresso_8.2.2_650/lpcxpresso/tools/bin/../lib/gcc/arm-none-eabi/5.4.1/../../../../arm-none-eabi/lib/armv7e-m/softfp\libcr_c.a(_ldexpl.o)
 .ARM.attributes
                0x0000063b       0x37 c:/nxp/lpcxpresso_8.2.2_650/lpcxpresso/tools/bin/../lib/gcc/arm-none-eabi/5.4.1/../../../../arm-none-eabi/lib/armv7e-m/softfp\libcr_c.a(_writebuf.o)
 .ARM.attributes
                0x00000672       0x37 c:/nxp/lpcxpresso_8.2.2_650/lpcxpresso/tools/bin/../lib/gcc/arm-none-eabi/5.4.1/../../../../arm-none-eabi/lib/armv7e-m/softfp\libcr_c.a(alloc.o)
 .ARM.attributes
                0x000006a9       0x37 c:/nxp/lpcxpresso_8.2.2_650/lpcxpresso/tools/bin/../lib/gcc/arm-none-eabi/5.4.1/../../../../arm-none-eabi/lib/armv7e-m/softfp\libcr_c.a(errno.o)
 .ARM.attributes
                0x000006e0       0x37 c:/nxp/lpcxpresso_8.2.2_650/lpcxpresso/tools/bin/../lib/gcc/arm-none-eabi/5.4.1/../../../../arm-none-eabi/lib/armv7e-m/softfp\libcr_c.a(fclose.o)
 .ARM.attributes
                0x00000717       0x37 c:/nxp/lpcxpresso_8.2.2_650/lpcxpresso/tools/bin/../lib/gcc/arm-none-eabi/5.4.1/../../../../arm-none-eabi/lib/armv7e-m/softfp\libcr_c.a(fflush.o)
 .ARM.attributes
                0x0000074e       0x37 c:/nxp/lpcxpresso_8.2.2_650/lpcxpresso/tools/bin/../lib/gcc/arm-none-eabi/5.4.1/../../../../arm-none-eabi/lib/armv7e-m/softfp\libcr_c.a(fseek.o)
 .ARM.attributes
                0x00000785       0x37 c:/nxp/lpcxpresso_8.2.2_650/lpcxpresso/tools/bin/../lib/gcc/arm-none-eabi/5.4.1/../../../../arm-none-eabi/lib/armv7e-m/softfp\libcr_c.a(ftell.o)
 .ARM.attributes
                0x000007bc       0x37 c:/nxp/lpcxpresso_8.2.2_650/lpcxpresso/tools/bin/../lib/gcc/arm-none-eabi/5.4.1/../../../../arm-none-eabi/lib/armv7e-m/softfp\libcr_c.a(remove.o)
 .ARM.attributes
                0x000007f3       0x37 c:/nxp/lpcxpresso_8.2.2_650/lpcxpresso/tools/bin/../lib/gcc/arm-none-eabi/5.4.1/../../../../arm-none-eabi/lib/armv7e-m/softfp\libcr_c.a(__init_alloc.o)
 .ARM.attributes
                0x0000082a       0x37 c:/nxp/lpcxpresso_8.2.2_650/lpcxpresso/tools/bin/../lib/gcc/arm-none-eabi/5.4.1/../../../../arm-none-eabi/lib/armv7e-m/softfp\libcr_c.a(_cr_sbrk.o)
 .ARM.attributes
                0x00000861       0x37 c:/nxp/lpcxpresso_8.2.2_650/lpcxpresso/tools/bin/../lib/gcc/arm-none-eabi/5.4.1/../../../../arm-none-eabi/lib/armv7e-m/softfp\libcr_c.a(_do_fflush.o)
 .ARM.attributes
                0x00000898       0x37 c:/nxp/lpcxpresso_8.2.2_650/lpcxpresso/tools/bin/../lib/gcc/arm-none-eabi/5.4.1/../../../../arm-none-eabi/lib/armv7e-m/softfp\libcr_c.a(_hugeval.o)
 .ARM.attributes
                0x000008cf       0x37 c:/nxp/lpcxpresso_8.2.2_650/lpcxpresso/tools/bin/../lib/gcc/arm-none-eabi/5.4.1/../../../../arm-none-eabi/lib/armv7e-m/softfp\libcr_c.a(_cr_check_heap.o)
 .ARM.attributes
                0x00000906       0x25 c:/nxp/lpcxpresso_8.2.2_650/lpcxpresso/tools/bin/../lib/gcc/arm-none-eabi/5.4.1/armv7e-m/softfp\libcr_eabihelpers.a(division_64.o)
 .ARM.attributes
                0x0000092b       0x25 c:/nxp/lpcxpresso_8.2.2_650/lpcxpresso/tools/bin/../lib/gcc/arm-none-eabi/5.4.1/armv7e-m/softfp\libcr_eabihelpers.a(division_idiv0.o)
 .ARM.attributes
                0x00000950       0x37 c:/nxp/lpcxpresso_8.2.2_650/lpcxpresso/tools/bin/../lib/gcc/arm-none-eabi/5.4.1/armv7e-m/softfp\libcr_eabihelpers.a(double.o)
 .ARM.attributes
                0x00000987       0x25 c:/nxp/lpcxpresso_8.2.2_650/lpcxpresso/tools/bin/../lib/gcc/arm-none-eabi/5.4.1/armv7e-m/softfp\libcr_eabihelpers.a(memcpy.o)
 .ARM.attributes
                0x000009ac       0x25 c:/nxp/lpcxpresso_8.2.2_650/lpcxpresso/tools/bin/../lib/gcc/arm-none-eabi/5.4.1/../../../../arm-none-eabi/lib/armv7e-m/softfp\libcr_semihost.a(__sys_appexit.o)
 .ARM.attributes
                0x000009d1       0x25 c:/nxp/lpcxpresso_8.2.2_650/lpcxpresso/tools/bin/../lib/gcc/arm-none-eabi/5.4.1/../../../../arm-none-eabi/lib/armv7e-m/softfp\libcr_semihost.a(__sys_close.o)
 .ARM.attributes
                0x000009f6       0x25 c:/nxp/lpcxpresso_8.2.2_650/lpcxpresso/tools/bin/../lib/gcc/arm-none-eabi/5.4.1/../../../../arm-none-eabi/lib/armv7e-m/softfp\libcr_semihost.a(__sys_flen.o)
 .ARM.attributes
                0x00000a1b       0x25 c:/nxp/lpcxpresso_8.2.2_650/lpcxpresso/tools/bin/../lib/gcc/arm-none-eabi/5.4.1/../../../../arm-none-eabi/lib/armv7e-m/softfp\libcr_semihost.a(__sys_istty.o)
 .ARM.attributes
                0x00000a40       0x25 c:/nxp/lpcxpresso_8.2.2_650/lpcxpresso/tools/bin/../lib/gcc/arm-none-eabi/5.4.1/../../../../arm-none-eabi/lib/armv7e-m/softfp\libcr_semihost.a(__sys_remove.o)
 .ARM.attributes
                0x00000a65       0x25 c:/nxp/lpcxpresso_8.2.2_650/lpcxpresso/tools/bin/../lib/gcc/arm-none-eabi/5.4.1/../../../../arm-none-eabi/lib/armv7e-m/softfp\libcr_semihost.a(__sys_seek.o)
 .ARM.attributes
                0x00000a8a       0x25 c:/nxp/lpcxpresso_8.2.2_650/lpcxpresso/tools/bin/../lib/gcc/arm-none-eabi/5.4.1/../../../../arm-none-eabi/lib/armv7e-m/softfp\libcr_semihost.a(__sys_tmpnam.o)
 .ARM.attributes
                0x00000aaf       0x25 c:/nxp/lpcxpresso_8.2.2_650/lpcxpresso/tools/bin/../lib/gcc/arm-none-eabi/5.4.1/../../../../arm-none-eabi/lib/armv7e-m/softfp\libcr_semihost.a(__sys_write.o)

.debug_frame    0x00000000     0x1780
 .debug_frame   0x00000000      0x460 ./src/adc.o
 .debug_frame   0x00000460      0x170 ./src/cr_startup_lpc5410x.o
 .debug_frame   0x000005d0       0x2c ./src/sysinit.o
 .debug_frame   0x000005fc      0x278 C:\nxp\Good_Workspace\lpc_board_lpcxpresso_54102\Debug\liblpc_board_lpcxpresso_54102.a(board.o)
 .debug_frame   0x00000874      0x130 C:\nxp\Good_Workspace\lpc_board_lpcxpresso_54102\Debug\liblpc_board_lpcxpresso_54102.a(board_sysinit.o)
 .debug_frame   0x000009a4       0xf0 C:\nxp\Good_Workspace\lpc_chip_5410x\Debug\liblpc_chip_5410x.a(adc_5410x.o)
 .debug_frame   0x00000a94       0x2c C:\nxp\Good_Workspace\lpc_chip_5410x\Debug\liblpc_chip_5410x.a(chip_5410x.o)
 .debug_frame   0x00000ac0      0x3d8 C:\nxp\Good_Workspace\lpc_chip_5410x\Debug\liblpc_chip_5410x.a(clock_5410x.o)
 .debug_frame   0x00000e98       0x38 C:\nxp\Good_Workspace\lpc_chip_5410x\Debug\liblpc_chip_5410x.a(fpu_init.o)
 .debug_frame   0x00000ed0      0x190 C:\nxp\Good_Workspace\lpc_chip_5410x\Debug\liblpc_chip_5410x.a(gpio_5410x.o)
 .debug_frame   0x00001060       0x5c C:\nxp\Good_Workspace\lpc_chip_5410x\Debug\liblpc_chip_5410x.a(iocon_5410x.o)
 .debug_frame   0x000010bc      0x3e0 C:\nxp\Good_Workspace\lpc_chip_5410x\Debug\liblpc_chip_5410x.a(pll_5410x.o)
 .debug_frame   0x0000149c      0x15c C:\nxp\Good_Workspace\lpc_chip_5410x\Debug\liblpc_chip_5410x.a(syscon_5410x.o)
 .debug_frame   0x000015f8      0x188 C:\nxp\Good_Workspace\lpc_chip_5410x\Debug\liblpc_chip_5410x.a(sysinit_5410x.o)
