Archive member included to satisfy reference by file (symbol)

C:\nxp\Good_Workspace\lpc_board_lpcxpresso_54102\Debug\liblpc_board_lpcxpresso_54102.a(board.o)
                              ./src/adc_V2.o (Board_Init)
C:\nxp\Good_Workspace\lpc_board_lpcxpresso_54102\Debug\liblpc_board_lpcxpresso_54102.a(board_sysinit.o)
                              ./src/sysinit.o (Board_SystemInit)
C:\nxp\Good_Workspace\lpc_chip_5410x\Debug\liblpc_chip_5410x.a(adc_5410x.o)
                              ./src/adc_V2.o (Chip_ADC_Init)
C:\nxp\Good_Workspace\lpc_chip_5410x\Debug\liblpc_chip_5410x.a(chip_5410x.o)
                              ./src/adc_V2.o (SystemCoreClock)
C:\nxp\Good_Workspace\lpc_chip_5410x\Debug\liblpc_chip_5410x.a(clock_5410x.o)
                              ./src/adc_V2.o (Chip_Clock_GetMainClockRate)
C:\nxp\Good_Workspace\lpc_chip_5410x\Debug\liblpc_chip_5410x.a(fpu_init.o)
                              ./src/sysinit.o (fpuInit)
C:\nxp\Good_Workspace\lpc_chip_5410x\Debug\liblpc_chip_5410x.a(gpio_5410x.o)
                              ./src/adc_V2.o (Chip_GPIO_Init)
C:\nxp\Good_Workspace\lpc_chip_5410x\Debug\liblpc_chip_5410x.a(iocon_5410x.o)
                              C:\nxp\Good_Workspace\lpc_board_lpcxpresso_54102\Debug\liblpc_board_lpcxpresso_54102.a(board_sysinit.o) (Chip_IOCON_SetPinMuxing)
C:\nxp\Good_Workspace\lpc_chip_5410x\Debug\liblpc_chip_5410x.a(pll_5410x.o)
                              C:\nxp\Good_Workspace\lpc_chip_5410x\Debug\liblpc_chip_5410x.a(clock_5410x.o) (Chip_Clock_GetSystemPLLInClockRate)
C:\nxp\Good_Workspace\lpc_chip_5410x\Debug\liblpc_chip_5410x.a(syscon_5410x.o)
                              C:\nxp\Good_Workspace\lpc_chip_5410x\Debug\liblpc_chip_5410x.a(gpio_5410x.o) (Chip_SYSCON_PeriphReset)
C:\nxp\Good_Workspace\lpc_chip_5410x\Debug\liblpc_chip_5410x.a(sysinit_5410x.o)
                              C:\nxp\Good_Workspace\lpc_board_lpcxpresso_54102\Debug\liblpc_board_lpcxpresso_54102.a(board_sysinit.o) (Chip_SetupIrcClocking)
C:\nxp\Good_Workspace\lpc_chip_5410x\Debug\liblpc_chip_5410x.a(uart_5410x.o)
                              C:\nxp\Good_Workspace\lpc_board_lpcxpresso_54102\Debug\liblpc_board_lpcxpresso_54102.a(board.o) (Chip_UART_Init)
C:\nxp\Good_Workspace\lpc_chip_5410x\Debug\liblpc_chip_5410x.a(ring_buffer.o)
                              C:\nxp\Good_Workspace\lpc_chip_5410x\Debug\liblpc_chip_5410x.a(uart_5410x.o) (RingBuffer_Insert)
C:\nxp\Good_Workspace\lpc_chip_5410x\libs\libpower.a(power_library.o)
                              C:\nxp\Good_Workspace\lpc_chip_5410x\Debug\liblpc_chip_5410x.a(pll_5410x.o) (Chip_POWER_SetVoltage)
c:/nxp/lpcxpresso_8.2.2_650/lpcxpresso/tools/bin/../lib/gcc/arm-none-eabi/5.4.1/../../../../arm-none-eabi/lib/armv7e-m/softfp\libcr_semihost.a(_cr__main.o)
                              ./src/cr_startup_lpc5410x.o (__main)
c:/nxp/lpcxpresso_8.2.2_650/lpcxpresso/tools/bin/../lib/gcc/arm-none-eabi/5.4.1/../../../../arm-none-eabi/lib/armv7e-m/softfp\libcr_c.a(memcpy.o)
                              C:\nxp\Good_Workspace\lpc_chip_5410x\Debug\liblpc_chip_5410x.a(ring_buffer.o) (memcpy)
c:/nxp/lpcxpresso_8.2.2_650/lpcxpresso/tools/bin/../lib/gcc/arm-none-eabi/5.4.1/../../../../arm-none-eabi/lib/armv7e-m/softfp\libcr_c.a(fpprintf.o)
                              ./src/adc_V2.o (printf)
c:/nxp/lpcxpresso_8.2.2_650/lpcxpresso/tools/bin/../lib/gcc/arm-none-eabi/5.4.1/../../../../arm-none-eabi/lib/armv7e-m/softfp\libcr_c.a(initio.o)
                              c:/nxp/lpcxpresso_8.2.2_650/lpcxpresso/tools/bin/../lib/gcc/arm-none-eabi/5.4.1/../../../../arm-none-eabi/lib/armv7e-m/softfp\libcr_semihost.a(_cr__main.o) (_initio)
c:/nxp/lpcxpresso_8.2.2_650/lpcxpresso/tools/bin/../lib/gcc/arm-none-eabi/5.4.1/../../../../arm-none-eabi/lib/armv7e-m/softfp\libcr_c.a(printf.o)
                              c:/nxp/lpcxpresso_8.2.2_650/lpcxpresso/tools/bin/../lib/gcc/arm-none-eabi/5.4.1/../../../../arm-none-eabi/lib/armv7e-m/softfp\libcr_c.a(fpprintf.o) (__vfprintf)
c:/nxp/lpcxpresso_8.2.2_650/lpcxpresso/tools/bin/../lib/gcc/arm-none-eabi/5.4.1/../../../../arm-none-eabi/lib/armv7e-m/softfp\libcr_c.a(setvbuf.o)
                              c:/nxp/lpcxpresso_8.2.2_650/lpcxpresso/tools/bin/../lib/gcc/arm-none-eabi/5.4.1/../../../../arm-none-eabi/lib/armv7e-m/softfp\libcr_c.a(initio.o) (setvbuf)
c:/nxp/lpcxpresso_8.2.2_650/lpcxpresso/tools/bin/../lib/gcc/arm-none-eabi/5.4.1/../../../../arm-none-eabi/lib/armv7e-m/softfp\libcr_c.a(stdio.o)
                              c:/nxp/lpcxpresso_8.2.2_650/lpcxpresso/tools/bin/../lib/gcc/arm-none-eabi/5.4.1/../../../../arm-none-eabi/lib/armv7e-m/softfp\libcr_c.a(fpprintf.o) (__Ciob)
c:/nxp/lpcxpresso_8.2.2_650/lpcxpresso/tools/bin/../lib/gcc/arm-none-eabi/5.4.1/../../../../arm-none-eabi/lib/armv7e-m/softfp\libcr_c.a(strlen.o)
                              C:\nxp\Good_Workspace\lpc_board_lpcxpresso_54102\Debug\liblpc_board_lpcxpresso_54102.a(board.o) (strlen)
[...]
Memory Configuration

Name             Origin             Length             Attributes
MFlash512        0x00000000         0x00080000         xr
Ram0_64          0x02000000         0x00010000         xrw
Ram1_32          0x02010000         0x00008000         xrw
Ram2_8           0x03400000         0x00002000         xrw
*default*        0x00000000         0xffffffff

Linker script and memory map

LOAD ./src/adc_V2.o
LOAD ./src/cr_startup_lpc5410x.o
LOAD ./src/crp.o
LOAD ./src/sysinit.o
LOAD C:\nxp\Good_Workspace\lpc_board_lpcxpresso_54102\Debug\liblpc_board_lpcxpresso_54102.a
LOAD C:\nxp\Good_Workspace\lpc_chip_5410x\Debug\liblpc_chip_5410x.a
LOAD C:\nxp\Good_Workspace\lpc_chip_5410x\libs\libpower.a
START GROUP
LOAD c:/nxp/lpcxpresso_8.2.2_650/lpcxpresso/tools/bin/../lib/gcc/arm-none-eabi/5.4.1/../../../../arm-none-eabi/lib/armv7e-m/softfp\libcr_semihost.a
LOAD c:/nxp/lpcxpresso_8.2.2_650/lpcxpresso/tools/bin/../lib/gcc/arm-none-eabi/5.4.1/../../../../arm-none-eabi/lib/armv7e-m/softfp\libcr_c.a
LOAD c:/nxp/lpcxpresso_8.2.2_650/lpcxpresso/tools/bin/../lib/gcc/arm-none-eabi/5.4.1/armv7e-m/softfp\libcr_eabihelpers.a
END GROUP
                0x00000000                __base_MFlash512 = 0x0
                0x00000000                __base_Flash = 0x0
                0x00080000                __top_MFlash512 = 0x80000
                0x00080000                __top_Flash = 0x80000
                0x02000000                __base_Ram0_64 = 0x2000000
                0x02000000                __base_RAM = 0x2000000
                0x02010000                __top_Ram0_64 = 0x2010000
                0x02010000                __top_RAM = 0x2010000
                0x02010000                __base_Ram1_32 = 0x2010000
                0x02010000                __base_RAM2 = 0x2010000
                0x02018000                __top_Ram1_32 = 0x2018000
                0x02018000                __top_RAM2 = 0x2018000
                0x03400000                __base_Ram2_8 = 0x3400000
                0x03400000                __base_RAM3 = 0x3400000
                0x03402000                __top_Ram2_8 = 0x3402000
                0x03402000                __top_RAM3 = 0x3402000

.text           0x00000000     0x5140
 FILL mask 0xff
                0x00000000                __vectors_start__ = ABSOLUTE (.)
 *(.isr_vector)
 .isr_vector    0x00000000       0xf4 ./src/cr_startup_lpc5410x.o
                0x00000000                g_pfnVectors
                0x000000f4                . = ALIGN (0x4)
                0x000000f4                __section_table_start = .
                0x000000f4                __data_section_table = .
                0x000000f4        0x4 LONG 0x5140 LOADADDR (.data)
                0x000000f8        0x4 LONG 0x2000000 ADDR (.data)
                0x000000fc        0x4 LONG 0x4 SIZEOF (.data)
                0x00000100        0x4 LONG 0x5140 LOADADDR (.data_RAM2)
                0x00000104        0x4 LONG 0x2010000 ADDR (.data_RAM2)
                0x00000108        0x4 LONG 0x0 SIZEOF (.data_RAM2)
                0x0000010c        0x4 LONG 0x5140 LOADADDR (.data_RAM3)
                0x00000110        0x4 LONG 0x3400000 ADDR (.data_RAM3)
                0x00000114        0x4 LONG 0x0 SIZEOF (.data_RAM3)
                0x00000118                __data_section_table_end = .
                0x00000118                __bss_section_table = .
                0x00000118        0x4 LONG 0x2000004 ADDR (.bss)
                0x0000011c        0x4 LONG 0x160 SIZEOF (.bss)
                0x00000120        0x4 LONG 0x2010000 ADDR (.bss_RAM2)
                0x00000124        0x4 LONG 0x0 SIZEOF (.bss_RAM2)
                0x00000128        0x4 LONG 0x3400000 ADDR (.bss_RAM3)
                0x0000012c        0x4 LONG 0x0 SIZEOF (.bss_RAM3)
                0x00000130                __bss_section_table_end = .
                0x00000130                __section_table_end = .
 *(.after_vectors*)
 .after_vectors
                0x00000130       0xcc ./src/cr_startup_lpc5410x.o
                0x00000130                data_init
                0x00000174                bss_init
                0x000001ac                NMI_Handler
                0x000001b4                HardFault_Handler
                0x000001bc                MemManage_Handler
                0x000001c4                BusFault_Handler
                0x000001cc                UsageFault_Handler
                0x000001d4                SVC_Handler
                0x000001dc                DebugMon_Handler
                0x000001e4                PendSV_Handler
                0x000001f4                UART0_IRQHandler
                0x000001f4                MRT_IRQHandler
                0x000001f4                Reserved42_IRQHandler
                0x000001f4                ADC_SEQB_IRQHandler
                0x000001f4                UART1_IRQHandler
                0x000001f4                SPI1_IRQHandler
                0x000001f4                CT32B2_IRQHandler
                0x000001f4                PIN_INT6_IRQHandler
                0x000001f4                IntDefaultHandler
                0x000001f4                PIN_INT4_IRQHandler
                0x000001f4                I2C0_IRQHandler
                0x000001f4                Reserved43_IRQHandler
                0x000001f4                RTC_IRQHandler
                0x000001f4                CT32B3_IRQHandler
                0x000001f4                RIT_IRQHandler
                0x000001f4                UART2_IRQHandler
                0x000001f4                CT32B1_IRQHandler
                0x000001f4                PIN_INT5_IRQHandler
                0x000001f4                PIN_INT2_IRQHandler
                0x000001f4                PIN_INT7_IRQHandler
                0x000001f4                PIN_INT1_IRQHandler
                0x000001f4                BOD_IRQHandler
                0x000001f4                CT32B4_IRQHandler
                0x000001f4                IOH_IRQHandler
                0x000001f4                SPI2_IRQHandler
                0x000001f4                Reserved41_IRQHandler
                0x000001f4                I2C1_IRQHandler
                0x000001f4                MAILBOX_IRQHandler
                0x000001f4                WDT_IRQHandler
                0x000001f4                I2C2_IRQHandler
                0x000001f4                PIN_INT0_IRQHandler
                0x000001f4                UTICK_IRQHandler
                0x000001f4                CT32B0_IRQHandler
                0x000001f4                GINT0_IRQHandler
                0x000001f4                SPI0_IRQHandler
                0x000001f4                Reserved_IRQHandler
                0x000001f4                Reserved44_IRQHandler
                0x000001f4                DMA_IRQHandler
                0x000001f4                PIN_INT3_IRQHandler
                0x000001f4                SCT0_IRQHandler
                0x000001f4                SPI3_IRQHandler
                0x000001f4                UART3_IRQHandler
                0x000001f4                GINT1_IRQHandler
 .after_vectors.reset
                0x000001fc       0xcc ./src/cr_startup_lpc5410x.o
                0x000001fc                ResetISR
                0x000002fc                . = 0x2fc
 *fill*         0x000002c8       0x34 ff
                0x000002fc                PROVIDE (__CRP_WORD_START__, .)
 *(.crp)
 .crp           0x000002fc        0x4 ./src/crp.o
                0x000002fc                CRP_WORD
                0x00000300                PROVIDE (__CRP_WORD_END__, .)
                0x00000001                ASSERT (! ((__CRP_WORD_START__ == __CRP_WORD_END__)), Linker CRP Enabled, but no CRP_WORD provided within application)
 *(.text*)
 .text.NVIC_EnableIRQ
                0x00000300       0x34 ./src/adc_V2.o
 .text.NVIC_SetPriority
                0x00000334       0x54 ./src/adc_V2.o
 .text.SysTick_Config
                0x00000388       0x44 ./src/adc_V2.o
 .text.Chip_Clock_SetSysTickClockDiv
                0x000003cc       0x20 ./src/adc_V2.o
 .text.Chip_Clock_GetSysTickClockDiv
                0x000003ec       0x18 ./src/adc_V2.o
 .text.Chip_Clock_GetADCClockDiv
                0x00000404       0x18 ./src/adc_V2.o
 .text.Chip_IOCON_PinMuxSet
                0x0000041c       0x30 ./src/adc_V2.o
 .text.Chip_GPIO_SetPinState
                0x0000044c       0x38 ./src/adc_V2.o
 .text.Chip_GPIO_SetPinDIROutput
                0x00000484       0x40 ./src/adc_V2.o
 .text.Chip_GPIO_SetPinToggle
                0x000004c4       0x34 ./src/adc_V2.o
 .text.Chip_ADC_SetIntBits
                0x000004f8       0x28 ./src/adc_V2.o
 .text.Chip_ADC_GetDivider
                0x00000520       0x1c ./src/adc_V2.o
 .text.Chip_ADC_SetSequencerBits
                0x0000053c       0x38 ./src/adc_V2.o
 .text.Chip_ADC_ClearSequencerBits
                0x00000574       0x38 ./src/adc_V2.o
 .text.Chip_ADC_SetupSequencer
                0x000005ac       0x28 ./src/adc_V2.o
 .text.Chip_ADC_EnableSequencer
                0x000005d4       0x24 ./src/adc_V2.o
 .text.Chip_ADC_StartSequencer
                0x000005f8       0x30 ./src/adc_V2.o
 .text.Chip_ADC_GetDataReg
                0x00000628       0x24 ./src/adc_V2.o
 .text.Chip_ADC_EnableInt
                0x0000064c       0x1c ./src/adc_V2.o
 .text.Chip_ADC_GetFlags
                0x00000668       0x18 ./src/adc_V2.o
 .text.Chip_ADC_ClearFlags
                0x00000680       0x1c ./src/adc_V2.o
 .text.SysTick_Handler
                0x0000069c       0x14 ./src/adc_V2.o
                0x0000069c                SysTick_Handler
 .text.ADC_SEQA_IRQHandler
                0x000006b0       0x38 ./src/adc_V2.o
                0x000006b0                ADC_SEQA_IRQHandler
 .text.ADC_THCMP_IRQHandler
                0x000006e8       0x38 ./src/adc_V2.o
                0x000006e8                ADC_THCMP_IRQHandler
 .text.Board_GPIO_Init
                0x00000720       0x90 ./src/adc_V2.o
 .text.flipBit  0x000007b0       0x18 ./src/adc_V2.o
                0x000007b0                flipBit
 .text.main     0x000007c8      0x1e4 ./src/adc_V2.o
                0x000007c8                main
 .text.SystemInit
                0x000009ac       0x20 ./src/sysinit.o
                0x000009ac                SystemInit
 .text.Chip_GPIO_SetPinState
                0x000009cc       0x38 C:\nxp\Good_Workspace\lpc_board_lpcxpresso_54102\Debug\liblpc_board_lpcxpresso_54102.a(board.o)
 .text.Chip_GPIO_SetPinDIROutput
                0x00000a04       0x40 C:\nxp\Good_Workspace\lpc_board_lpcxpresso_54102\Debug\liblpc_board_lpcxpresso_54102.a(board.o)
 .text.Board_LED_Init
                0x00000a44       0x4c C:\nxp\Good_Workspace\lpc_board_lpcxpresso_54102\Debug\liblpc_board_lpcxpresso_54102.a(board.o)
 .text.Board_Init
                0x00000a90       0x20 C:\nxp\Good_Workspace\lpc_board_lpcxpresso_54102\Debug\liblpc_board_lpcxpresso_54102.a(board.o)
                0x00000a90                Board_Init
 .text.Chip_GPIO_SetPinState
                0x00000ab0       0x38 C:\nxp\Good_Workspace\lpc_board_lpcxpresso_54102\Debug\liblpc_board_lpcxpresso_54102.a(board_sysinit.o)
 .text.Chip_GPIO_GetPinState
                0x00000ae8       0x38 C:\nxp\Good_Workspace\lpc_board_lpcxpresso_54102\Debug\liblpc_board_lpcxpresso_54102.a(board_sysinit.o)
 .text.Chip_GPIO_SetPinDIROutput
                0x00000b20       0x40 C:\nxp\Good_Workspace\lpc_board_lpcxpresso_54102\Debug\liblpc_board_lpcxpresso_54102.a(board_sysinit.o)
 .text.Chip_GPIO_SetPinDIRInput
                0x00000b60       0x40 C:\nxp\Good_Workspace\lpc_board_lpcxpresso_54102\Debug\liblpc_board_lpcxpresso_54102.a(board_sysinit.o)
 .text.ConfigureBridgeSSEL
                0x00000ba0       0x7c C:\nxp\Good_Workspace\lpc_board_lpcxpresso_54102\Debug\liblpc_board_lpcxpresso_54102.a(board_sysinit.o)
 .text.Board_SetupMuxing
                0x00000c1c       0x24 C:\nxp\Good_Workspace\lpc_board_lpcxpresso_54102\Debug\liblpc_board_lpcxpresso_54102.a(board_sysinit.o)
                0x00000c1c                Board_SetupMuxing
 .text.Board_SetupClocking
                0x00000c40       0x44 C:\nxp\Good_Workspace\lpc_board_lpcxpresso_54102\Debug\liblpc_board_lpcxpresso_54102.a(board_sysinit.o)
                0x00000c40                Board_SetupClocking
 .text.Board_SystemInit
                0x00000c84       0x10 C:\nxp\Good_Workspace\lpc_board_lpcxpresso_54102\Debug\liblpc_board_lpcxpresso_54102.a(board_sysinit.o)
                0x00000c84                Board_SystemInit
 .text.Chip_ADC_SetDivider
                0x00000c94       0x2c C:\nxp\Good_Workspace\lpc_chip_5410x\Debug\liblpc_chip_5410x.a(adc_5410x.o)
 .text.Chip_ADC_Init
                0x00000cc0       0x30 C:\nxp\Good_Workspace\lpc_chip_5410x\Debug\liblpc_chip_5410x.a(adc_5410x.o)
                0x00000cc0                Chip_ADC_Init
 .text.Chip_ADC_Calibration
                0x00000cf0      0x110 C:\nxp\Good_Workspace\lpc_chip_5410x\Debug\liblpc_chip_5410x.a(adc_5410x.o)
                0x00000cf0                Chip_ADC_Calibration
 .text.Chip_ADC_SetClockRate
                0x00000e00       0x3c C:\nxp\Good_Workspace\lpc_chip_5410x\Debug\liblpc_chip_5410x.a(adc_5410x.o)
                0x00000e00                Chip_ADC_SetClockRate
 .text.SystemCoreClockUpdate
                0x00000e3c       0x18 C:\nxp\Good_Workspace\lpc_chip_5410x\Debug\liblpc_chip_5410x.a(chip_5410x.o)
                0x00000e3c                SystemCoreClockUpdate
 .text.Chip_Clock_GetIntOscRate
                0x00000e54       0x14 C:\nxp\Good_Workspace\lpc_chip_5410x\Debug\liblpc_chip_5410x.a(clock_5410x.o)
 .text.Chip_Clock_GetExtClockInRate
                0x00000e68       0x18 C:\nxp\Good_Workspace\lpc_chip_5410x\Debug\liblpc_chip_5410x.a(clock_5410x.o)
 .text.Chip_Clock_GetRTCOscRate
                0x00000e80       0x14 C:\nxp\Good_Workspace\lpc_chip_5410x\Debug\liblpc_chip_5410x.a(clock_5410x.o)
 .text.Chip_Clock_GetWDTOSCRate
                0x00000e94       0x14 C:\nxp\Good_Workspace\lpc_chip_5410x\Debug\liblpc_chip_5410x.a(clock_5410x.o)
 .text.Chip_Clock_SetMain_A_ClockSource
                0x00000ea8       0x20 C:\nxp\Good_Workspace\lpc_chip_5410x\Debug\liblpc_chip_5410x.a(clock_5410x.o)
 .text.Chip_Clock_GetMain_A_ClockSource
                0x00000ec8       0x18 C:\nxp\Good_Workspace\lpc_chip_5410x\Debug\liblpc_chip_5410x.a(clock_5410x.o)
 .text.Chip_Clock_SetMain_B_ClockSource
                0x00000ee0       0x20 C:\nxp\Good_Workspace\lpc_chip_5410x\Debug\liblpc_chip_5410x.a(clock_5410x.o)
 .text.Chip_Clock_GetMain_B_ClockSource
                0x00000f00       0x18 C:\nxp\Good_Workspace\lpc_chip_5410x\Debug\liblpc_chip_5410x.a(clock_5410x.o)
 .text.Chip_Clock_GetADCClockDiv
                0x00000f18       0x18 C:\nxp\Good_Workspace\lpc_chip_5410x\Debug\liblpc_chip_5410x.a(clock_5410x.o)
 .text.Chip_Clock_GetADCClockSource
                0x00000f30       0x18 C:\nxp\Good_Workspace\lpc_chip_5410x\Debug\liblpc_chip_5410x.a(clock_5410x.o)
 .text.Chip_Clock_GetMain_A_ClockRate
                0x00000f48       0x44 C:\nxp\Good_Workspace\lpc_chip_5410x\Debug\liblpc_chip_5410x.a(clock_5410x.o)
                0x00000f48                Chip_Clock_GetMain_A_ClockRate
 .text.Chip_Clock_GetMain_B_ClockRate
                0x00000f8c       0x58 C:\nxp\Good_Workspace\lpc_chip_5410x\Debug\liblpc_chip_5410x.a(clock_5410x.o)
                0x00000f8c                Chip_Clock_GetMain_B_ClockRate
 .text.Chip_Clock_SetCLKOUTSource
                0x00000fe4       0x50 C:\nxp\Good_Workspace\lpc_chip_5410x\Debug\liblpc_chip_5410x.a(clock_5410x.o)
                0x00000fe4                Chip_Clock_SetCLKOUTSource
 .text.Chip_Clock_EnablePeriphClock
                0x00001034       0x64 C:\nxp\Good_Workspace\lpc_chip_5410x\Debug\liblpc_chip_5410x.a(clock_5410x.o)
                0x00001034                Chip_Clock_EnablePeriphClock
 .text.Chip_Clock_GetSysTickClockRate
                0x00001098       0x3c C:\nxp\Good_Workspace\lpc_chip_5410x\Debug\liblpc_chip_5410x.a(clock_5410x.o)
                0x00001098                Chip_Clock_GetSysTickClockRate
 .text.Chip_Clock_GetADCClockRate
                0x000010d4       0x58 C:\nxp\Good_Workspace\lpc_chip_5410x\Debug\liblpc_chip_5410x.a(clock_5410x.o)
                0x000010d4                Chip_Clock_GetADCClockRate
 .text.Chip_Clock_SetAsyncSysconClockSource
                0x0000112c       0x3c C:\nxp\Good_Workspace\lpc_chip_5410x\Debug\liblpc_chip_5410x.a(clock_5410x.o)
                0x0000112c                Chip_Clock_SetAsyncSysconClockSource
 .text.Chip_Clock_SetMainClockSource
                0x00001168       0x3c C:\nxp\Good_Workspace\lpc_chip_5410x\Debug\liblpc_chip_5410x.a(clock_5410x.o)
                0x00001168                Chip_Clock_SetMainClockSource
 .text.Chip_Clock_GetMainClockRate
                0x000011a4       0x28 C:\nxp\Good_Workspace\lpc_chip_5410x\Debug\liblpc_chip_5410x.a(clock_5410x.o)
                0x000011a4                Chip_Clock_GetMainClockRate
 .text.Chip_Clock_GetSystemClockRate
                0x000011cc       0x1c C:\nxp\Good_Workspace\lpc_chip_5410x\Debug\liblpc_chip_5410x.a(clock_5410x.o)
                0x000011cc                Chip_Clock_GetSystemClockRate
 .text.fpuInit  0x000011e8       0x74 C:\nxp\Good_Workspace\lpc_chip_5410x\Debug\liblpc_chip_5410x.a(fpu_init.o)
                0x000011e8                fpuInit
 .text.Chip_GPIO_Init
                0x0000125c       0x28 C:\nxp\Good_Workspace\lpc_chip_5410x\Debug\liblpc_chip_5410x.a(gpio_5410x.o)
                0x0000125c                Chip_GPIO_Init
 .text.Chip_IOCON_PinMuxSet
                0x00001284       0x30 C:\nxp\Good_Workspace\lpc_chip_5410x\Debug\liblpc_chip_5410x.a(iocon_5410x.o)
 .text.Chip_IOCON_SetPinMuxing
                0x000012b4       0x50 C:\nxp\Good_Workspace\lpc_chip_5410x\Debug\liblpc_chip_5410x.a(iocon_5410x.o)
                0x000012b4                Chip_IOCON_SetPinMuxing
 .text.Chip_SYSCON_PowerDown
                0x00001304       0x20 C:\nxp\Good_Workspace\lpc_chip_5410x\Debug\liblpc_chip_5410x.a(pll_5410x.o)
 .text.Chip_Clock_IsSystemPLLLocked
                0x00001324       0x24 C:\nxp\Good_Workspace\lpc_chip_5410x\Debug\liblpc_chip_5410x.a(pll_5410x.o)
 .text.Chip_Clock_GetIntOscRate
                0x00001348       0x14 C:\nxp\Good_Workspace\lpc_chip_5410x\Debug\liblpc_chip_5410x.a(pll_5410x.o)
 .text.Chip_Clock_GetExtClockInRate
                0x0000135c       0x18 C:\nxp\Good_Workspace\lpc_chip_5410x\Debug\liblpc_chip_5410x.a(pll_5410x.o)
 .text.Chip_Clock_GetRTCOscRate
                0x00001374       0x14 C:\nxp\Good_Workspace\lpc_chip_5410x\Debug\liblpc_chip_5410x.a(pll_5410x.o)
 .text.Chip_Clock_GetWDTOSCRate
                0x00001388       0x14 C:\nxp\Good_Workspace\lpc_chip_5410x\Debug\liblpc_chip_5410x.a(pll_5410x.o)
 .text.pllEncodeN
                0x0000139c       0x80 C:\nxp\Good_Workspace\lpc_chip_5410x\Debug\liblpc_chip_5410x.a(pll_5410x.o)
 .text.pllDecodeN
                0x0000141c       0xa0 C:\nxp\Good_Workspace\lpc_chip_5410x\Debug\liblpc_chip_5410x.a(pll_5410x.o)
 .text.pllEncodeP
                0x000014bc       0x70 C:\nxp\Good_Workspace\lpc_chip_5410x\Debug\liblpc_chip_5410x.a(pll_5410x.o)
 .text.pllDecodeP
                0x0000152c       0x88 C:\nxp\Good_Workspace\lpc_chip_5410x\Debug\liblpc_chip_5410x.a(pll_5410x.o)
 .text.pllEncodeM
                0x000015b4       0xc8 C:\nxp\Good_Workspace\lpc_chip_5410x\Debug\liblpc_chip_5410x.a(pll_5410x.o)
 .text.pllDecodeM
                0x0000167c       0xd4 C:\nxp\Good_Workspace\lpc_chip_5410x\Debug\liblpc_chip_5410x.a(pll_5410x.o)
 .text.pllFindSel
                0x00001750       0xb0 C:\nxp\Good_Workspace\lpc_chip_5410x\Debug\liblpc_chip_5410x.a(pll_5410x.o)
 .text.findPllPreDiv
                0x00001800       0x3c C:\nxp\Good_Workspace\lpc_chip_5410x\Debug\liblpc_chip_5410x.a(pll_5410x.o)
                0x00001800                findPllPreDiv
 .text.findPllPostDiv
                0x0000183c       0x40 C:\nxp\Good_Workspace\lpc_chip_5410x\Debug\liblpc_chip_5410x.a(pll_5410x.o)
                0x0000183c                findPllPostDiv
 .text.findPllMMult
                0x0000187c       0x40 C:\nxp\Good_Workspace\lpc_chip_5410x\Debug\liblpc_chip_5410x.a(pll_5410x.o)
                0x0000187c                findPllMMult
 .text.FindGreatestCommonDivisor
                0x000018bc       0x3c C:\nxp\Good_Workspace\lpc_chip_5410x\Debug\liblpc_chip_5410x.a(pll_5410x.o)
 .text.Chip_Clock_GetPllConfig
                0x000018f8      0x288 C:\nxp\Good_Workspace\lpc_chip_5410x\Debug\liblpc_chip_5410x.a(pll_5410x.o)
 .text.Chip_Clock_GetSystemPLLOutFromSetupUpdate
                0x00001b80       0x20 C:\nxp\Good_Workspace\lpc_chip_5410x\Debug\liblpc_chip_5410x.a(pll_5410x.o)
 .text.Chip_Clock_GetSystemPLLInClockRate
                0x00001ba0       0x5c C:\nxp\Good_Workspace\lpc_chip_5410x\Debug\liblpc_chip_5410x.a(pll_5410x.o)
                0x00001ba0                Chip_Clock_GetSystemPLLInClockRate
 .text.Chip_Clock_GetSystemPLLOutFromSetup
                0x00001bfc      0x144 C:\nxp\Good_Workspace\lpc_chip_5410x\Debug\liblpc_chip_5410x.a(pll_5410x.o)
                0x00001bfc                Chip_Clock_GetSystemPLLOutFromSetup
 .text.Chip_Clock_GetSystemPLLOutClockRate
                0x00001d40       0x68 C:\nxp\Good_Workspace\lpc_chip_5410x\Debug\liblpc_chip_5410x.a(pll_5410x.o)
                0x00001d40                Chip_Clock_GetSystemPLLOutClockRate
 .text.Chip_Clock_SetupPLLData
                0x00001da8       0x90 C:\nxp\Good_Workspace\lpc_chip_5410x\Debug\liblpc_chip_5410x.a(pll_5410x.o)
                0x00001da8                Chip_Clock_SetupPLLData
 .text.Chip_Clock_SetupSystemPLLPrec
                0x00001e38       0xf0 C:\nxp\Good_Workspace\lpc_chip_5410x\Debug\liblpc_chip_5410x.a(pll_5410x.o)
                0x00001e38                Chip_Clock_SetupSystemPLLPrec
 .text.Chip_SYSCON_Enable_ASYNC_Syscon
                0x00001f28       0x30 C:\nxp\Good_Workspace\lpc_chip_5410x\Debug\liblpc_chip_5410x.a(syscon_5410x.o)
                0x00001f28                Chip_SYSCON_Enable_ASYNC_Syscon
 .text.Chip_SYSCON_PeriphReset
                0x00001f58       0x7c C:\nxp\Good_Workspace\lpc_chip_5410x\Debug\liblpc_chip_5410x.a(syscon_5410x.o)
                0x00001f58                Chip_SYSCON_PeriphReset
 .text.Chip_SYSCON_PLLDelay
                0x00001fd4       0x8c C:\nxp\Good_Workspace\lpc_chip_5410x\Debug\liblpc_chip_5410x.a(syscon_5410x.o)
                0x00001fd4                Chip_SYSCON_PLLDelay
 .text.Chip_SYSCON_PowerUp
                0x00002060       0x8c C:\nxp\Good_Workspace\lpc_chip_5410x\Debug\liblpc_chip_5410x.a(syscon_5410x.o)
                0x00002060                Chip_SYSCON_PowerUp
 .text.Chip_SYSCON_SetFLASHAccess
                0x000020ec       0x34 C:\nxp\Good_Workspace\lpc_chip_5410x\Debug\liblpc_chip_5410x.a(sysinit_5410x.o)
 .text.Chip_SYSCON_PowerDown
                0x00002120       0x20 C:\nxp\Good_Workspace\lpc_chip_5410x\Debug\liblpc_chip_5410x.a(sysinit_5410x.o)
 .text.Chip_Clock_SetSystemPLLSource
                0x00002140       0x20 C:\nxp\Good_Workspace\lpc_chip_5410x\Debug\liblpc_chip_5410x.a(sysinit_5410x.o)
 .text.Chip_Clock_SetSysClockDiv
                0x00002160       0x20 C:\nxp\Good_Workspace\lpc_chip_5410x\Debug\liblpc_chip_5410x.a(sysinit_5410x.o)
 .text.Chip_Clock_SetAsyncSysconClockDiv
                0x00002180       0x20 C:\nxp\Good_Workspace\lpc_chip_5410x\Debug\liblpc_chip_5410x.a(sysinit_5410x.o)
 .text.setupFlashClocks
                0x000021a0       0x60 C:\nxp\Good_Workspace\lpc_chip_5410x\Debug\liblpc_chip_5410x.a(sysinit_5410x.o)
 .text.Chip_SetupIrcClocking
                0x00002200       0xb8 C:\nxp\Good_Workspace\lpc_chip_5410x\Debug\liblpc_chip_5410x.a(sysinit_5410x.o)
                0x00002200                Chip_SetupIrcClocking
 .text.getBROMVersion
                0x000022b8       0x20 C:\nxp\Good_Workspace\lpc_chip_5410x\libs\libpower.a(power_library.o)
 .text.Chip_POWER_SetVoltage
                0x000022d8      0x2a4 C:\nxp\Good_Workspace\lpc_chip_5410x\libs\libpower.a(power_library.o)
                0x000022d8                Chip_POWER_SetVoltage
 .text.Chip_POWER_GetROMVersion
                0x0000257c        0x4 C:\nxp\Good_Workspace\lpc_chip_5410x\libs\libpower.a(power_library.o)
                0x0000257c                Chip_POWER_GetROMVersion
 .text.__main   0x00002580       0x14 c:/nxp/lpcxpresso_8.2.2_650/lpcxpresso/tools/bin/../lib/gcc/arm-none-eabi/5.4.1/../../../../arm-none-eabi/lib/armv7e-m/softfp\libcr_semihost.a(_cr__main.o)
                0x00002580                __CR_SEMIHOST
                0x00002580                __main
 .text.fp_round
                0x00002594       0x4e c:/nxp/lpcxpresso_8.2.2_650/lpcxpresso/tools/bin/../lib/gcc/arm-none-eabi/5.4.1/../../../../arm-none-eabi/lib/armv7e-m/softfp\libcr_c.a(fpprintf.o)
 .text.pr_dec.constprop.1
                0x000025e2       0x26 c:/nxp/lpcxpresso_8.2.2_650/lpcxpresso/tools/bin/../lib/gcc/arm-none-eabi/5.4.1/../../../../arm-none-eabi/lib/armv7e-m/softfp\libcr_c.a(fpprintf.o)
 .text.sprintf  0x00002608       0x6c c:/nxp/lpcxpresso_8.2.2_650/lpcxpresso/tools/bin/../lib/gcc/arm-none-eabi/5.4.1/../../../../arm-none-eabi/lib/armv7e-m/softfp\libcr_c.a(fpprintf.o)
                0x00002608                sprintf
 *fill*         0x00002674        0x4 ff
 .text.fp_display
                0x00002678      0x8f8 c:/nxp/lpcxpresso_8.2.2_650/lpcxpresso/tools/bin/../lib/gcc/arm-none-eabi/5.4.1/../../../../arm-none-eabi/lib/armv7e-m/softfp\libcr_c.a(fpprintf.o)
 .text.vsnprintf
                0x00002f70       0x5c c:/nxp/lpcxpresso_8.2.2_650/lpcxpresso/tools/bin/../lib/gcc/arm-none-eabi/5.4.1/../../../../arm-none-eabi/lib/armv7e-m/softfp\libcr_c.a(fpprintf.o)
                0x00002f70                vsnprintf
 .text.printf   0x00002fcc       0x54 c:/nxp/lpcxpresso_8.2.2_650/lpcxpresso/tools/bin/../lib/gcc/arm-none-eabi/5.4.1/../../../../arm-none-eabi/lib/armv7e-m/softfp\libcr_c.a(fpprintf.o)
                0x00002fcc                printf
 .text._initio  0x00003020       0xa4 c:/nxp/lpcxpresso_8.2.2_650/lpcxpresso/tools/bin/../lib/gcc/arm-none-eabi/5.4.1/../../../../arm-none-eabi/lib/armv7e-m/softfp\libcr_c.a(initio.o)
                0x00003020                _initio
 .text.__vfprintf
                0x000030c4      0xd48 c:/nxp/lpcxpresso_8.2.2_650/lpcxpresso/tools/bin/../lib/gcc/arm-none-eabi/5.4.1/../../../../arm-none-eabi/lib/armv7e-m/softfp\libcr_c.a(printf.o)
                0x000030c4                __vfprintf
 .text.setvbuf  0x00003e0c       0x40 c:/nxp/lpcxpresso_8.2.2_650/lpcxpresso/tools/bin/../lib/gcc/arm-none-eabi/5.4.1/../../../../arm-none-eabi/lib/armv7e-m/softfp\libcr_c.a(setvbuf.o)
                0x00003e0c                setvbuf
 .text.strlen   0x00003e4c       0x4a c:/nxp/lpcxpresso_8.2.2_650/lpcxpresso/tools/bin/../lib/gcc/arm-none-eabi/5.4.1/../../../../arm-none-eabi/lib/armv7e-m/softfp\libcr_c.a(strlen.o)
                0x00003e4c                strlen
 .text.memset   0x00003e96        0x4 c:/nxp/lpcxpresso_8.2.2_650/lpcxpresso/tools/bin/../lib/gcc/arm-none-eabi/5.4.1/../../../../arm-none-eabi/lib/armv7e-m/softfp\libcr_c.a(memset.o)
                0x00003e96                memset
 .text._deferredlazyseek
                0x00003e9a       0x44 c:/nxp/lpcxpresso_8.2.2_650/lpcxpresso/tools/bin/../lib/gcc/arm-none-eabi/5.4.1/../../../../arm-none-eabi/lib/armv7e-m/softfp\libcr_c.a(_deferredlazyseek.o)
                0x00003e9a                _deferredlazyseek
 .text.__flsbuf
                0x00003ede      0x140 c:/nxp/lpcxpresso_8.2.2_650/lpcxpresso/tools/bin/../lib/gcc/arm-none-eabi/5.4.1/../../../../arm-none-eabi/lib/armv7e-m/softfp\libcr_c.a(_deferredlazyseek.o)
                0x00003ede                __flsbuf
 .text._fdopen  0x0000401e       0x6a c:/nxp/lpcxpresso_8.2.2_650/lpcxpresso/tools/bin/../lib/gcc/arm-none-eabi/5.4.1/../../../../arm-none-eabi/lib/armv7e-m/softfp\libcr_c.a(_fdopen.o)
                0x0000401e                _fdopen
 .text._fflush  0x00004088       0x58 c:/nxp/lpcxpresso_8.2.2_650/lpcxpresso/tools/bin/../lib/gcc/arm-none-eabi/5.4.1/../../../../arm-none-eabi/lib/armv7e-m/softfp\libcr_c.a(_fflush.o)
                0x00004088                _fflush
 .text._frexpl  0x000040e0       0x5a c:/nxp/lpcxpresso_8.2.2_650/lpcxpresso/tools/bin/../lib/gcc/arm-none-eabi/5.4.1/../../../../arm-none-eabi/lib/armv7e-m/softfp\libcr_c.a(_frexpl.o)
                0x000040e0                _frexpl
 *fill*         0x0000413a        0x2 ff
 .text._ldexpl  0x0000413c       0x4c c:/nxp/lpcxpresso_8.2.2_650/lpcxpresso/tools/bin/../lib/gcc/arm-none-eabi/5.4.1/../../../../arm-none-eabi/lib/armv7e-m/softfp\libcr_c.a(_ldexpl.o)
                0x0000413c                _ldexpl
 .text._Cwritebuf
                0x00004188       0x68 c:/nxp/lpcxpresso_8.2.2_650/lpcxpresso/tools/bin/../lib/gcc/arm-none-eabi/5.4.1/../../../../arm-none-eabi/lib/armv7e-m/softfp\libcr_c.a(_writebuf.o)
                0x00004188                _Cwritebuf
 .text.malloc   0x000041f0       0xc8 c:/nxp/lpcxpresso_8.2.2_650/lpcxpresso/tools/bin/../lib/gcc/arm-none-eabi/5.4.1/../../../../arm-none-eabi/lib/armv7e-m/softfp\libcr_c.a(alloc.o)
                0x000041f0                malloc
 .text.free     0x000042b8       0x30 c:/nxp/lpcxpresso_8.2.2_650/lpcxpresso/tools/bin/../lib/gcc/arm-none-eabi/5.4.1/../../../../arm-none-eabi/lib/armv7e-m/softfp\libcr_c.a(alloc.o)
                0x000042b8                free
 .text._Csys_alloc
                0x000042e8       0x20 c:/nxp/lpcxpresso_8.2.2_650/lpcxpresso/tools/bin/../lib/gcc/arm-none-eabi/5.4.1/../../../../arm-none-eabi/lib/armv7e-m/softfp\libcr_c.a(alloc.o)
                0x000042e8                _Csys_alloc
 .text.fclose   0x00004308       0x6c c:/nxp/lpcxpresso_8.2.2_650/lpcxpresso/tools/bin/../lib/gcc/arm-none-eabi/5.4.1/../../../../arm-none-eabi/lib/armv7e-m/softfp\libcr_c.a(fclose.o)
                0x00004308                fclose
 .text.fflush   0x00004374       0x30 c:/nxp/lpcxpresso_8.2.2_650/lpcxpresso/tools/bin/../lib/gcc/arm-none-eabi/5.4.1/../../../../arm-none-eabi/lib/armv7e-m/softfp\libcr_c.a(fflush.o)
                0x00004374                fflush
 .text.fseek    0x000043a4      0x110 c:/nxp/lpcxpresso_8.2.2_650/lpcxpresso/tools/bin/../lib/gcc/arm-none-eabi/5.4.1/../../../../arm-none-eabi/lib/armv7e-m/softfp\libcr_c.a(fseek.o)
                0x000043a4                fseek
 .text.ftell    0x000044b4       0x4c c:/nxp/lpcxpresso_8.2.2_650/lpcxpresso/tools/bin/../lib/gcc/arm-none-eabi/5.4.1/../../../../arm-none-eabi/lib/armv7e-m/softfp\libcr_c.a(ftell.o)
                0x000044b4                ftell
 .text.remove   0x00004500       0x14 c:/nxp/lpcxpresso_8.2.2_650/lpcxpresso/tools/bin/../lib/gcc/arm-none-eabi/5.4.1/../../../../arm-none-eabi/lib/armv7e-m/softfp\libcr_c.a(remove.o)
                0x00004500                remove
 .text._sbrk    0x00004514       0x40 c:/nxp/lpcxpresso_8.2.2_650/lpcxpresso/tools/bin/../lib/gcc/arm-none-eabi/5.4.1/../../../../arm-none-eabi/lib/armv7e-m/softfp\libcr_c.a(_cr_sbrk.o)
                0x00004514                _sbrk
 .text._do_fflush
                0x00004554       0x44 c:/nxp/lpcxpresso_8.2.2_650/lpcxpresso/tools/bin/../lib/gcc/arm-none-eabi/5.4.1/../../../../arm-none-eabi/lib/armv7e-m/softfp\libcr_c.a(_do_fflush.o)
                0x00004554                _do_fflush
 .text.__check_heap_overflow
                0x00004598       0x18 c:/nxp/lpcxpresso_8.2.2_650/lpcxpresso/tools/bin/../lib/gcc/arm-none-eabi/5.4.1/../../../../arm-none-eabi/lib/armv7e-m/softfp\libcr_c.a(_cr_check_heap.o)
                0x00004598                __check_heap_overflow
 .text.__aeabi_division_uldivmod
                0x000045b0      0x174 c:/nxp/lpcxpresso_8.2.2_650/lpcxpresso/tools/bin/../lib/gcc/arm-none-eabi/5.4.1/armv7e-m/softfp\libcr_eabihelpers.a(division_64.o)
                0x000045b0                __aeabi_uldivmod
                0x000045b4                __bhs_ldivmod1
 .text.__aeabi_division_idiv0
                0x00004724        0x2 c:/nxp/lpcxpresso_8.2.2_650/lpcxpresso/tools/bin/../lib/gcc/arm-none-eabi/5.4.1/armv7e-m/softfp\libcr_eabihelpers.a(division_idiv0.o)
                0x00004724                __aeabi_idiv0
 *fill*         0x00004726        0x2 ff
 .text.__aeabi_dmul
                0x00004728      0x110 c:/nxp/lpcxpresso_8.2.2_650/lpcxpresso/tools/bin/../lib/gcc/arm-none-eabi/5.4.1/armv7e-m/softfp\libcr_eabihelpers.a(double.o)
                0x00004728                __aeabi_dmul
 .text.__aeabi_ddiv
                0x00004838      0x13c c:/nxp/lpcxpresso_8.2.2_650/lpcxpresso/tools/bin/../lib/gcc/arm-none-eabi/5.4.1/armv7e-m/softfp\libcr_eabihelpers.a(double.o)
                0x00004838                __aeabi_ddiv
 .text.__aeabi_dsub
                0x00004974      0x1b4 c:/nxp/lpcxpresso_8.2.2_650/lpcxpresso/tools/bin/../lib/gcc/arm-none-eabi/5.4.1/armv7e-m/softfp\libcr_eabihelpers.a(double.o)
                0x00004974                __aeabi_dsub
 .text.__aeabi_dadd
                0x00004b28      0x114 c:/nxp/lpcxpresso_8.2.2_650/lpcxpresso/tools/bin/../lib/gcc/arm-none-eabi/5.4.1/armv7e-m/softfp\libcr_eabihelpers.a(double.o)
                0x00004b28                __aeabi_dadd
 .text.__aeabi_d2iz
                0x00004c3c       0x40 c:/nxp/lpcxpresso_8.2.2_650/lpcxpresso/tools/bin/../lib/gcc/arm-none-eabi/5.4.1/armv7e-m/softfp\libcr_eabihelpers.a(double.o)
                0x00004c3c                __aeabi_d2iz
 .text.__bhs_ui2d
                0x00004c7c       0x46 c:/nxp/lpcxpresso_8.2.2_650/lpcxpresso/tools/bin/../lib/gcc/arm-none-eabi/5.4.1/armv7e-m/softfp\libcr_eabihelpers.a(double.o)
                0x00004c7c                __bhs_ui2d
 .text.__aeabi_i2d
                0x00004cc2       0x10 c:/nxp/lpcxpresso_8.2.2_650/lpcxpresso/tools/bin/../lib/gcc/arm-none-eabi/5.4.1/armv7e-m/softfp\libcr_eabihelpers.a(double.o)
                0x00004cc2                __aeabi_i2d
 .text.__aeabi_dcmpeq
                0x00004cd2       0x30 c:/nxp/lpcxpresso_8.2.2_650/lpcxpresso/tools/bin/../lib/gcc/arm-none-eabi/5.4.1/armv7e-m/softfp\libcr_eabihelpers.a(double.o)
                0x00004cd2                __aeabi_dcmpeq
 .text.__aeabi_dcmplt
                0x00004d02       0x58 c:/nxp/lpcxpresso_8.2.2_650/lpcxpresso/tools/bin/../lib/gcc/arm-none-eabi/5.4.1/armv7e-m/softfp\libcr_eabihelpers.a(double.o)
                0x00004d02                __aeabi_dcmplt
 .text.__aeabi_dcmple
                0x00004d5a       0x54 c:/nxp/lpcxpresso_8.2.2_650/lpcxpresso/tools/bin/../lib/gcc/arm-none-eabi/5.4.1/armv7e-m/softfp\libcr_eabihelpers.a(double.o)
                0x00004d5a                __aeabi_dcmple
 .text.__aeabi_dcmpge
                0x00004dae       0x54 c:/nxp/lpcxpresso_8.2.2_650/lpcxpresso/tools/bin/../lib/gcc/arm-none-eabi/5.4.1/armv7e-m/softfp\libcr_eabihelpers.a(double.o)
                0x00004dae                __aeabi_dcmpge
 .text.__aeabi_memset_lowlevel
                0x00004e02       0x32 c:/nxp/lpcxpresso_8.2.2_650/lpcxpresso/tools/bin/../lib/gcc/arm-none-eabi/5.4.1/armv7e-m/softfp\libcr_eabihelpers.a(memcpy.o)
                0x00004e02                __aeabi_lowlevel_memset
 .text.__sys_appexit
                0x00004e34        0xc c:/nxp/lpcxpresso_8.2.2_650/lpcxpresso/tools/bin/../lib/gcc/arm-none-eabi/5.4.1/../../../../arm-none-eabi/lib/armv7e-m/softfp\libcr_semihost.a(__sys_appexit.o)
                0x00004e34                __sys_appexit
                0x00004e34                __exit
 .text.__sys_close
                0x00004e40        0xc c:/nxp/lpcxpresso_8.2.2_650/lpcxpresso/tools/bin/../lib/gcc/arm-none-eabi/5.4.1/../../../../arm-none-eabi/lib/armv7e-m/softfp\libcr_semihost.a(__sys_close.o)
                0x00004e40                __sys_close
 .text.__sys_flen
                0x00004e4c        0xc c:/nxp/lpcxpresso_8.2.2_650/lpcxpresso/tools/bin/../lib/gcc/arm-none-eabi/5.4.1/../../../../arm-none-eabi/lib/armv7e-m/softfp\libcr_semihost.a(__sys_flen.o)
                0x00004e4c                __sys_flen
 .text.__sys_istty
                0x00004e58        0xc c:/nxp/lpcxpresso_8.2.2_650/lpcxpresso/tools/bin/../lib/gcc/arm-none-eabi/5.4.1/../../../../arm-none-eabi/lib/armv7e-m/softfp\libcr_semihost.a(__sys_istty.o)
                0x00004e58                __sys_istty
 .text.__sys_remove
                0x00004e64        0xc c:/nxp/lpcxpresso_8.2.2_650/lpcxpresso/tools/bin/../lib/gcc/arm-none-eabi/5.4.1/../../../../arm-none-eabi/lib/armv7e-m/softfp\libcr_semihost.a(__sys_remove.o)
                0x00004e64                __sys_remove
 .text.__sys_seek
                0x00004e70        0xc c:/nxp/lpcxpresso_8.2.2_650/lpcxpresso/tools/bin/../lib/gcc/arm-none-eabi/5.4.1/../../../../arm-none-eabi/lib/armv7e-m/softfp\libcr_semihost.a(__sys_seek.o)
                0x00004e70                __sys_seek
 .text.__sys_tmpnam
                0x00004e7c        0xc c:/nxp/lpcxpresso_8.2.2_650/lpcxpresso/tools/bin/../lib/gcc/arm-none-eabi/5.4.1/../../../../arm-none-eabi/lib/armv7e-m/softfp\libcr_semihost.a(__sys_tmpnam.o)
                0x00004e7c                __sys_tmpnam
 .text.__sys_write
                0x00004e88        0xc c:/nxp/lpcxpresso_8.2.2_650/lpcxpresso/tools/bin/../lib/gcc/arm-none-eabi/5.4.1/../../../../arm-none-eabi/lib/armv7e-m/softfp\libcr_semihost.a(__sys_write.o)
                0x00004e88                __sys_write
                0x00004e88                __write
 *(.rodata .rodata.* .constdata .constdata.*)
 .rodata.GPIOPins
                0x00004e94        0x2 ./src/adc_V2.o
 *fill*         0x00004e96        0x2 ff
 .rodata        0x00004e98      0x11c ./src/adc_V2.o
 .rodata.ledBits
                0x00004fb4        0x3 C:\nxp\Good_Workspace\lpc_board_lpcxpresso_54102\Debug\liblpc_board_lpcxpresso_54102.a(board.o)
 *fill*         0x00004fb7        0x1 ff
 .rodata.ExtClockIn
                0x00004fb8        0x4 C:\nxp\Good_Workspace\lpc_board_lpcxpresso_54102\Debug\liblpc_board_lpcxpresso_54102.a(board.o)
                0x00004fb8                ExtClockIn
 .rodata.pinmuxing
                0x00004fbc       0xb0 C:\nxp\Good_Workspace\lpc_board_lpcxpresso_54102\Debug\liblpc_board_lpcxpresso_54102.a(board_sysinit.o)
 .rodata.vd_table
                0x0000506c       0x24 C:\nxp\Good_Workspace\lpc_chip_5410x\libs\libpower.a(power_library.o)
 .rodata.vd_table_c
                0x00005090       0x24 C:\nxp\Good_Workspace\lpc_chip_5410x\libs\libpower.a(power_library.o)
 .rodata.str1.1
                0x000050b4       0x34 c:/nxp/lpcxpresso_8.2.2_650/lpcxpresso/tools/bin/../lib/gcc/arm-none-eabi/5.4.1/../../../../arm-none-eabi/lib/armv7e-m/softfp\libcr_c.a(fpprintf.o)
                                 0x35 (size before relaxing)
 .rodata.str1.1
                0x000050e8        0x4 c:/nxp/lpcxpresso_8.2.2_650/lpcxpresso/tools/bin/../lib/gcc/arm-none-eabi/5.4.1/../../../../arm-none-eabi/lib/armv7e-m/softfp\libcr_c.a(initio.o)
 .rodata.str1.1
                0x000050ec       0x31 c:/nxp/lpcxpresso_8.2.2_650/lpcxpresso/tools/bin/../lib/gcc/arm-none-eabi/5.4.1/../../../../arm-none-eabi/lib/armv7e-m/softfp\libcr_c.a(printf.o)
                                 0x38 (size before relaxing)
 .rodata.str1.1
                0x0000511d       0x18 c:/nxp/lpcxpresso_8.2.2_650/lpcxpresso/tools/bin/../lib/gcc/arm-none-eabi/5.4.1/../../../../arm-none-eabi/lib/armv7e-m/softfp\libcr_c.a(alloc.o)
 *fill*         0x00005135        0x3 ff
 .rodata.__huge_vall
                0x00005138        0x8 c:/nxp/lpcxpresso_8.2.2_650/lpcxpresso/tools/bin/../lib/gcc/arm-none-eabi/5.4.1/../../../../arm-none-eabi/lib/armv7e-m/softfp\libcr_c.a(_hugeval.o)
                0x00005138                __huge_vall
                0x00005140                . = ALIGN (0x4)

.glue_7         0x00005140        0x0
 .glue_7        0x00005140        0x0 linker stubs

.glue_7t        0x00005140        0x0
 .glue_7t       0x00005140        0x0 linker stubs

.vfp11_veneer   0x00005140        0x0
 .vfp11_veneer  0x00005140        0x0 linker stubs

.v4_bx          0x00005140        0x0
 .v4_bx         0x00005140        0x0 linker stubs

.iplt           0x00005140        0x0
 .iplt          0x00005140        0x0 ./src/adc_V2.o

.rel.dyn        0x00005140        0x0
 .rel.iplt      0x00005140        0x0 ./src/adc_V2.o

.ARM.extab
 *(.ARM.extab* .gnu.linkonce.armextab.*)
                0x00005140                __exidx_start = .

.ARM.exidx
 *(.ARM.exidx* .gnu.linkonce.armexidx.*)
                0x00005140                __exidx_end = .
                0x00005140                _etext = .

.data_RAM2      0x02010000        0x0 load address 0x00005140
 FILL mask 0xff
                [!provide]                PROVIDE (__start_data_RAM2, .)
 *(.ramfunc.$RAM2)
 *(.ramfunc.$Ram1_32)
 *(.data.$RAM2*)
 *(.data.$Ram1_32*)
                0x02010000                . = ALIGN (0x4)
                [!provide]                PROVIDE (__end_data_RAM2, .)

.data_RAM3      0x03400000        0x0 load address 0x00005140
 FILL mask 0xff
                [!provide]                PROVIDE (__start_data_RAM3, .)
 *(.ramfunc.$RAM3)
 *(.ramfunc.$Ram2_8)
 *(.data.$RAM3*)
 *(.data.$Ram2_8*)
                0x03400000                . = ALIGN (0x4)
                [!provide]                PROVIDE (__end_data_RAM3, .)

.uninit_RESERVED
                0x02000000        0x0
 *(.bss.$RESERVED*)
                0x02000000                . = ALIGN (0x4)
                0x02000000                _end_uninit_RESERVED = .

.data           0x02000000        0x4 load address 0x00005140
 FILL mask 0xff
                0x02000000                _data = .
 *(vtable)
 *(.ramfunc*)
 *(.data*)
 .data.toggle   0x02000000        0x4 ./src/adc_V2.o
                0x02000000                toggle
                0x02000004                . = ALIGN (0x4)
                0x02000004                _edata = .

.igot.plt       0x02000004        0x0 load address 0x00005144
 .igot.plt      0x02000004        0x0 ./src/adc_V2.o

.bss_RAM2       0x02010000        0x0
                [!provide]                PROVIDE (__start_bss_RAM2, .)
 *(.bss.$RAM2*)
 *(.bss.$Ram1_32*)
                0x02010000                . = ALIGN ((. != 0x0)?0x4:0x1)
                [!provide]                PROVIDE (__end_bss_RAM2, .)

.bss_RAM3       0x03400000        0x0
                [!provide]                PROVIDE (__start_bss_RAM3, .)
 *(.bss.$RAM3*)
 *(.bss.$Ram2_8*)
                0x03400000                . = ALIGN ((. != 0x0)?0x4:0x1)
                [!provide]                PROVIDE (__end_bss_RAM3, .)

.bss            0x02000004      0x160
                0x02000004                _bss = .
 *(.bss*)
 .bss.sequenceComplete
                0x02000004        0x1 ./src/adc_V2.o
 .bss.thresholdCrossed
                0x02000005        0x1 ./src/adc_V2.o
 *fill*         0x02000006        0x2 
 .bss.curPllRate
                0x02000008        0x4 C:\nxp\Good_Workspace\lpc_chip_5410x\Debug\liblpc_chip_5410x.a(pll_5410x.o)
 .bss._extra    0x0200000c        0x4 c:/nxp/lpcxpresso_8.2.2_650/lpcxpresso/tools/bin/../lib/gcc/arm-none-eabi/5.4.1/../../../../arm-none-eabi/lib/armv7e-m/softfp\libcr_c.a(initio.o)
                0x0200000c                _extra
 .bss.__Ciob    0x02000010      0x140 c:/nxp/lpcxpresso_8.2.2_650/lpcxpresso/tools/bin/../lib/gcc/arm-none-eabi/5.4.1/../../../../arm-none-eabi/lib/armv7e-m/softfp\libcr_c.a(stdio.o)
                0x02000010                __Ciob
 .bss.errno     0x02000150        0x4 c:/nxp/lpcxpresso_8.2.2_650/lpcxpresso/tools/bin/../lib/gcc/arm-none-eabi/5.4.1/../../../../arm-none-eabi/lib/armv7e-m/softfp\libcr_c.a(errno.o)
                0x02000150                errno
 .bss.__heaps   0x02000154        0x4 c:/nxp/lpcxpresso_8.2.2_650/lpcxpresso/tools/bin/../lib/gcc/arm-none-eabi/5.4.1/../../../../arm-none-eabi/lib/armv7e-m/softfp\libcr_c.a(__init_alloc.o)
                0x02000154                __heaps
 .bss.__end_of_heap
                0x02000158        0x4 c:/nxp/lpcxpresso_8.2.2_650/lpcxpresso/tools/bin/../lib/gcc/arm-none-eabi/5.4.1/../../../../arm-none-eabi/lib/armv7e-m/softfp\libcr_c.a(__init_alloc.o)
                0x02000158                __end_of_heap
 *(COMMON)
 COMMON         0x0200015c        0x4 ./src/cr_startup_lpc5410x.o
                0x0200015c                __SWVtrace_Enabled
 COMMON         0x02000160        0x4 C:\nxp\Good_Workspace\lpc_chip_5410x\Debug\liblpc_chip_5410x.a(chip_5410x.o)
                0x02000160                SystemCoreClock
                0x02000164                . = ALIGN (0x4)
                0x02000164                _ebss = .
                [!provide]                PROVIDE (end, .)

.noinit_RAM2    0x02010000        0x0
 *(.noinit.$RAM2*)
 *(.noinit.$Ram1_32*)
                0x02010000                . = ALIGN (0x4)

.noinit_RAM3    0x03400000        0x0
 *(.noinit.$RAM3*)
 *(.noinit.$Ram2_8*)
                0x03400000                . = ALIGN (0x4)

.noinit         0x02000164        0x0
                0x02000164                _noinit = .
 *(.noinit*)
                0x02000164                . = ALIGN (0x4)
                0x02000164                _end_noinit = .
                0x02000164                PROVIDE (_pvHeapStart, DEFINED (__user_heap_base)?__user_heap_base:.)
                0x02010000                PROVIDE (_vStackTop, DEFINED (__user_stack_top)?__user_stack_top:(__top_Ram0_64 - 0x0))
                0xfdfef552                PROVIDE (__valid_user_code_checksum, (0x0 - ((((((_vStackTop + (ResetISR + 0x1)) + (NMI_Handler + 0x1)) + (HardFault_Handler + 0x1)) + (DEFINED (MemManage_Handler)?MemManage_Handler:0x0 + 0x1)) + (DEFINED (BusFault_Handler)?BusFault_Handler:0x0 + 0x1)) + (DEFINED (UsageFault_Handler)?UsageFault_Handler:0x0 + 0x1))))
OUTPUT(periph_ADC_and_GPIO_V2.axf elf32-littlearm)

.debug_info     0x00000000     0x7579
 .debug_info    0x00000000     0x13c6 ./src/adc_V2.o
 .debug_info    0x000013c6      0x2b7 ./src/cr_startup_lpc5410x.o
 .debug_info    0x0000167d       0x3f ./src/crp.o
 .debug_info    0x000016bc      0x2c4 ./src/sysinit.o
 .debug_info    0x00001980      0x68d C:\nxp\Good_Workspace\lpc_board_lpcxpresso_54102\Debug\liblpc_board_lpcxpresso_54102.a(board.o)
 .debug_info    0x0000200d      0xa2c C:\nxp\Good_Workspace\lpc_board_lpcxpresso_54102\Debug\liblpc_board_lpcxpresso_54102.a(board_sysinit.o)
 .debug_info    0x00002a39      0xee7 C:\nxp\Good_Workspace\lpc_chip_5410x\Debug\liblpc_chip_5410x.a(adc_5410x.o)
 .debug_info    0x00003920       0xf7 C:\nxp\Good_Workspace\lpc_chip_5410x\Debug\liblpc_chip_5410x.a(chip_5410x.o)
 .debug_info    0x00003a17      0xd15 C:\nxp\Good_Workspace\lpc_chip_5410x\Debug\liblpc_chip_5410x.a(clock_5410x.o)
 .debug_info    0x0000472c      0x128 C:\nxp\Good_Workspace\lpc_chip_5410x\Debug\liblpc_chip_5410x.a(fpu_init.o)
 .debug_info    0x00004854      0x60d C:\nxp\Good_Workspace\lpc_chip_5410x\Debug\liblpc_chip_5410x.a(gpio_5410x.o)
 .debug_info    0x00004e61      0x1f5 C:\nxp\Good_Workspace\lpc_chip_5410x\Debug\liblpc_chip_5410x.a(iocon_5410x.o)
 .debug_info    0x00005056      0xfe1 C:\nxp\Good_Workspace\lpc_chip_5410x\Debug\liblpc_chip_5410x.a(pll_5410x.o)
 .debug_info    0x00006037      0x8e6 C:\nxp\Good_Workspace\lpc_chip_5410x\Debug\liblpc_chip_5410x.a(syscon_5410x.o)
 .debug_info    0x0000691d      0xc5c C:\nxp\Good_Workspace\lpc_chip_5410x\Debug\liblpc_chip_5410x.a(sysinit_5410x.o)

.debug_abbrev   0x00000000     0x16c7
 .debug_abbrev  0x00000000      0x309 ./src/adc_V2.o
 .debug_abbrev  0x00000309       0xed ./src/cr_startup_lpc5410x.o
 .debug_abbrev  0x000003f6       0x36 ./src/crp.o
 .debug_abbrev  0x0000042c       0xe3 ./src/sysinit.o
 .debug_abbrev  0x0000050f      0x224 C:\nxp\Good_Workspace\lpc_board_lpcxpresso_54102\Debug\liblpc_board_lpcxpresso_54102.a(board.o)
 .debug_abbrev  0x00000733      0x1d7 C:\nxp\Good_Workspace\lpc_board_lpcxpresso_54102\Debug\liblpc_board_lpcxpresso_54102.a(board_sysinit.o)
 .debug_abbrev  0x0000090a      0x1b8 C:\nxp\Good_Workspace\lpc_chip_5410x\Debug\liblpc_chip_5410x.a(adc_5410x.o)
 .debug_abbrev  0x00000ac2       0xab C:\nxp\Good_Workspace\lpc_chip_5410x\Debug\liblpc_chip_5410x.a(chip_5410x.o)
 .debug_abbrev  0x00000b6d      0x26f C:\nxp\Good_Workspace\lpc_chip_5410x\Debug\liblpc_chip_5410x.a(clock_5410x.o)
 .debug_abbrev  0x00000ddc       0x84 C:\nxp\Good_Workspace\lpc_chip_5410x\Debug\liblpc_chip_5410x.a(fpu_init.o)
 .debug_abbrev  0x00000e60      0x152 C:\nxp\Good_Workspace\lpc_chip_5410x\Debug\liblpc_chip_5410x.a(gpio_5410x.o)
 .debug_abbrev  0x00000fb2      0x137 C:\nxp\Good_Workspace\lpc_chip_5410x\Debug\liblpc_chip_5410x.a(iocon_5410x.o)
 .debug_abbrev  0x000010e9      0x261 C:\nxp\Good_Workspace\lpc_chip_5410x\Debug\liblpc_chip_5410x.a(pll_5410x.o)
 .debug_abbrev  0x0000134a      0x18f C:\nxp\Good_Workspace\lpc_chip_5410x\Debug\liblpc_chip_5410x.a(syscon_5410x.o)
 .debug_abbrev  0x000014d9      0x1ee C:\nxp\Good_Workspace\lpc_chip_5410x\Debug\liblpc_chip_5410x.a(sysinit_5410x.o)

.debug_aranges  0x00000000      0x658
 .debug_aranges
                0x00000000       0xf0 ./src/adc_V2.o
 .debug_aranges
                0x000000f0       0x80 ./src/cr_startup_lpc5410x.o
 .debug_aranges
                0x00000170       0x18 ./src/crp.o
 .debug_aranges
                0x00000188       0x20 ./src/sysinit.o
 .debug_aranges
                0x000001a8       0xa0 C:\nxp\Good_Workspace\lpc_board_lpcxpresso_54102\Debug\liblpc_board_lpcxpresso_54102.a(board.o)
 .debug_aranges
                0x00000248       0x58 C:\nxp\Good_Workspace\lpc_board_lpcxpresso_54102\Debug\liblpc_board_lpcxpresso_54102.a(board_sysinit.o)
 .debug_aranges
                0x000002a0       0x48 C:\nxp\Good_Workspace\lpc_chip_5410x\Debug\liblpc_chip_5410x.a(adc_5410x.o)
 .debug_aranges
                0x000002e8       0x20 C:\nxp\Good_Workspace\lpc_chip_5410x\Debug\liblpc_chip_5410x.a(chip_5410x.o)
 .debug_aranges
                0x00000308       0xf0 C:\nxp\Good_Workspace\lpc_chip_5410x\Debug\liblpc_chip_5410x.a(clock_5410x.o)
 .debug_aranges
                0x000003f8       0x20 C:\nxp\Good_Workspace\lpc_chip_5410x\Debug\liblpc_chip_5410x.a(fpu_init.o)
 .debug_aranges
                0x00000418       0x68 C:\nxp\Good_Workspace\lpc_chip_5410x\Debug\liblpc_chip_5410x.a(gpio_5410x.o)
 .debug_aranges
                0x00000480       0x28 C:\nxp\Good_Workspace\lpc_chip_5410x\Debug\liblpc_chip_5410x.a(iocon_5410x.o)
 .debug_aranges
                0x000004a8       0xe8 C:\nxp\Good_Workspace\lpc_chip_5410x\Debug\liblpc_chip_5410x.a(pll_5410x.o)
 .debug_aranges
                0x00000590       0x60 C:\nxp\Good_Workspace\lpc_chip_5410x\Debug\liblpc_chip_5410x.a(syscon_5410x.o)
 .debug_aranges
                0x000005f0       0x68 C:\nxp\Good_Workspace\lpc_chip_5410x\Debug\liblpc_chip_5410x.a(sysinit_5410x.o)

.debug_ranges   0x00000000      0x560
 .debug_ranges  0x00000000       0xe0 ./src/adc_V2.o
 .debug_ranges  0x000000e0       0x70 ./src/cr_startup_lpc5410x.o
 .debug_ranges  0x00000150       0x10 ./src/sysinit.o
 .debug_ranges  0x00000160       0x90 C:\nxp\Good_Workspace\lpc_board_lpcxpresso_54102\Debug\liblpc_board_lpcxpresso_54102.a(board.o)
 .debug_ranges  0x000001f0       0x48 C:\nxp\Good_Workspace\lpc_board_lpcxpresso_54102\Debug\liblpc_board_lpcxpresso_54102.a(board_sysinit.o)
 .debug_ranges  0x00000238       0x38 C:\nxp\Good_Workspace\lpc_chip_5410x\Debug\liblpc_chip_5410x.a(adc_5410x.o)
 .debug_ranges  0x00000270       0x10 C:\nxp\Good_Workspace\lpc_chip_5410x\Debug\liblpc_chip_5410x.a(chip_5410x.o)
 .debug_ranges  0x00000280       0xe0 C:\nxp\Good_Workspace\lpc_chip_5410x\Debug\liblpc_chip_5410x.a(clock_5410x.o)
 .debug_ranges  0x00000360       0x10 C:\nxp\Good_Workspace\lpc_chip_5410x\Debug\liblpc_chip_5410x.a(fpu_init.o)
 .debug_ranges  0x00000370       0x58 C:\nxp\Good_Workspace\lpc_chip_5410x\Debug\liblpc_chip_5410x.a(gpio_5410x.o)
 .debug_ranges  0x000003c8       0x18 C:\nxp\Good_Workspace\lpc_chip_5410x\Debug\liblpc_chip_5410x.a(iocon_5410x.o)
 .debug_ranges  0x000003e0       0xd8 C:\nxp\Good_Workspace\lpc_chip_5410x\Debug\liblpc_chip_5410x.a(pll_5410x.o)
 .debug_ranges  0x000004b8       0x50 C:\nxp\Good_Workspace\lpc_chip_5410x\Debug\liblpc_chip_5410x.a(syscon_5410x.o)
 .debug_ranges  0x00000508       0x58 C:\nxp\Good_Workspace\lpc_chip_5410x\Debug\liblpc_chip_5410x.a(sysinit_5410x.o)

.debug_macro    0x00000000     0x6852
 .debug_macro   0x00000000      0x260 ./src/adc_V2.o
 .debug_macro   0x00000260      0x8b6 ./src/adc_V2.o
 .debug_macro   0x00000b16       0x10 ./src/adc_V2.o
 .debug_macro   0x00000b26      0x12d ./src/adc_V2.o
 .debug_macro   0x00000c53      0x5b2 ./src/adc_V2.o
 .debug_macro   0x00001205       0x22 ./src/adc_V2.o
 .debug_macro   0x00001227       0x8f ./src/adc_V2.o
 .debug_macro   0x000012b6       0x2d ./src/adc_V2.o
 .debug_macro   0x000012e3       0x3b ./src/adc_V2.o
 .debug_macro   0x0000131e       0x2d ./src/adc_V2.o
 .debug_macro   0x0000134b       0x42 ./src/adc_V2.o
 .debug_macro   0x0000138d      0xd39 ./src/adc_V2.o
 .debug_macro   0x000020c6      0x1d9 ./src/adc_V2.o
 .debug_macro   0x0000229f       0xca ./src/adc_V2.o
 .debug_macro   0x00002369       0x18 ./src/adc_V2.o
 .debug_macro   0x00002381       0x16 ./src/adc_V2.o
 .debug_macro   0x00002397      0x129 ./src/adc_V2.o
 .debug_macro   0x000024c0       0x2d ./src/adc_V2.o
 .debug_macro   0x000024ed       0x16 ./src/adc_V2.o
 .debug_macro   0x00002503       0x32 ./src/adc_V2.o
 .debug_macro   0x00002535       0xb8 ./src/adc_V2.o
 .debug_macro   0x000025ed       0x70 ./src/adc_V2.o
 .debug_macro   0x0000265d       0x6a ./src/adc_V2.o
 .debug_macro   0x000026c7       0xc5 ./src/adc_V2.o
 .debug_macro   0x0000278c       0x76 ./src/adc_V2.o
 .debug_macro   0x00002802       0x34 ./src/adc_V2.o
 .debug_macro   0x00002836      0x205 ./src/adc_V2.o
 .debug_macro   0x00002a3b       0x40 ./src/adc_V2.o
 .debug_macro   0x00002a7b       0x6a ./src/adc_V2.o
 .debug_macro   0x00002ae5       0x22 ./src/adc_V2.o
 .debug_macro   0x00002b07       0x28 ./src/adc_V2.o
 .debug_macro   0x00002b2f       0x1c ./src/adc_V2.o
 .debug_macro   0x00002b4b       0x10 ./src/adc_V2.o
 .debug_macro   0x00002b5b       0x1f ./src/adc_V2.o
 .debug_macro   0x00002b7a      0x1f1 ./src/adc_V2.o
 .debug_macro   0x00002d6b      0x13a ./src/adc_V2.o
 .debug_macro   0x00002ea5       0x16 ./src/adc_V2.o
 .debug_macro   0x00002ebb      0x1f6 ./src/adc_V2.o
 .debug_macro   0x000030b1      0x430 ./src/adc_V2.o
 .debug_macro   0x000034e1       0x34 ./src/adc_V2.o
 .debug_macro   0x00003515       0x1c ./src/adc_V2.o
 .debug_macro   0x00003531      0x477 ./src/adc_V2.o
 .debug_macro   0x000039a8       0x34 ./src/adc_V2.o
 .debug_macro   0x000039dc       0x3a ./src/adc_V2.o
 .debug_macro   0x00003a16       0x9a ./src/adc_V2.o
 .debug_macro   0x00003ab0       0x20 ./src/adc_V2.o
 .debug_macro   0x00003ad0       0x1d ./src/cr_startup_lpc5410x.o
 .debug_macro   0x00003aed       0x1a ./src/crp.o
 .debug_macro   0x00003b07       0x34 ./src/crp.o
 .debug_macro   0x00003b3b      0x254 ./src/sysinit.o
 .debug_macro   0x00003d8f      0x27b C:\nxp\Good_Workspace\lpc_board_lpcxpresso_54102\Debug\liblpc_board_lpcxpresso_54102.a(board.o)
 .debug_macro   0x0000400a      0x89e C:\nxp\Good_Workspace\lpc_board_lpcxpresso_54102\Debug\liblpc_board_lpcxpresso_54102.a(board.o)
 .debug_macro   0x000048a8       0x88 C:\nxp\Good_Workspace\lpc_board_lpcxpresso_54102\Debug\liblpc_board_lpcxpresso_54102.a(board.o)
 .debug_macro   0x00004930       0x12 C:\nxp\Good_Workspace\lpc_board_lpcxpresso_54102\Debug\liblpc_board_lpcxpresso_54102.a(board.o)
 .debug_macro   0x00004942      0x262 C:\nxp\Good_Workspace\lpc_board_lpcxpresso_54102\Debug\liblpc_board_lpcxpresso_54102.a(board_sysinit.o)
 .debug_macro   0x00004ba4      0x21f C:\nxp\Good_Workspace\lpc_chip_5410x\Debug\liblpc_chip_5410x.a(adc_5410x.o)
 .debug_macro   0x00004dc3      0x8a4 C:\nxp\Good_Workspace\lpc_chip_5410x\Debug\liblpc_chip_5410x.a(adc_5410x.o)
 .debug_macro   0x00005667      0x21f C:\nxp\Good_Workspace\lpc_chip_5410x\Debug\liblpc_chip_5410x.a(chip_5410x.o)
 .debug_macro   0x00005886      0x21f C:\nxp\Good_Workspace\lpc_chip_5410x\Debug\liblpc_chip_5410x.a(clock_5410x.o)
 .debug_macro   0x00005aa5       0xb2 C:\nxp\Good_Workspace\lpc_chip_5410x\Debug\liblpc_chip_5410x.a(fpu_init.o)
 .debug_macro   0x00005b57      0x21f C:\nxp\Good_Workspace\lpc_chip_5410x\Debug\liblpc_chip_5410x.a(gpio_5410x.o)
 .debug_macro   0x00005d76      0x21f C:\nxp\Good_Workspace\lpc_chip_5410x\Debug\liblpc_chip_5410x.a(iocon_5410x.o)
 .debug_macro   0x00005f95      0x47f C:\nxp\Good_Workspace\lpc_chip_5410x\Debug\liblpc_chip_5410x.a(pll_5410x.o)
 .debug_macro   0x00006414      0x21f C:\nxp\Good_Workspace\lpc_chip_5410x\Debug\liblpc_chip_5410x.a(syscon_5410x.o)
 .debug_macro   0x00006633      0x21f C:\nxp\Good_Workspace\lpc_chip_5410x\Debug\liblpc_chip_5410x.a(sysinit_5410x.o)

.debug_line     0x00000000     0x437e
 .debug_line    0x00000000      0x6df ./src/adc_V2.o
 .debug_line    0x000006df       0xef ./src/cr_startup_lpc5410x.o
 .debug_line    0x000007ce       0x78 ./src/crp.o
 .debug_line    0x00000846      0x465 ./src/sysinit.o
 .debug_line    0x00000cab      0x5db C:\nxp\Good_Workspace\lpc_board_lpcxpresso_54102\Debug\liblpc_board_lpcxpresso_54102.a(board.o)
 .debug_line    0x00001286      0x501 C:\nxp\Good_Workspace\lpc_board_lpcxpresso_54102\Debug\liblpc_board_lpcxpresso_54102.a(board_sysinit.o)
 .debug_line    0x00001787      0x4cd C:\nxp\Good_Workspace\lpc_chip_5410x\Debug\liblpc_chip_5410x.a(adc_5410x.o)
 .debug_line    0x00001c54      0x40a C:\nxp\Good_Workspace\lpc_chip_5410x\Debug\liblpc_chip_5410x.a(chip_5410x.o)
 .debug_line    0x0000205e      0x674 C:\nxp\Good_Workspace\lpc_chip_5410x\Debug\liblpc_chip_5410x.a(clock_5410x.o)
 .debug_line    0x000026d2      0x1cc C:\nxp\Good_Workspace\lpc_chip_5410x\Debug\liblpc_chip_5410x.a(fpu_init.o)
 .debug_line    0x0000289e      0x4cb C:\nxp\Good_Workspace\lpc_chip_5410x\Debug\liblpc_chip_5410x.a(gpio_5410x.o)
 .debug_line    0x00002d69      0x431 C:\nxp\Good_Workspace\lpc_chip_5410x\Debug\liblpc_chip_5410x.a(iocon_5410x.o)
 .debug_line    0x0000319a      0x804 C:\nxp\Good_Workspace\lpc_chip_5410x\Debug\liblpc_chip_5410x.a(pll_5410x.o)
 .debug_line    0x0000399e      0x4e9 C:\nxp\Good_Workspace\lpc_chip_5410x\Debug\liblpc_chip_5410x.a(syscon_5410x.o)
 .debug_line    0x00003e87      0x4f7 C:\nxp\Good_Workspace\lpc_chip_5410x\Debug\liblpc_chip_5410x.a(sysinit_5410x.o)

.debug_str      0x00000000    0x14283
 .debug_str     0x00000000    0x10a4b ./src/adc_V2.o
                              0x10b61 (size before relaxing)
 .debug_str     0x00010a4b      0x22f ./src/cr_startup_lpc5410x.o
                               0x2780 (size before relaxing)
 .debug_str     0x00010c7a       0xe9 ./src/crp.o
                               0x2646 (size before relaxing)
 .debug_str     0x00010d63       0x11 ./src/sysinit.o
                               0xfe20 (size before relaxing)
 .debug_str     0x00010d74      0x203 C:\nxp\Good_Workspace\lpc_board_lpcxpresso_54102\Debug\liblpc_board_lpcxpresso_54102.a(board.o)
                              0x1028b (size before relaxing)
 .debug_str     0x00010f77      0x161 C:\nxp\Good_Workspace\lpc_board_lpcxpresso_54102\Debug\liblpc_board_lpcxpresso_54102.a(board_sysinit.o)
                              0x10512 (size before relaxing)
 .debug_str     0x000110d8      0xfa3 C:\nxp\Good_Workspace\lpc_chip_5410x\Debug\liblpc_chip_5410x.a(adc_5410x.o)
                              0x10f69 (size before relaxing)
 .debug_str     0x0001207b       0x2a C:\nxp\Good_Workspace\lpc_chip_5410x\Debug\liblpc_chip_5410x.a(chip_5410x.o)
                               0xfa46 (size before relaxing)
 .debug_str     0x000120a5      0x700 C:\nxp\Good_Workspace\lpc_chip_5410x\Debug\liblpc_chip_5410x.a(clock_5410x.o)
                              0x1072f (size before relaxing)
 .debug_str     0x000127a5       0xb5 C:\nxp\Good_Workspace\lpc_chip_5410x\Debug\liblpc_chip_5410x.a(fpu_init.o)
                               0x9957 (size before relaxing)
 .debug_str     0x0001285a      0x26b C:\nxp\Good_Workspace\lpc_chip_5410x\Debug\liblpc_chip_5410x.a(gpio_5410x.o)
                               0xff82 (size before relaxing)
 .debug_str     0x00012ac5       0x42 C:\nxp\Good_Workspace\lpc_chip_5410x\Debug\liblpc_chip_5410x.a(iocon_5410x.o)
                               0xfa7d (size before relaxing)
 .debug_str     0x00012b07     0x1433 C:\nxp\Good_Workspace\lpc_chip_5410x\Debug\liblpc_chip_5410x.a(pll_5410x.o)
                              0x111c3 (size before relaxing)
 .debug_str     0x00013f3a      0x184 C:\nxp\Good_Workspace\lpc_chip_5410x\Debug\liblpc_chip_5410x.a(syscon_5410x.o)
                              0x10087 (size before relaxing)
 .debug_str     0x000140be      0x1c5 C:\nxp\Good_Workspace\lpc_chip_5410x\Debug\liblpc_chip_5410x.a(sysinit_5410x.o)
                              0x105b1 (size before relaxing)

.comment        0x00000000      0x14c
 .comment       0x00000000       0x6e ./src/adc_V2.o
                                 0x6f (size before relaxing)
 .comment       0x0000006e       0x6f ./src/cr_startup_lpc5410x.o
 .comment       0x0000006e       0x6f ./src/crp.o
 .comment       0x0000006e       0x6f ./src/sysinit.o
 .comment       0x0000006e       0x6f C:\nxp\Good_Workspace\lpc_board_lpcxpresso_54102\Debug\liblpc_board_lpcxpresso_54102.a(board.o)
 .comment       0x0000006e       0x6f C:\nxp\Good_Workspace\lpc_board_lpcxpresso_54102\Debug\liblpc_board_lpcxpresso_54102.a(board_sysinit.o)
 .comment       0x0000006e       0x6f C:\nxp\Good_Workspace\lpc_chip_5410x\Debug\liblpc_chip_5410x.a(adc_5410x.o)
 .comment       0x0000006e       0x6f C:\nxp\Good_Workspace\lpc_chip_5410x\Debug\liblpc_chip_5410x.a(chip_5410x.o)
 .comment       0x0000006e       0x6f C:\nxp\Good_Workspace\lpc_chip_5410x\Debug\liblpc_chip_5410x.a(clock_5410x.o)
 .comment       0x0000006e       0x6f C:\nxp\Good_Workspace\lpc_chip_5410x\Debug\liblpc_chip_5410x.a(fpu_init.o)
 .comment       0x0000006e       0x6f C:\nxp\Good_Workspace\lpc_chip_5410x\Debug\liblpc_chip_5410x.a(gpio_5410x.o)
 .comment       0x0000006e       0x6f C:\nxp\Good_Workspace\lpc_chip_5410x\Debug\liblpc_chip_5410x.a(iocon_5410x.o)
 .comment       0x0000006e       0x6f C:\nxp\Good_Workspace\lpc_chip_5410x\Debug\liblpc_chip_5410x.a(pll_5410x.o)
 .comment       0x0000006e       0x6f C:\nxp\Good_Workspace\lpc_chip_5410x\Debug\liblpc_chip_5410x.a(syscon_5410x.o)
 .comment       0x0000006e       0x6f C:\nxp\Good_Workspace\lpc_chip_5410x\Debug\liblpc_chip_5410x.a(sysinit_5410x.o)
 .comment       0x0000006e       0x70 C:\nxp\Good_Workspace\lpc_chip_5410x\libs\libpower.a(power_library.o)
                                 0x71 (size before relaxing)
 .comment       0x000000de       0x6e c:/nxp/lpcxpresso_8.2.2_650/lpcxpresso/tools/bin/../lib/gcc/arm-none-eabi/5.4.1/../../../../arm-none-eabi/lib/armv7e-m/softfp\libcr_semihost.a(_cr__main.o)
                                 0x6f (size before relaxing)
 .comment       0x0000014c       0x6f c:/nxp/lpcxpresso_8.2.2_650/lpcxpresso/tools/bin/../lib/gcc/arm-none-eabi/5.4.1/../../../../arm-none-eabi/lib/armv7e-m/softfp\libcr_c.a(fpprintf.o)
 .comment       0x0000014c       0x6f c:/nxp/lpcxpresso_8.2.2_650/lpcxpresso/tools/bin/../lib/gcc/arm-none-eabi/5.4.1/../../../../arm-none-eabi/lib/armv7e-m/softfp\libcr_c.a(initio.o)
 .comment       0x0000014c       0x6f c:/nxp/lpcxpresso_8.2.2_650/lpcxpresso/tools/bin/../lib/gcc/arm-none-eabi/5.4.1/../../../../arm-none-eabi/lib/armv7e-m/softfp\libcr_c.a(printf.o)
 .comment       0x0000014c       0x6f c:/nxp/lpcxpresso_8.2.2_650/lpcxpresso/tools/bin/../lib/gcc/arm-none-eabi/5.4.1/../../../../arm-none-eabi/lib/armv7e-m/softfp\libcr_c.a(setvbuf.o)
 .comment       0x0000014c       0x6f c:/nxp/lpcxpresso_8.2.2_650/lpcxpresso/tools/bin/../lib/gcc/arm-none-eabi/5.4.1/../../../../arm-none-eabi/lib/armv7e-m/softfp\libcr_c.a(stdio.o)
 .comment       0x0000014c       0x6f c:/nxp/lpcxpresso_8.2.2_650/lpcxpresso/tools/bin/../lib/gcc/arm-none-eabi/5.4.1/../../../../arm-none-eabi/lib/armv7e-m/softfp\libcr_c.a(strlen.o)
 .comment       0x0000014c       0x6f c:/nxp/lpcxpresso_8.2.2_650/lpcxpresso/tools/bin/../lib/gcc/arm-none-eabi/5.4.1/../../../../arm-none-eabi/lib/armv7e-m/softfp\libcr_c.a(memset.o)
 .comment       0x0000014c       0x6f c:/nxp/lpcxpresso_8.2.2_650/lpcxpresso/tools/bin/../lib/gcc/arm-none-eabi/5.4.1/../../../../arm-none-eabi/lib/armv7e-m/softfp\libcr_c.a(_deferredlazyseek.o)
 .comment       0x0000014c       0x6f c:/nxp/lpcxpresso_8.2.2_650/lpcxpresso/tools/bin/../lib/gcc/arm-none-eabi/5.4.1/../../../../arm-none-eabi/lib/armv7e-m/softfp\libcr_c.a(_fdopen.o)
 .comment       0x0000014c       0x6f c:/nxp/lpcxpresso_8.2.2_650/lpcxpresso/tools/bin/../lib/gcc/arm-none-eabi/5.4.1/../../../../arm-none-eabi/lib/armv7e-m/softfp\libcr_c.a(_fflush.o)
 .comment       0x0000014c       0x6f c:/nxp/lpcxpresso_8.2.2_650/lpcxpresso/tools/bin/../lib/gcc/arm-none-eabi/5.4.1/../../../../arm-none-eabi/lib/armv7e-m/softfp\libcr_c.a(_frexpl.o)
 .comment       0x0000014c       0x6f c:/nxp/lpcxpresso_8.2.2_650/lpcxpresso/tools/bin/../lib/gcc/arm-none-eabi/5.4.1/../../../../arm-none-eabi/lib/armv7e-m/softfp\libcr_c.a(_ldexpl.o)
 .comment       0x0000014c       0x6f c:/nxp/lpcxpresso_8.2.2_650/lpcxpresso/tools/bin/../lib/gcc/arm-none-eabi/5.4.1/../../../../arm-none-eabi/lib/armv7e-m/softfp\libcr_c.a(_writebuf.o)
 .comment       0x0000014c       0x6f c:/nxp/lpcxpresso_8.2.2_650/lpcxpresso/tools/bin/../lib/gcc/arm-none-eabi/5.4.1/../../../../arm-none-eabi/lib/armv7e-m/softfp\libcr_c.a(alloc.o)
 .comment       0x0000014c       0x6f c:/nxp/lpcxpresso_8.2.2_650/lpcxpresso/tools/bin/../lib/gcc/arm-none-eabi/5.4.1/../../../../arm-none-eabi/lib/armv7e-m/softfp\libcr_c.a(errno.o)
 .comment       0x0000014c       0x6f c:/nxp/lpcxpresso_8.2.2_650/lpcxpresso/tools/bin/../lib/gcc/arm-none-eabi/5.4.1/../../../../arm-none-eabi/lib/armv7e-m/softfp\libcr_c.a(fclose.o)
 .comment       0x0000014c       0x6f c:/nxp/lpcxpresso_8.2.2_650/lpcxpresso/tools/bin/../lib/gcc/arm-none-eabi/5.4.1/../../../../arm-none-eabi/lib/armv7e-m/softfp\libcr_c.a(fflush.o)
 .comment       0x0000014c       0x6f c:/nxp/lpcxpresso_8.2.2_650/lpcxpresso/tools/bin/../lib/gcc/arm-none-eabi/5.4.1/../../../../arm-none-eabi/lib/armv7e-m/softfp\libcr_c.a(fseek.o)
 .comment       0x0000014c       0x6f c:/nxp/lpcxpresso_8.2.2_650/lpcxpresso/tools/bin/../lib/gcc/arm-none-eabi/5.4.1/../../../../arm-none-eabi/lib/armv7e-m/softfp\libcr_c.a(ftell.o)
 .comment       0x0000014c       0x6f c:/nxp/lpcxpresso_8.2.2_650/lpcxpresso/tools/bin/../lib/gcc/arm-none-eabi/5.4.1/../../../../arm-none-eabi/lib/armv7e-m/softfp\libcr_c.a(remove.o)
 .comment       0x0000014c       0x6f c:/nxp/lpcxpresso_8.2.2_650/lpcxpresso/tools/bin/../lib/gcc/arm-none-eabi/5.4.1/../../../../arm-none-eabi/lib/armv7e-m/softfp\libcr_c.a(__init_alloc.o)
 .comment       0x0000014c       0x6f c:/nxp/lpcxpresso_8.2.2_650/lpcxpresso/tools/bin/../lib/gcc/arm-none-eabi/5.4.1/../../../../arm-none-eabi/lib/armv7e-m/softfp\libcr_c.a(_cr_sbrk.o)
 .comment       0x0000014c       0x6f c:/nxp/lpcxpresso_8.2.2_650/lpcxpresso/tools/bin/../lib/gcc/arm-none-eabi/5.4.1/../../../../arm-none-eabi/lib/armv7e-m/softfp\libcr_c.a(_do_fflush.o)
 .comment       0x0000014c       0x6f c:/nxp/lpcxpresso_8.2.2_650/lpcxpresso/tools/bin/../lib/gcc/arm-none-eabi/5.4.1/../../../../arm-none-eabi/lib/armv7e-m/softfp\libcr_c.a(_hugeval.o)
 .comment       0x0000014c       0x6f c:/nxp/lpcxpresso_8.2.2_650/lpcxpresso/tools/bin/../lib/gcc/arm-none-eabi/5.4.1/../../../../arm-none-eabi/lib/armv7e-m/softfp\libcr_c.a(_cr_check_heap.o)
 .comment       0x0000014c       0x6f c:/nxp/lpcxpresso_8.2.2_650/lpcxpresso/tools/bin/../lib/gcc/arm-none-eabi/5.4.1/armv7e-m/softfp\libcr_eabihelpers.a(double.o)

.ARM.attributes
                0x00000000       0x35
 .ARM.attributes
                0x00000000       0x37 ./src/adc_V2.o
 .ARM.attributes
                0x00000037       0x37 ./src/cr_startup_lpc5410x.o
 .ARM.attributes
                0x0000006e       0x37 ./src/crp.o
 .ARM.attributes
                0x000000a5       0x37 ./src/sysinit.o
 .ARM.attributes
                0x000000dc       0x37 C:\nxp\Good_Workspace\lpc_board_lpcxpresso_54102\Debug\liblpc_board_lpcxpresso_54102.a(board.o)
 .ARM.attributes
                0x00000113       0x37 C:\nxp\Good_Workspace\lpc_board_lpcxpresso_54102\Debug\liblpc_board_lpcxpresso_54102.a(board_sysinit.o)
 .ARM.attributes
                0x0000014a       0x37 C:\nxp\Good_Workspace\lpc_chip_5410x\Debug\liblpc_chip_5410x.a(adc_5410x.o)
 .ARM.attributes
                0x00000181       0x37 C:\nxp\Good_Workspace\lpc_chip_5410x\Debug\liblpc_chip_5410x.a(chip_5410x.o)
 .ARM.attributes
                0x000001b8       0x37 C:\nxp\Good_Workspace\lpc_chip_5410x\Debug\liblpc_chip_5410x.a(clock_5410x.o)
 .ARM.attributes
                0x000001ef       0x37 C:\nxp\Good_Workspace\lpc_chip_5410x\Debug\liblpc_chip_5410x.a(fpu_init.o)
 .ARM.attributes
                0x00000226       0x37 C:\nxp\Good_Workspace\lpc_chip_5410x\Debug\liblpc_chip_5410x.a(gpio_5410x.o)
 .ARM.attributes
                0x0000025d       0x37 C:\nxp\Good_Workspace\lpc_chip_5410x\Debug\liblpc_chip_5410x.a(iocon_5410x.o)
 .ARM.attributes
                0x00000294       0x37 C:\nxp\Good_Workspace\lpc_chip_5410x\Debug\liblpc_chip_5410x.a(pll_5410x.o)
 .ARM.attributes
                0x000002cb       0x37 C:\nxp\Good_Workspace\lpc_chip_5410x\Debug\liblpc_chip_5410x.a(syscon_5410x.o)
 .ARM.attributes
                0x00000302       0x37 C:\nxp\Good_Workspace\lpc_chip_5410x\Debug\liblpc_chip_5410x.a(sysinit_5410x.o)
 .ARM.attributes
                0x00000339       0x37 C:\nxp\Good_Workspace\lpc_chip_5410x\libs\libpower.a(power_library.o)
 .ARM.attributes
                0x00000370       0x37 c:/nxp/lpcxpresso_8.2.2_650/lpcxpresso/tools/bin/../lib/gcc/arm-none-eabi/5.4.1/../../../../arm-none-eabi/lib/armv7e-m/softfp\libcr_semihost.a(_cr__main.o)
 .ARM.attributes
                0x000003a7       0x37 c:/nxp/lpcxpresso_8.2.2_650/lpcxpresso/tools/bin/../lib/gcc/arm-none-eabi/5.4.1/../../../../arm-none-eabi/lib/armv7e-m/softfp\libcr_c.a(fpprintf.o)
 .ARM.attributes
                0x000003de       0x37 c:/nxp/lpcxpresso_8.2.2_650/lpcxpresso/tools/bin/../lib/gcc/arm-none-eabi/5.4.1/../../../../arm-none-eabi/lib/armv7e-m/softfp\libcr_c.a(initio.o)
 .ARM.attributes
                0x00000415       0x37 c:/nxp/lpcxpresso_8.2.2_650/lpcxpresso/tools/bin/../lib/gcc/arm-none-eabi/5.4.1/../../../../arm-none-eabi/lib/armv7e-m/softfp\libcr_c.a(printf.o)
 .ARM.attributes
                0x0000044c       0x37 c:/nxp/lpcxpresso_8.2.2_650/lpcxpresso/tools/bin/../lib/gcc/arm-none-eabi/5.4.1/../../../../arm-none-eabi/lib/armv7e-m/softfp\libcr_c.a(setvbuf.o)
 .ARM.attributes
                0x00000483       0x37 c:/nxp/lpcxpresso_8.2.2_650/lpcxpresso/tools/bin/../lib/gcc/arm-none-eabi/5.4.1/../../../../arm-none-eabi/lib/armv7e-m/softfp\libcr_c.a(stdio.o)
 .ARM.attributes
                0x000004ba       0x37 c:/nxp/lpcxpresso_8.2.2_650/lpcxpresso/tools/bin/../lib/gcc/arm-none-eabi/5.4.1/../../../../arm-none-eabi/lib/armv7e-m/softfp\libcr_c.a(strlen.o)
 .ARM.attributes
                0x000004f1       0x37 c:/nxp/lpcxpresso_8.2.2_650/lpcxpresso/tools/bin/../lib/gcc/arm-none-eabi/5.4.1/../../../../arm-none-eabi/lib/armv7e-m/softfp\libcr_c.a(memset.o)
 .ARM.attributes
                0x00000528       0x37 c:/nxp/lpcxpresso_8.2.2_650/lpcxpresso/tools/bin/../lib/gcc/arm-none-eabi/5.4.1/../../../../arm-none-eabi/lib/armv7e-m/softfp\libcr_c.a(_deferredlazyseek.o)
 .ARM.attributes
                0x0000055f       0x37 c:/nxp/lpcxpresso_8.2.2_650/lpcxpresso/tools/bin/../lib/gcc/arm-none-eabi/5.4.1/../../../../arm-none-eabi/lib/armv7e-m/softfp\libcr_c.a(_fdopen.o)
 .ARM.attributes
                0x00000596       0x37 c:/nxp/lpcxpresso_8.2.2_650/lpcxpresso/tools/bin/../lib/gcc/arm-none-eabi/5.4.1/../../../../arm-none-eabi/lib/armv7e-m/softfp\libcr_c.a(_fflush.o)
 .ARM.attributes
                0x000005cd       0x37 c:/nxp/lpcxpresso_8.2.2_650/lpcxpresso/tools/bin/../lib/gcc/arm-none-eabi/5.4.1/../../../../arm-none-eabi/lib/armv7e-m/softfp\libcr_c.a(_frexpl.o)
 .ARM.attributes
                0x00000604       0x37 c:/nxp/lpcxpresso_8.2.2_650/lpcxpresso/tools/bin/../lib/gcc/arm-none-eabi/5.4.1/../../../../arm-none-eabi/lib/armv7e-m/softfp\libcr_c.a(_ldexpl.o)
 .ARM.attributes
                0x0000063b       0x37 c:/nxp/lpcxpresso_8.2.2_650/lpcxpresso/tools/bin/../lib/gcc/arm-none-eabi/5.4.1/../../../../arm-none-eabi/lib/armv7e-m/softfp\libcr_c.a(_writebuf.o)
 .ARM.attributes
                0x00000672       0x37 c:/nxp/lpcxpresso_8.2.2_650/lpcxpresso/tools/bin/../lib/gcc/arm-none-eabi/5.4.1/../../../../arm-none-eabi/lib/armv7e-m/softfp\libcr_c.a(alloc.o)
 .ARM.attributes
                0x000006a9       0x37 c:/nxp/lpcxpresso_8.2.2_650/lpcxpresso/tools/bin/../lib/gcc/arm-none-eabi/5.4.1/../../../../arm-none-eabi/lib/armv7e-m/softfp\libcr_c.a(errno.o)
 .ARM.attributes
                0x000006e0       0x37 c:/nxp/lpcxpresso_8.2.2_650/lpcxpresso/tools/bin/../lib/gcc/arm-none-eabi/5.4.1/../../../../arm-none-eabi/lib/armv7e-m/softfp\libcr_c.a(fclose.o)
 .ARM.attributes
                0x00000717       0x37 c:/nxp/lpcxpresso_8.2.2_650/lpcxpresso/tools/bin/../lib/gcc/arm-none-eabi/5.4.1/../../../../arm-none-eabi/lib/armv7e-m/softfp\libcr_c.a(fflush.o)
 .ARM.attributes
                0x0000074e       0x37 c:/nxp/lpcxpresso_8.2.2_650/lpcxpresso/tools/bin/../lib/gcc/arm-none-eabi/5.4.1/../../../../arm-none-eabi/lib/armv7e-m/softfp\libcr_c.a(fseek.o)
 .ARM.attributes
                0x00000785       0x37 c:/nxp/lpcxpresso_8.2.2_650/lpcxpresso/tools/bin/../lib/gcc/arm-none-eabi/5.4.1/../../../../arm-none-eabi/lib/armv7e-m/softfp\libcr_c.a(ftell.o)
 .ARM.attributes
                0x000007bc       0x37 c:/nxp/lpcxpresso_8.2.2_650/lpcxpresso/tools/bin/../lib/gcc/arm-none-eabi/5.4.1/../../../../arm-none-eabi/lib/armv7e-m/softfp\libcr_c.a(remove.o)
 .ARM.attributes
                0x000007f3       0x37 c:/nxp/lpcxpresso_8.2.2_650/lpcxpresso/tools/bin/../lib/gcc/arm-none-eabi/5.4.1/../../../../arm-none-eabi/lib/armv7e-m/softfp\libcr_c.a(__init_alloc.o)
 .ARM.attributes
                0x0000082a       0x37 c:/nxp/lpcxpresso_8.2.2_650/lpcxpresso/tools/bin/../lib/gcc/arm-none-eabi/5.4.1/../../../../arm-none-eabi/lib/armv7e-m/softfp\libcr_c.a(_cr_sbrk.o)
 .ARM.attributes
                0x00000861       0x37 c:/nxp/lpcxpresso_8.2.2_650/lpcxpresso/tools/bin/../lib/gcc/arm-none-eabi/5.4.1/../../../../arm-none-eabi/lib/armv7e-m/softfp\libcr_c.a(_do_fflush.o)
 .ARM.attributes
                0x00000898       0x37 c:/nxp/lpcxpresso_8.2.2_650/lpcxpresso/tools/bin/../lib/gcc/arm-none-eabi/5.4.1/../../../../arm-none-eabi/lib/armv7e-m/softfp\libcr_c.a(_hugeval.o)
 .ARM.attributes
                0x000008cf       0x37 c:/nxp/lpcxpresso_8.2.2_650/lpcxpresso/tools/bin/../lib/gcc/arm-none-eabi/5.4.1/../../../../arm-none-eabi/lib/armv7e-m/softfp\libcr_c.a(_cr_check_heap.o)
 .ARM.attributes
                0x00000906       0x25 c:/nxp/lpcxpresso_8.2.2_650/lpcxpresso/tools/bin/../lib/gcc/arm-none-eabi/5.4.1/armv7e-m/softfp\libcr_eabihelpers.a(division_64.o)
 .ARM.attributes
                0x0000092b       0x25 c:/nxp/lpcxpresso_8.2.2_650/lpcxpresso/tools/bin/../lib/gcc/arm-none-eabi/5.4.1/armv7e-m/softfp\libcr_eabihelpers.a(division_idiv0.o)
 .ARM.attributes
                0x00000950       0x37 c:/nxp/lpcxpresso_8.2.2_650/lpcxpresso/tools/bin/../lib/gcc/arm-none-eabi/5.4.1/armv7e-m/softfp\libcr_eabihelpers.a(double.o)
 .ARM.attributes
                0x00000987       0x25 c:/nxp/lpcxpresso_8.2.2_650/lpcxpresso/tools/bin/../lib/gcc/arm-none-eabi/5.4.1/armv7e-m/softfp\libcr_eabihelpers.a(memcpy.o)
 .ARM.attributes
                0x000009ac       0x25 c:/nxp/lpcxpresso_8.2.2_650/lpcxpresso/tools/bin/../lib/gcc/arm-none-eabi/5.4.1/../../../../arm-none-eabi/lib/armv7e-m/softfp\libcr_semihost.a(__sys_appexit.o)
 .ARM.attributes
                0x000009d1       0x25 c:/nxp/lpcxpresso_8.2.2_650/lpcxpresso/tools/bin/../lib/gcc/arm-none-eabi/5.4.1/../../../../arm-none-eabi/lib/armv7e-m/softfp\libcr_semihost.a(__sys_close.o)
 .ARM.attributes
                0x000009f6       0x25 c:/nxp/lpcxpresso_8.2.2_650/lpcxpresso/tools/bin/../lib/gcc/arm-none-eabi/5.4.1/../../../../arm-none-eabi/lib/armv7e-m/softfp\libcr_semihost.a(__sys_flen.o)
 .ARM.attributes
                0x00000a1b       0x25 c:/nxp/lpcxpresso_8.2.2_650/lpcxpresso/tools/bin/../lib/gcc/arm-none-eabi/5.4.1/../../../../arm-none-eabi/lib/armv7e-m/softfp\libcr_semihost.a(__sys_istty.o)
 .ARM.attributes
                0x00000a40       0x25 c:/nxp/lpcxpresso_8.2.2_650/lpcxpresso/tools/bin/../lib/gcc/arm-none-eabi/5.4.1/../../../../arm-none-eabi/lib/armv7e-m/softfp\libcr_semihost.a(__sys_remove.o)
 .ARM.attributes
                0x00000a65       0x25 c:/nxp/lpcxpresso_8.2.2_650/lpcxpresso/tools/bin/../lib/gcc/arm-none-eabi/5.4.1/../../../../arm-none-eabi/lib/armv7e-m/softfp\libcr_semihost.a(__sys_seek.o)
 .ARM.attributes
                0x00000a8a       0x25 c:/nxp/lpcxpresso_8.2.2_650/lpcxpresso/tools/bin/../lib/gcc/arm-none-eabi/5.4.1/../../../../arm-none-eabi/lib/armv7e-m/softfp\libcr_semihost.a(__sys_tmpnam.o)
 .ARM.attributes
                0x00000aaf       0x25 c:/nxp/lpcxpresso_8.2.2_650/lpcxpresso/tools/bin/../lib/gcc/arm-none-eabi/5.4.1/../../../../arm-none-eabi/lib/armv7e-m/softfp\libcr_semihost.a(__sys_write.o)

.debug_frame    0x00000000     0x1720
 .debug_frame   0x00000000      0x400 ./src/adc_V2.o
 .debug_frame   0x00000400      0x170 ./src/cr_startup_lpc5410x.o
 .debug_frame   0x00000570       0x2c ./src/sysinit.o
 .debug_frame   0x0000059c      0x278 C:\nxp\Good_Workspace\lpc_board_lpcxpresso_54102\Debug\liblpc_board_lpcxpresso_54102.a(board.o)
 .debug_frame   0x00000814      0x130 C:\nxp\Good_Workspace\lpc_board_lpcxpresso_54102\Debug\liblpc_board_lpcxpresso_54102.a(board_sysinit.o)
 .debug_frame   0x00000944       0xf0 C:\nxp\Good_Workspace\lpc_chip_5410x\Debug\liblpc_chip_5410x.a(adc_5410x.o)
 .debug_frame   0x00000a34       0x2c C:\nxp\Good_Workspace\lpc_chip_5410x\Debug\liblpc_chip_5410x.a(chip_5410x.o)
 .debug_frame   0x00000a60      0x3d8 C:\nxp\Good_Workspace\lpc_chip_5410x\Debug\liblpc_chip_5410x.a(clock_5410x.o)
 .debug_frame   0x00000e38       0x38 C:\nxp\Good_Workspace\lpc_chip_5410x\Debug\liblpc_chip_5410x.a(fpu_init.o)
 .debug_frame   0x00000e70      0x190 C:\nxp\Good_Workspace\lpc_chip_5410x\Debug\liblpc_chip_5410x.a(gpio_5410x.o)
 .debug_frame   0x00001000       0x5c C:\nxp\Good_Workspace\lpc_chip_5410x\Debug\liblpc_chip_5410x.a(iocon_5410x.o)
 .debug_frame   0x0000105c      0x3e0 C:\nxp\Good_Workspace\lpc_chip_5410x\Debug\liblpc_chip_5410x.a(pll_5410x.o)
 .debug_frame   0x0000143c      0x15c C:\nxp\Good_Workspace\lpc_chip_5410x\Debug\liblpc_chip_5410x.a(syscon_5410x.o)
 .debug_frame   0x00001598      0x188 C:\nxp\Good_Workspace\lpc_chip_5410x\Debug\liblpc_chip_5410x.a(sysinit_5410x.o)
