16:45:42 **** Build of configuration Debug for project lpc_board_lpcxpresso_54102 ****
make -r all 
Building file: ../src/board.c
Invoking: MCU C Compiler
arm-none-eabi-gcc -D__REDLIB__ -DCORE_M4 -DDEBUG -D__CODE_RED -D__LPC5410X__ -I"C:\nxp\Good_Workspace\lpc_chip_5410x\inc" -I"C:\nxp\Good_Workspace\lpc_board_lpcxpresso_54102\inc" -O0 -g3 -Wall -c -fmessage-length=0 -fno-builtin -ffunction-sections -fdata-sections -fsingle-precision-constant -mcpu=cortex-m4 -mfpu=fpv4-sp-d16 -mfloat-abi=softfp -mthumb -specs=redlib.specs -MMD -MP -MF"src/board.d" -MT"src/board.o" -MT"src/board.d" -o "src/board.o" "../src/board.c"
Finished building: ../src/board.c
 
Building file: ../src/board_sysinit.c
Invoking: MCU C Compiler
arm-none-eabi-gcc -D__REDLIB__ -DCORE_M4 -DDEBUG -D__CODE_RED -D__LPC5410X__ -I"C:\nxp\Good_Workspace\lpc_chip_5410x\inc" -I"C:\nxp\Good_Workspace\lpc_board_lpcxpresso_54102\inc" -O0 -g3 -Wall -c -fmessage-length=0 -fno-builtin -ffunction-sections -fdata-sections -fsingle-precision-constant -mcpu=cortex-m4 -mfpu=fpv4-sp-d16 -mfloat-abi=softfp -mthumb -specs=redlib.specs -MMD -MP -MF"src/board_sysinit.d" -MT"src/board_sysinit.o" -MT"src/board_sysinit.d" -o "src/board_sysinit.o" "../src/board_sysinit.c"
Finished building: ../src/board_sysinit.c
 
Building target: liblpc_board_lpcxpresso_54102.a
Invoking: MCU Archiver
arm-none-eabi-ar -r  "liblpc_board_lpcxpresso_54102.a"  ./src/board.o ./src/board_sysinit.o   
c:\nxp\LPCXpresso_8.2.2_650\lpcxpresso\tools\bin\arm-none-eabi-ar.exe: creating liblpc_board_lpcxpresso_54102.a
Finished building target: liblpc_board_lpcxpresso_54102.a
 
make --no-print-directory post-build
Performing post-build steps
arm-none-eabi-size "liblpc_board_lpcxpresso_54102.a" ; # arm-none-eabi-objdump -h -S "liblpc_board_lpcxpresso_54102.a" >"liblpc_board_lpcxpresso_54102.lss"
   text	   data	    bss	    dec	    hex	filename
    867	      0	      0	    867	    363	board.o (ex liblpc_board_lpcxpresso_54102.a)
    660	      0	      0	    660	    294	board_sysinit.o (ex liblpc_board_lpcxpresso_54102.a)
 
16:45:44 **** Build of configuration Debug for project lpc_chip_5410x ****
make -r all 
Building file: ../src/adc_5410x.c
Invoking: MCU C Compiler
arm-none-eabi-gcc -D__REDLIB__ -DCORE_M4 -DDEBUG -D__CODE_RED -D__LPC5410X__ -I"C:\nxp\Good_Workspace\lpc_chip_5410x\inc" -O0 -g3 -Wall -c -fmessage-length=0 -fno-builtin -ffunction-sections -fdata-sections -fsingle-precision-constant -mcpu=cortex-m4 -mfpu=fpv4-sp-d16 -mfloat-abi=softfp -mthumb -D__REDLIB__ -specs=redlib.specs -MMD -MP -MF"src/adc_5410x.d" -MT"src/adc_5410x.o" -MT"src/adc_5410x.d" -o "src/adc_5410x.o" "../src/adc_5410x.c"
Finished building: ../src/adc_5410x.c
 
Building file: ../src/chip_5410x.c
Invoking: MCU C Compiler
arm-none-eabi-gcc -D__REDLIB__ -DCORE_M4 -DDEBUG -D__CODE_RED -D__LPC5410X__ -I"C:\nxp\Good_Workspace\lpc_chip_5410x\inc" -O0 -g3 -Wall -c -fmessage-length=0 -fno-builtin -ffunction-sections -fdata-sections -fsingle-precision-constant -mcpu=cortex-m4 -mfpu=fpv4-sp-d16 -mfloat-abi=softfp -mthumb -D__REDLIB__ -specs=redlib.specs -MMD -MP -MF"src/chip_5410x.d" -MT"src/chip_5410x.o" -MT"src/chip_5410x.d" -o "src/chip_5410x.o" "../src/chip_5410x.c"
Finished building: ../src/chip_5410x.c
 
Building file: ../src/clock_5410x.c
Invoking: MCU C Compiler
arm-none-eabi-gcc -D__REDLIB__ -DCORE_M4 -DDEBUG -D__CODE_RED -D__LPC5410X__ -I"C:\nxp\Good_Workspace\lpc_chip_5410x\inc" -O0 -g3 -Wall -c -fmessage-length=0 -fno-builtin -ffunction-sections -fdata-sections -fsingle-precision-constant -mcpu=cortex-m4 -mfpu=fpv4-sp-d16 -mfloat-abi=softfp -mthumb -D__REDLIB__ -specs=redlib.specs -MMD -MP -MF"src/clock_5410x.d" -MT"src/clock_5410x.o" -MT"src/clock_5410x.d" -o "src/clock_5410x.o" "../src/clock_5410x.c"
Finished building: ../src/clock_5410x.c
 
Building file: ../src/crc_5410x.c
Invoking: MCU C Compiler
arm-none-eabi-gcc -D__REDLIB__ -DCORE_M4 -DDEBUG -D__CODE_RED -D__LPC5410X__ -I"C:\nxp\Good_Workspace\lpc_chip_5410x\inc" -O0 -g3 -Wall -c -fmessage-length=0 -fno-builtin -ffunction-sections -fdata-sections -fsingle-precision-constant -mcpu=cortex-m4 -mfpu=fpv4-sp-d16 -mfloat-abi=softfp -mthumb -D__REDLIB__ -specs=redlib.specs -MMD -MP -MF"src/crc_5410x.d" -MT"src/crc_5410x.o" -MT"src/crc_5410x.d" -o "src/crc_5410x.o" "../src/crc_5410x.c"
Finished building: ../src/crc_5410x.c
 
Building file: ../src/dma_5410x.c
Invoking: MCU C Compiler
arm-none-eabi-gcc -D__REDLIB__ -DCORE_M4 -DDEBUG -D__CODE_RED -D__LPC5410X__ -I"C:\nxp\Good_Workspace\lpc_chip_5410x\inc" -O0 -g3 -Wall -c -fmessage-length=0 -fno-builtin -ffunction-sections -fdata-sections -fsingle-precision-constant -mcpu=cortex-m4 -mfpu=fpv4-sp-d16 -mfloat-abi=softfp -mthumb -D__REDLIB__ -specs=redlib.specs -MMD -MP -MF"src/dma_5410x.d" -MT"src/dma_5410x.o" -MT"src/dma_5410x.d" -o "src/dma_5410x.o" "../src/dma_5410x.c"
Finished building: ../src/dma_5410x.c
 
Building file: ../src/fifo_5410x.c
Invoking: MCU C Compiler
arm-none-eabi-gcc -D__REDLIB__ -DCORE_M4 -DDEBUG -D__CODE_RED -D__LPC5410X__ -I"C:\nxp\Good_Workspace\lpc_chip_5410x\inc" -O0 -g3 -Wall -c -fmessage-length=0 -fno-builtin -ffunction-sections -fdata-sections -fsingle-precision-constant -mcpu=cortex-m4 -mfpu=fpv4-sp-d16 -mfloat-abi=softfp -mthumb -D__REDLIB__ -specs=redlib.specs -MMD -MP -MF"src/fifo_5410x.d" -MT"src/fifo_5410x.o" -MT"src/fifo_5410x.d" -o "src/fifo_5410x.o" "../src/fifo_5410x.c"
Finished building: ../src/fifo_5410x.c
 
Building file: ../src/fpu_init.c
Invoking: MCU C Compiler
arm-none-eabi-gcc -D__REDLIB__ -DCORE_M4 -DDEBUG -D__CODE_RED -D__LPC5410X__ -I"C:\nxp\Good_Workspace\lpc_chip_5410x\inc" -O0 -g3 -Wall -c -fmessage-length=0 -fno-builtin -ffunction-sections -fdata-sections -fsingle-precision-constant -mcpu=cortex-m4 -mfpu=fpv4-sp-d16 -mfloat-abi=softfp -mthumb -D__REDLIB__ -specs=redlib.specs -MMD -MP -MF"src/fpu_init.d" -MT"src/fpu_init.o" -MT"src/fpu_init.d" -o "src/fpu_init.o" "../src/fpu_init.c"
Finished building: ../src/fpu_init.c
 
Building file: ../src/gpio_5410x.c
Invoking: MCU C Compiler
arm-none-eabi-gcc -D__REDLIB__ -DCORE_M4 -DDEBUG -D__CODE_RED -D__LPC5410X__ -I"C:\nxp\Good_Workspace\lpc_chip_5410x\inc" -O0 -g3 -Wall -c -fmessage-length=0 -fno-builtin -ffunction-sections -fdata-sections -fsingle-precision-constant -mcpu=cortex-m4 -mfpu=fpv4-sp-d16 -mfloat-abi=softfp -mthumb -D__REDLIB__ -specs=redlib.specs -MMD -MP -MF"src/gpio_5410x.d" -MT"src/gpio_5410x.o" -MT"src/gpio_5410x.d" -o "src/gpio_5410x.o" "../src/gpio_5410x.c"
Finished building: ../src/gpio_5410x.c
 
Building file: ../src/gpiogroup_5410x.c
Invoking: MCU C Compiler
arm-none-eabi-gcc -D__REDLIB__ -DCORE_M4 -DDEBUG -D__CODE_RED -D__LPC5410X__ -I"C:\nxp\Good_Workspace\lpc_chip_5410x\inc" -O0 -g3 -Wall -c -fmessage-length=0 -fno-builtin -ffunction-sections -fdata-sections -fsingle-precision-constant -mcpu=cortex-m4 -mfpu=fpv4-sp-d16 -mfloat-abi=softfp -mthumb -D__REDLIB__ -specs=redlib.specs -MMD -MP -MF"src/gpiogroup_5410x.d" -MT"src/gpiogroup_5410x.o" -MT"src/gpiogroup_5410x.d" -o "src/gpiogroup_5410x.o" "../src/gpiogroup_5410x.c"
Finished building: ../src/gpiogroup_5410x.c
 
Building file: ../src/i2cm_5410x.c
Invoking: MCU C Compiler
arm-none-eabi-gcc -D__REDLIB__ -DCORE_M4 -DDEBUG -D__CODE_RED -D__LPC5410X__ -I"C:\nxp\Good_Workspace\lpc_chip_5410x\inc" -O0 -g3 -Wall -c -fmessage-length=0 -fno-builtin -ffunction-sections -fdata-sections -fsingle-precision-constant -mcpu=cortex-m4 -mfpu=fpv4-sp-d16 -mfloat-abi=softfp -mthumb -D__REDLIB__ -specs=redlib.specs -MMD -MP -MF"src/i2cm_5410x.d" -MT"src/i2cm_5410x.o" -MT"src/i2cm_5410x.d" -o "src/i2cm_5410x.o" "../src/i2cm_5410x.c"
Finished building: ../src/i2cm_5410x.c
 
Building file: ../src/i2cs_5410x.c
Invoking: MCU C Compiler
arm-none-eabi-gcc -D__REDLIB__ -DCORE_M4 -DDEBUG -D__CODE_RED -D__LPC5410X__ -I"C:\nxp\Good_Workspace\lpc_chip_5410x\inc" -O0 -g3 -Wall -c -fmessage-length=0 -fno-builtin -ffunction-sections -fdata-sections -fsingle-precision-constant -mcpu=cortex-m4 -mfpu=fpv4-sp-d16 -mfloat-abi=softfp -mthumb -D__REDLIB__ -specs=redlib.specs -MMD -MP -MF"src/i2cs_5410x.d" -MT"src/i2cs_5410x.o" -MT"src/i2cs_5410x.d" -o "src/i2cs_5410x.o" "../src/i2cs_5410x.c"
Finished building: ../src/i2cs_5410x.c
 
Building file: ../src/iap.c
Invoking: MCU C Compiler
arm-none-eabi-gcc -D__REDLIB__ -DCORE_M4 -DDEBUG -D__CODE_RED -D__LPC5410X__ -I"C:\nxp\Good_Workspace\lpc_chip_5410x\inc" -O0 -g3 -Wall -c -fmessage-length=0 -fno-builtin -ffunction-sections -fdata-sections -fsingle-precision-constant -mcpu=cortex-m4 -mfpu=fpv4-sp-d16 -mfloat-abi=softfp -mthumb -D__REDLIB__ -specs=redlib.specs -MMD -MP -MF"src/iap.d" -MT"src/iap.o" -MT"src/iap.d" -o "src/iap.o" "../src/iap.c"
Finished building: ../src/iap.c
 
Building file: ../src/iocon_5410x.c
Invoking: MCU C Compiler
arm-none-eabi-gcc -D__REDLIB__ -DCORE_M4 -DDEBUG -D__CODE_RED -D__LPC5410X__ -I"C:\nxp\Good_Workspace\lpc_chip_5410x\inc" -O0 -g3 -Wall -c -fmessage-length=0 -fno-builtin -ffunction-sections -fdata-sections -fsingle-precision-constant -mcpu=cortex-m4 -mfpu=fpv4-sp-d16 -mfloat-abi=softfp -mthumb -D__REDLIB__ -specs=redlib.specs -MMD -MP -MF"src/iocon_5410x.d" -MT"src/iocon_5410x.o" -MT"src/iocon_5410x.d" -o "src/iocon_5410x.o" "../src/iocon_5410x.c"
Finished building: ../src/iocon_5410x.c
 
Building file: ../src/pinint_5410x.c
Invoking: MCU C Compiler
arm-none-eabi-gcc -D__REDLIB__ -DCORE_M4 -DDEBUG -D__CODE_RED -D__LPC5410X__ -I"C:\nxp\Good_Workspace\lpc_chip_5410x\inc" -O0 -g3 -Wall -c -fmessage-length=0 -fno-builtin -ffunction-sections -fdata-sections -fsingle-precision-constant -mcpu=cortex-m4 -mfpu=fpv4-sp-d16 -mfloat-abi=softfp -mthumb -D__REDLIB__ -specs=redlib.specs -MMD -MP -MF"src/pinint_5410x.d" -MT"src/pinint_5410x.o" -MT"src/pinint_5410x.d" -o "src/pinint_5410x.o" "../src/pinint_5410x.c"
Finished building: ../src/pinint_5410x.c
 
Building file: ../src/pll_5410x.c
Invoking: MCU C Compiler
arm-none-eabi-gcc -D__REDLIB__ -DCORE_M4 -DDEBUG -D__CODE_RED -D__LPC5410X__ -I"C:\nxp\Good_Workspace\lpc_chip_5410x\inc" -O0 -g3 -Wall -c -fmessage-length=0 -fno-builtin -ffunction-sections -fdata-sections -fsingle-precision-constant -mcpu=cortex-m4 -mfpu=fpv4-sp-d16 -mfloat-abi=softfp -mthumb -D__REDLIB__ -specs=redlib.specs -MMD -MP -MF"src/pll_5410x.d" -MT"src/pll_5410x.o" -MT"src/pll_5410x.d" -o "src/pll_5410x.o" "../src/pll_5410x.c"
Finished building: ../src/pll_5410x.c
 
Building file: ../src/ring_buffer.c
Invoking: MCU C Compiler
arm-none-eabi-gcc -D__REDLIB__ -DCORE_M4 -DDEBUG -D__CODE_RED -D__LPC5410X__ -I"C:\nxp\Good_Workspace\lpc_chip_5410x\inc" -O0 -g3 -Wall -c -fmessage-length=0 -fno-builtin -ffunction-sections -fdata-sections -fsingle-precision-constant -mcpu=cortex-m4 -mfpu=fpv4-sp-d16 -mfloat-abi=softfp -mthumb -D__REDLIB__ -specs=redlib.specs -MMD -MP -MF"src/ring_buffer.d" -MT"src/ring_buffer.o" -MT"src/ring_buffer.d" -o "src/ring_buffer.o" "../src/ring_buffer.c"
Finished building: ../src/ring_buffer.c
 
Building file: ../src/ritimer_5410x.c
Invoking: MCU C Compiler
arm-none-eabi-gcc -D__REDLIB__ -DCORE_M4 -DDEBUG -D__CODE_RED -D__LPC5410X__ -I"C:\nxp\Good_Workspace\lpc_chip_5410x\inc" -O0 -g3 -Wall -c -fmessage-length=0 -fno-builtin -ffunction-sections -fdata-sections -fsingle-precision-constant -mcpu=cortex-m4 -mfpu=fpv4-sp-d16 -mfloat-abi=softfp -mthumb -D__REDLIB__ -specs=redlib.specs -MMD -MP -MF"src/ritimer_5410x.d" -MT"src/ritimer_5410x.o" -MT"src/ritimer_5410x.d" -o "src/ritimer_5410x.o" "../src/ritimer_5410x.c"
Finished building: ../src/ritimer_5410x.c
 
Building file: ../src/rtc_ut.c
Invoking: MCU C Compiler
arm-none-eabi-gcc -D__REDLIB__ -DCORE_M4 -DDEBUG -D__CODE_RED -D__LPC5410X__ -I"C:\nxp\Good_Workspace\lpc_chip_5410x\inc" -O0 -g3 -Wall -c -fmessage-length=0 -fno-builtin -ffunction-sections -fdata-sections -fsingle-precision-constant -mcpu=cortex-m4 -mfpu=fpv4-sp-d16 -mfloat-abi=softfp -mthumb -D__REDLIB__ -specs=redlib.specs -MMD -MP -MF"src/rtc_ut.d" -MT"src/rtc_ut.o" -MT"src/rtc_ut.d" -o "src/rtc_ut.o" "../src/rtc_ut.c"
Finished building: ../src/rtc_ut.c
 
Building file: ../src/sct_5410x.c
Invoking: MCU C Compiler
arm-none-eabi-gcc -D__REDLIB__ -DCORE_M4 -DDEBUG -D__CODE_RED -D__LPC5410X__ -I"C:\nxp\Good_Workspace\lpc_chip_5410x\inc" -O0 -g3 -Wall -c -fmessage-length=0 -fno-builtin -ffunction-sections -fdata-sections -fsingle-precision-constant -mcpu=cortex-m4 -mfpu=fpv4-sp-d16 -mfloat-abi=softfp -mthumb -D__REDLIB__ -specs=redlib.specs -MMD -MP -MF"src/sct_5410x.d" -MT"src/sct_5410x.o" -MT"src/sct_5410x.d" -o "src/sct_5410x.o" "../src/sct_5410x.c"
Finished building: ../src/sct_5410x.c
 
Building file: ../src/sct_pwm_5410x.c
Invoking: MCU C Compiler
arm-none-eabi-gcc -D__REDLIB__ -DCORE_M4 -DDEBUG -D__CODE_RED -D__LPC5410X__ -I"C:\nxp\Good_Workspace\lpc_chip_5410x\inc" -O0 -g3 -Wall -c -fmessage-length=0 -fno-builtin -ffunction-sections -fdata-sections -fsingle-precision-constant -mcpu=cortex-m4 -mfpu=fpv4-sp-d16 -mfloat-abi=softfp -mthumb -D__REDLIB__ -specs=redlib.specs -MMD -MP -MF"src/sct_pwm_5410x.d" -MT"src/sct_pwm_5410x.o" -MT"src/sct_pwm_5410x.d" -o "src/sct_pwm_5410x.o" "../src/sct_pwm_5410x.c"
Finished building: ../src/sct_pwm_5410x.c
 
Building file: ../src/spi_common_5410x.c
Invoking: MCU C Compiler
arm-none-eabi-gcc -D__REDLIB__ -DCORE_M4 -DDEBUG -D__CODE_RED -D__LPC5410X__ -I"C:\nxp\Good_Workspace\lpc_chip_5410x\inc" -O0 -g3 -Wall -c -fmessage-length=0 -fno-builtin -ffunction-sections -fdata-sections -fsingle-precision-constant -mcpu=cortex-m4 -mfpu=fpv4-sp-d16 -mfloat-abi=softfp -mthumb -D__REDLIB__ -specs=redlib.specs -MMD -MP -MF"src/spi_common_5410x.d" -MT"src/spi_common_5410x.o" -MT"src/spi_common_5410x.d" -o "src/spi_common_5410x.o" "../src/spi_common_5410x.c"
Finished building: ../src/spi_common_5410x.c
 
Building file: ../src/spim_5410x.c
Invoking: MCU C Compiler
arm-none-eabi-gcc -D__REDLIB__ -DCORE_M4 -DDEBUG -D__CODE_RED -D__LPC5410X__ -I"C:\nxp\Good_Workspace\lpc_chip_5410x\inc" -O0 -g3 -Wall -c -fmessage-length=0 -fno-builtin -ffunction-sections -fdata-sections -fsingle-precision-constant -mcpu=cortex-m4 -mfpu=fpv4-sp-d16 -mfloat-abi=softfp -mthumb -D__REDLIB__ -specs=redlib.specs -MMD -MP -MF"src/spim_5410x.d" -MT"src/spim_5410x.o" -MT"src/spim_5410x.d" -o "src/spim_5410x.o" "../src/spim_5410x.c"
Finished building: ../src/spim_5410x.c
 
Building file: ../src/spis_5410x.c
Invoking: MCU C Compiler
arm-none-eabi-gcc -D__REDLIB__ -DCORE_M4 -DDEBUG -D__CODE_RED -D__LPC5410X__ -I"C:\nxp\Good_Workspace\lpc_chip_5410x\inc" -O0 -g3 -Wall -c -fmessage-length=0 -fno-builtin -ffunction-sections -fdata-sections -fsingle-precision-constant -mcpu=cortex-m4 -mfpu=fpv4-sp-d16 -mfloat-abi=softfp -mthumb -D__REDLIB__ -specs=redlib.specs -MMD -MP -MF"src/spis_5410x.d" -MT"src/spis_5410x.o" -MT"src/spis_5410x.d" -o "src/spis_5410x.o" "../src/spis_5410x.c"
Finished building: ../src/spis_5410x.c
 
Building file: ../src/stopwatch_5410x.c
Invoking: MCU C Compiler
arm-none-eabi-gcc -D__REDLIB__ -DCORE_M4 -DDEBUG -D__CODE_RED -D__LPC5410X__ -I"C:\nxp\Good_Workspace\lpc_chip_5410x\inc" -O0 -g3 -Wall -c -fmessage-length=0 -fno-builtin -ffunction-sections -fdata-sections -fsingle-precision-constant -mcpu=cortex-m4 -mfpu=fpv4-sp-d16 -mfloat-abi=softfp -mthumb -D__REDLIB__ -specs=redlib.specs -MMD -MP -MF"src/stopwatch_5410x.d" -MT"src/stopwatch_5410x.o" -MT"src/stopwatch_5410x.d" -o "src/stopwatch_5410x.o" "../src/stopwatch_5410x.c"
Finished building: ../src/stopwatch_5410x.c
 
Building file: ../src/syscon_5410x.c
Invoking: MCU C Compiler
arm-none-eabi-gcc -D__REDLIB__ -DCORE_M4 -DDEBUG -D__CODE_RED -D__LPC5410X__ -I"C:\nxp\Good_Workspace\lpc_chip_5410x\inc" -O0 -g3 -Wall -c -fmessage-length=0 -fno-builtin -ffunction-sections -fdata-sections -fsingle-precision-constant -mcpu=cortex-m4 -mfpu=fpv4-sp-d16 -mfloat-abi=softfp -mthumb -D__REDLIB__ -specs=redlib.specs -MMD -MP -MF"src/syscon_5410x.d" -MT"src/syscon_5410x.o" -MT"src/syscon_5410x.d" -o "src/syscon_5410x.o" "../src/syscon_5410x.c"
Finished building: ../src/syscon_5410x.c
 
Building file: ../src/sysinit_5410x.c
Invoking: MCU C Compiler
arm-none-eabi-gcc -D__REDLIB__ -DCORE_M4 -DDEBUG -D__CODE_RED -D__LPC5410X__ -I"C:\nxp\Good_Workspace\lpc_chip_5410x\inc" -O0 -g3 -Wall -c -fmessage-length=0 -fno-builtin -ffunction-sections -fdata-sections -fsingle-precision-constant -mcpu=cortex-m4 -mfpu=fpv4-sp-d16 -mfloat-abi=softfp -mthumb -D__REDLIB__ -specs=redlib.specs -MMD -MP -MF"src/sysinit_5410x.d" -MT"src/sysinit_5410x.o" -MT"src/sysinit_5410x.d" -o "src/sysinit_5410x.o" "../src/sysinit_5410x.c"
Finished building: ../src/sysinit_5410x.c
 
Building file: ../src/timer_5410x.c
Invoking: MCU C Compiler
arm-none-eabi-gcc -D__REDLIB__ -DCORE_M4 -DDEBUG -D__CODE_RED -D__LPC5410X__ -I"C:\nxp\Good_Workspace\lpc_chip_5410x\inc" -O0 -g3 -Wall -c -fmessage-length=0 -fno-builtin -ffunction-sections -fdata-sections -fsingle-precision-constant -mcpu=cortex-m4 -mfpu=fpv4-sp-d16 -mfloat-abi=softfp -mthumb -D__REDLIB__ -specs=redlib.specs -MMD -MP -MF"src/timer_5410x.d" -MT"src/timer_5410x.o" -MT"src/timer_5410x.d" -o "src/timer_5410x.o" "../src/timer_5410x.c"
Finished building: ../src/timer_5410x.c
 
Building file: ../src/uart_5410x.c
Invoking: MCU C Compiler
arm-none-eabi-gcc -D__REDLIB__ -DCORE_M4 -DDEBUG -D__CODE_RED -D__LPC5410X__ -I"C:\nxp\Good_Workspace\lpc_chip_5410x\inc" -O0 -g3 -Wall -c -fmessage-length=0 -fno-builtin -ffunction-sections -fdata-sections -fsingle-precision-constant -mcpu=cortex-m4 -mfpu=fpv4-sp-d16 -mfloat-abi=softfp -mthumb -D__REDLIB__ -specs=redlib.specs -MMD -MP -MF"src/uart_5410x.d" -MT"src/uart_5410x.o" -MT"src/uart_5410x.d" -o "src/uart_5410x.o" "../src/uart_5410x.c"
Finished building: ../src/uart_5410x.c
 
Building file: ../src/wwdt_5410x.c
Invoking: MCU C Compiler
arm-none-eabi-gcc -D__REDLIB__ -DCORE_M4 -DDEBUG -D__CODE_RED -D__LPC5410X__ -I"C:\nxp\Good_Workspace\lpc_chip_5410x\inc" -O0 -g3 -Wall -c -fmessage-length=0 -fno-builtin -ffunction-sections -fdata-sections -fsingle-precision-constant -mcpu=cortex-m4 -mfpu=fpv4-sp-d16 -mfloat-abi=softfp -mthumb -D__REDLIB__ -specs=redlib.specs -MMD -MP -MF"src/wwdt_5410x.d" -MT"src/wwdt_5410x.o" -MT"src/wwdt_5410x.d" -o "src/wwdt_5410x.o" "../src/wwdt_5410x.c"
Finished building: ../src/wwdt_5410x.c
 
Building target: liblpc_chip_5410x.a
Invoking: MCU Archiver
arm-none-eabi-ar -r  "liblpc_chip_5410x.a"  ./src/adc_5410x.o ./src/chip_5410x.o ./src/clock_5410x.o ./src/crc_5410x.o ./src/dma_5410x.o ./src/fifo_5410x.o ./src/fpu_init.o ./src/gpio_5410x.o ./src/gpiogroup_5410x.o ./src/i2cm_5410x.o ./src/i2cs_5410x.o ./src/iap.o ./src/iocon_5410x.o ./src/pinint_5410x.o ./src/pll_5410x.o ./src/ring_buffer.o ./src/ritimer_5410x.o ./src/rtc_ut.o ./src/sct_5410x.o ./src/sct_pwm_5410x.o ./src/spi_common_5410x.o ./src/spim_5410x.o ./src/spis_5410x.o ./src/stopwatch_5410x.o ./src/syscon_5410x.o ./src/sysinit_5410x.o ./src/timer_5410x.o ./src/uart_5410x.o ./src/wwdt_5410x.o   
c:\nxp\LPCXpresso_8.2.2_650\lpcxpresso\tools\bin\arm-none-eabi-ar.exe: creating liblpc_chip_5410x.a
Finished building target: liblpc_chip_5410x.a
 
make --no-print-directory post-build
Performing post-build steps
arm-none-eabi-size "liblpc_chip_5410x.a" ; # arm-none-eabi-objdump -h -S "liblpc_chip_5410x.a" >"liblpc_chip_5410x.lss"
   text	   data	    bss	    dec	    hex	filename
    500	      0	      0	    500	    1f4	adc_5410x.o (ex liblpc_chip_5410x.a)
     24	      0	      0	     24	     18	chip_5410x.o (ex liblpc_chip_5410x.a)
   1532	      0	      0	   1532	    5fc	clock_5410x.o (ex liblpc_chip_5410x.a)
    480	      0	      0	    480	    1e0	crc_5410x.o (ex liblpc_chip_5410x.a)
    104	      0	      0	    104	     68	dma_5410x.o (ex liblpc_chip_5410x.a)
   1112	      0	      0	   1112	    458	fifo_5410x.o (ex liblpc_chip_5410x.a)
    116	      0	      0	    116	     74	fpu_init.o (ex liblpc_chip_5410x.a)
    652	      0	      0	    652	    28c	gpio_5410x.o (ex liblpc_chip_5410x.a)
      0	      0	      0	      0	      0	gpiogroup_5410x.o (ex liblpc_chip_5410x.a)
   1132	      0	      0	   1132	    46c	i2cm_5410x.o (ex liblpc_chip_5410x.a)
    532	      0	      0	    532	    214	i2cs_5410x.o (ex liblpc_chip_5410x.a)
    560	      0	      0	    560	    230	iap.o (ex liblpc_chip_5410x.a)
    128	      0	      0	    128	     80	iocon_5410x.o (ex liblpc_chip_5410x.a)
    220	      0	      0	    220	     dc	pinint_5410x.o (ex liblpc_chip_5410x.a)
   3568	      0	      4	   3572	    df4	pll_5410x.o (ex liblpc_chip_5410x.a)
   1000	      0	      0	   1000	    3e8	ring_buffer.o (ex liblpc_chip_5410x.a)
    336	      0	      0	    336	    150	ritimer_5410x.o (ex liblpc_chip_5410x.a)
    756	     24	      0	    780	    30c	rtc_ut.o (ex liblpc_chip_5410x.a)
    240	      0	      0	    240	     f0	sct_5410x.o (ex liblpc_chip_5410x.a)
    440	      0	      0	    440	    1b8	sct_pwm_5410x.o (ex liblpc_chip_5410x.a)
    128	      0	      0	    128	     80	spi_common_5410x.o (ex liblpc_chip_5410x.a)
    980	      0	      0	    980	    3d4	spim_5410x.o (ex liblpc_chip_5410x.a)
    692	      0	      0	    692	    2b4	spis_5410x.o (ex liblpc_chip_5410x.a)
    392	      0	     12	    404	    194	stopwatch_5410x.o (ex liblpc_chip_5410x.a)
    692	      0	      0	    692	    2b4	syscon_5410x.o (ex liblpc_chip_5410x.a)
    680	      0	      0	    680	    2a8	sysinit_5410x.o (ex liblpc_chip_5410x.a)
    384	      0	      0	    384	    180	timer_5410x.o (ex liblpc_chip_5410x.a)
   1984	      0	      0	   1984	    7c0	uart_5410x.o (ex liblpc_chip_5410x.a)
     56	      0	      0	     56	     38	wwdt_5410x.o (ex liblpc_chip_5410x.a)
 
16:45:56 **** Build of configuration Debug for project periph_i2c_probe ****
make -r all 
Building file: ../src/cr_startup_lpc5410x.c
Invoking: MCU C Compiler
arm-none-eabi-gcc -D__MULTICORE_NONE -D__USE_LPCOPEN -DCORE_M4 -DDEBUG -D__CODE_RED -DCORE_M4 -D__LPC5410X__ -D__REDLIB__ -I"C:\nxp\Good_Workspace\lpc_chip_5410x\inc" -I"C:\nxp\Good_Workspace\lpc_board_lpcxpresso_54102\inc" -O0 -g3 -Wall -c -fmessage-length=0 -fno-builtin -ffunction-sections -fdata-sections -fsingle-precision-constant -mcpu=cortex-m4 -mfpu=fpv4-sp-d16 -mfloat-abi=softfp -mthumb -D__REDLIB__ -specs=redlib.specs -MMD -MP -MF"src/cr_startup_lpc5410x.d" -MT"src/cr_startup_lpc5410x.o" -MT"src/cr_startup_lpc5410x.d" -o "src/cr_startup_lpc5410x.o" "../src/cr_startup_lpc5410x.c"
Finished building: ../src/cr_startup_lpc5410x.c
 
Building file: ../src/crp.c
Invoking: MCU C Compiler
arm-none-eabi-gcc -D__MULTICORE_NONE -D__USE_LPCOPEN -DCORE_M4 -DDEBUG -D__CODE_RED -DCORE_M4 -D__LPC5410X__ -D__REDLIB__ -I"C:\nxp\Good_Workspace\lpc_chip_5410x\inc" -I"C:\nxp\Good_Workspace\lpc_board_lpcxpresso_54102\inc" -O0 -g3 -Wall -c -fmessage-length=0 -fno-builtin -ffunction-sections -fdata-sections -fsingle-precision-constant -mcpu=cortex-m4 -mfpu=fpv4-sp-d16 -mfloat-abi=softfp -mthumb -D__REDLIB__ -specs=redlib.specs -MMD -MP -MF"src/crp.d" -MT"src/crp.o" -MT"src/crp.d" -o "src/crp.o" "../src/crp.c"
Finished building: ../src/crp.c
 
Building file: ../src/i2c_probe.c
Invoking: MCU C Compiler
arm-none-eabi-gcc -D__MULTICORE_NONE -D__USE_LPCOPEN -DCORE_M4 -DDEBUG -D__CODE_RED -DCORE_M4 -D__LPC5410X__ -D__REDLIB__ -I"C:\nxp\Good_Workspace\lpc_chip_5410x\inc" -I"C:\nxp\Good_Workspace\lpc_board_lpcxpresso_54102\inc" -O0 -g3 -Wall -c -fmessage-length=0 -fno-builtin -ffunction-sections -fdata-sections -fsingle-precision-constant -mcpu=cortex-m4 -mfpu=fpv4-sp-d16 -mfloat-abi=softfp -mthumb -D__REDLIB__ -specs=redlib.specs -MMD -MP -MF"src/i2c_probe.d" -MT"src/i2c_probe.o" -MT"src/i2c_probe.d" -o "src/i2c_probe.o" "../src/i2c_probe.c"
Finished building: ../src/i2c_probe.c
 
Building file: ../src/sysinit.c
Invoking: MCU C Compiler
arm-none-eabi-gcc -D__MULTICORE_NONE -D__USE_LPCOPEN -DCORE_M4 -DDEBUG -D__CODE_RED -DCORE_M4 -D__LPC5410X__ -D__REDLIB__ -I"C:\nxp\Good_Workspace\lpc_chip_5410x\inc" -I"C:\nxp\Good_Workspace\lpc_board_lpcxpresso_54102\inc" -O0 -g3 -Wall -c -fmessage-length=0 -fno-builtin -ffunction-sections -fdata-sections -fsingle-precision-constant -mcpu=cortex-m4 -mfpu=fpv4-sp-d16 -mfloat-abi=softfp -mthumb -D__REDLIB__ -specs=redlib.specs -MMD -MP -MF"src/sysinit.d" -MT"src/sysinit.o" -MT"src/sysinit.d" -o "src/sysinit.o" "../src/sysinit.c"
Finished building: ../src/sysinit.c
 
Building target: periph_i2c_probe.axf
Invoking: MCU Linker
arm-none-eabi-gcc -nostdlib -L"C:\nxp\Good_Workspace\lpc_chip_5410x\libs" -L"C:\nxp\Good_Workspace\lpc_chip_5410x\Debug" -L"C:\nxp\Good_Workspace\lpc_board_lpcxpresso_54102\Debug" -Xlinker -Map="periph_i2c_probe.map" -Xlinker --gc-sections -mcpu=cortex-m4 -mfpu=fpv4-sp-d16 -mfloat-abi=softfp -mthumb -T "periph_periph_i2cm_interrupt_Debug.ld" -o "periph_i2c_probe.axf"  ./src/cr_startup_lpc5410x.o ./src/crp.o ./src/i2c_probe.o ./src/sysinit.o   -llpc_board_lpcxpresso_54102 -llpc_chip_5410x -lpower
Finished building target: periph_i2c_probe.axf
 
make --no-print-directory post-build
Performing post-build steps
arm-none-eabi-size "periph_i2c_probe.axf"; # arm-none-eabi-objcopy -v -O binary "periph_i2c_probe.axf" "periph_i2c_probe.bin" ; # checksum -p LPC54102J512 -d "periph_i2c_probe.bin";
   text	   data	    bss	    dec	    hex	filename
  24768	      0	    876	  25644	   642c	periph_i2c_probe.axf
 
16:45:59 **** Incremental Build of configuration Debug for project periph_i2c_probe ****
make -r all 
make: Nothing to be done for `all'.
16:46:48 **** Incremental Build of configuration Debug for project lpc_board_lpcxpresso_54102 ****
make -r all 
Building file: ../src/board.c
Invoking: MCU C Compiler
arm-none-eabi-gcc -D__REDLIB__ -DCORE_M4 -DDEBUG -D__CODE_RED -D__LPC5410X__ -I"C:\nxp\Good_Workspace\lpc_chip_5410x\inc" -I"C:\nxp\Good_Workspace\lpc_board_lpcxpresso_54102\inc" -O0 -g3 -Wall -c -fmessage-length=0 -fno-builtin -ffunction-sections -fdata-sections -fsingle-precision-constant -mcpu=cortex-m4 -mfpu=fpv4-sp-d16 -mfloat-abi=softfp -mthumb -specs=redlib.specs -MMD -MP -MF"src/board.d" -MT"src/board.o" -MT"src/board.d" -o "src/board.o" "../src/board.c"
Finished building: ../src/board.c
 
Building file: ../src/board_sysinit.c
Invoking: MCU C Compiler
arm-none-eabi-gcc -D__REDLIB__ -DCORE_M4 -DDEBUG -D__CODE_RED -D__LPC5410X__ -I"C:\nxp\Good_Workspace\lpc_chip_5410x\inc" -I"C:\nxp\Good_Workspace\lpc_board_lpcxpresso_54102\inc" -O0 -g3 -Wall -c -fmessage-length=0 -fno-builtin -ffunction-sections -fdata-sections -fsingle-precision-constant -mcpu=cortex-m4 -mfpu=fpv4-sp-d16 -mfloat-abi=softfp -mthumb -specs=redlib.specs -MMD -MP -MF"src/board_sysinit.d" -MT"src/board_sysinit.o" -MT"src/board_sysinit.d" -o "src/board_sysinit.o" "../src/board_sysinit.c"
Finished building: ../src/board_sysinit.c
 
Building target: liblpc_board_lpcxpresso_54102.a
Invoking: MCU Archiver
arm-none-eabi-ar -r  "liblpc_board_lpcxpresso_54102.a"  ./src/board.o ./src/board_sysinit.o   
c:\nxp\LPCXpresso_8.2.2_650\lpcxpresso\tools\bin\arm-none-eabi-ar.exe: creating liblpc_board_lpcxpresso_54102.a
Finished building target: liblpc_board_lpcxpresso_54102.a
 
make --no-print-directory post-build
Performing post-build steps
arm-none-eabi-size "liblpc_board_lpcxpresso_54102.a" ; # arm-none-eabi-objdump -h -S "liblpc_board_lpcxpresso_54102.a" >"liblpc_board_lpcxpresso_54102.lss"
   text	   data	    bss	    dec	    hex	filename
    783	      0	      0	    783	    30f	board.o (ex liblpc_board_lpcxpresso_54102.a)
    660	      0	      0	    660	    294	board_sysinit.o (ex liblpc_board_lpcxpresso_54102.a)
 
16:47:40 **** Incremental Build of configuration Debug for project lpc_board_lpcxpresso_54102 ****
make -r all 
make: Nothing to be done for `all'.
16:47:40 **** Incremental Build of configuration Debug for project lpc_chip_5410x ****
make -r all 
make: Nothing to be done for `all'.
16:47:41 **** Clean-only build of configuration Debug for project periph_i2c_probe ****
make -r clean 
rm -rf  ./src/cr_startup_lpc5410x.o ./src/crp.o ./src/i2c_probe.o ./src/sysinit.o  ./src/cr_startup_lpc5410x.d ./src/crp.d ./src/i2c_probe.d ./src/sysinit.d  periph_i2c_probe.axf
rm: cannot unlink `periph_i2c_probe.axf': Permission denied
make: [clean] Error 1 (ignored)
 
16:47:42 **** Incremental Build of configuration Debug for project periph_i2c_probe ****
make -r all 
Building file: ../src/cr_startup_lpc5410x.c
Invoking: MCU C Compiler
arm-none-eabi-gcc -D__MULTICORE_NONE -D__USE_LPCOPEN -DCORE_M4 -DDEBUG -D__CODE_RED -DCORE_M4 -D__LPC5410X__ -D__REDLIB__ -I"C:\nxp\Good_Workspace\lpc_chip_5410x\inc" -I"C:\nxp\Good_Workspace\lpc_board_lpcxpresso_54102\inc" -O0 -g3 -Wall -c -fmessage-length=0 -fno-builtin -ffunction-sections -fdata-sections -fsingle-precision-constant -mcpu=cortex-m4 -mfpu=fpv4-sp-d16 -mfloat-abi=softfp -mthumb -D__REDLIB__ -specs=redlib.specs -MMD -MP -MF"src/cr_startup_lpc5410x.d" -MT"src/cr_startup_lpc5410x.o" -MT"src/cr_startup_lpc5410x.d" -o "src/cr_startup_lpc5410x.o" "../src/cr_startup_lpc5410x.c"
Finished building: ../src/cr_startup_lpc5410x.c
 
Building file: ../src/crp.c
Invoking: MCU C Compiler
arm-none-eabi-gcc -D__MULTICORE_NONE -D__USE_LPCOPEN -DCORE_M4 -DDEBUG -D__CODE_RED -DCORE_M4 -D__LPC5410X__ -D__REDLIB__ -I"C:\nxp\Good_Workspace\lpc_chip_5410x\inc" -I"C:\nxp\Good_Workspace\lpc_board_lpcxpresso_54102\inc" -O0 -g3 -Wall -c -fmessage-length=0 -fno-builtin -ffunction-sections -fdata-sections -fsingle-precision-constant -mcpu=cortex-m4 -mfpu=fpv4-sp-d16 -mfloat-abi=softfp -mthumb -D__REDLIB__ -specs=redlib.specs -MMD -MP -MF"src/crp.d" -MT"src/crp.o" -MT"src/crp.d" -o "src/crp.o" "../src/crp.c"
Finished building: ../src/crp.c
 
Building file: ../src/i2c_probe.c
Invoking: MCU C Compiler
arm-none-eabi-gcc -D__MULTICORE_NONE -D__USE_LPCOPEN -DCORE_M4 -DDEBUG -D__CODE_RED -DCORE_M4 -D__LPC5410X__ -D__REDLIB__ -I"C:\nxp\Good_Workspace\lpc_chip_5410x\inc" -I"C:\nxp\Good_Workspace\lpc_board_lpcxpresso_54102\inc" -O0 -g3 -Wall -c -fmessage-length=0 -fno-builtin -ffunction-sections -fdata-sections -fsingle-precision-constant -mcpu=cortex-m4 -mfpu=fpv4-sp-d16 -mfloat-abi=softfp -mthumb -D__REDLIB__ -specs=redlib.specs -MMD -MP -MF"src/i2c_probe.d" -MT"src/i2c_probe.o" -MT"src/i2c_probe.d" -o "src/i2c_probe.o" "../src/i2c_probe.c"
Finished building: ../src/i2c_probe.c
 
Building file: ../src/sysinit.c
Invoking: MCU C Compiler
arm-none-eabi-gcc -D__MULTICORE_NONE -D__USE_LPCOPEN -DCORE_M4 -DDEBUG -D__CODE_RED -DCORE_M4 -D__LPC5410X__ -D__REDLIB__ -I"C:\nxp\Good_Workspace\lpc_chip_5410x\inc" -I"C:\nxp\Good_Workspace\lpc_board_lpcxpresso_54102\inc" -O0 -g3 -Wall -c -fmessage-length=0 -fno-builtin -ffunction-sections -fdata-sections -fsingle-precision-constant -mcpu=cortex-m4 -mfpu=fpv4-sp-d16 -mfloat-abi=softfp -mthumb -D__REDLIB__ -specs=redlib.specs -MMD -MP -MF"src/sysinit.d" -MT"src/sysinit.o" -MT"src/sysinit.d" -o "src/sysinit.o" "../src/sysinit.c"
Finished building: ../src/sysinit.c
 
Building target: periph_i2c_probe.axf
Invoking: MCU Linker
arm-none-eabi-gcc -nostdlib -L"C:\nxp\Good_Workspace\lpc_chip_5410x\libs" -L"C:\nxp\Good_Workspace\lpc_chip_5410x\Debug" -L"C:\nxp\Good_Workspace\lpc_board_lpcxpresso_54102\Debug" -Xlinker -Map="periph_i2c_probe.map" -Xlinker --gc-sections -mcpu=cortex-m4 -mfpu=fpv4-sp-d16 -mfloat-abi=softfp -mthumb -T "periph_periph_i2cm_interrupt_Debug.ld" -o "periph_i2c_probe.axf"  ./src/cr_startup_lpc5410x.o ./src/crp.o ./src/i2c_probe.o ./src/sysinit.o   -llpc_board_lpcxpresso_54102 -llpc_chip_5410x -lpower
Finished building target: periph_i2c_probe.axf
 
make --no-print-directory post-build
Performing post-build steps
arm-none-eabi-size "periph_i2c_probe.axf"; # arm-none-eabi-objcopy -v -O binary "periph_i2c_probe.axf" "periph_i2c_probe.bin" ; # checksum -p LPC54102J512 -d "periph_i2c_probe.bin";
   text	   data	    bss	    dec	    hex	filename
  23040	      0	    876	  23916	   5d6c	periph_i2c_probe.axf
 
16:47:49 **** Incremental Build of configuration Debug for project lpc_board_lpcxpresso_54102 ****
make -r all 
make: Nothing to be done for `all'.
16:47:50 **** Incremental Build of configuration Debug for project lpc_chip_5410x ****
make -r all 
make: Nothing to be done for `all'.
16:47:56 **** Incremental Build of configuration Debug for project lpc_board_lpcxpresso_54102 ****
make -r all 
make: Nothing to be done for `all'.
16:47:57 **** Incremental Build of configuration Debug for project lpc_chip_5410x ****
make -r all 
make: Nothing to be done for `all'.
16:47:58 **** Build of configuration Debug for project periph_i2c_probe ****
make -r all 
make: Nothing to be done for `all'.
16:48:00 **** Incremental Build of configuration Debug for project periph_i2c_probe ****
make -r all 
make: Nothing to be done for `all'.
16:48:24 **** Incremental Build of configuration Debug for project lpc_board_lpcxpresso_54102 ****
make -r all 
make: Nothing to be done for `all'.
16:48:25 **** Incremental Build of configuration Debug for project lpc_chip_5410x ****
make -r all 
make: Nothing to be done for `all'.
16:48:25 **** Clean-only build of configuration Debug for project periph_i2c_probe ****
make -r clean 
rm -rf  ./src/cr_startup_lpc5410x.o ./src/crp.o ./src/i2c_probe.o ./src/sysinit.o  ./src/cr_startup_lpc5410x.d ./src/crp.d ./src/i2c_probe.d ./src/sysinit.d  periph_i2c_probe.axf
rm: cannot unlink `periph_i2c_probe.axf': Permission denied
make: [clean] Error 1 (ignored)
 
16:48:27 **** Incremental Build of configuration Debug for project periph_i2c_probe ****
make -r all 
Building file: ../src/cr_startup_lpc5410x.c
Invoking: MCU C Compiler
arm-none-eabi-gcc -D__MULTICORE_NONE -D__USE_LPCOPEN -DCORE_M4 -DDEBUG -D__CODE_RED -DCORE_M4 -D__LPC5410X__ -D__REDLIB__ -I"C:\nxp\Good_Workspace\lpc_chip_5410x\inc" -I"C:\nxp\Good_Workspace\lpc_board_lpcxpresso_54102\inc" -O0 -g3 -Wall -c -fmessage-length=0 -fno-builtin -ffunction-sections -fdata-sections -fsingle-precision-constant -mcpu=cortex-m4 -mfpu=fpv4-sp-d16 -mfloat-abi=softfp -mthumb -D__REDLIB__ -specs=redlib.specs -MMD -MP -MF"src/cr_startup_lpc5410x.d" -MT"src/cr_startup_lpc5410x.o" -MT"src/cr_startup_lpc5410x.d" -o "src/cr_startup_lpc5410x.o" "../src/cr_startup_lpc5410x.c"
Finished building: ../src/cr_startup_lpc5410x.c
 
Building file: ../src/crp.c
Invoking: MCU C Compiler
arm-none-eabi-gcc -D__MULTICORE_NONE -D__USE_LPCOPEN -DCORE_M4 -DDEBUG -D__CODE_RED -DCORE_M4 -D__LPC5410X__ -D__REDLIB__ -I"C:\nxp\Good_Workspace\lpc_chip_5410x\inc" -I"C:\nxp\Good_Workspace\lpc_board_lpcxpresso_54102\inc" -O0 -g3 -Wall -c -fmessage-length=0 -fno-builtin -ffunction-sections -fdata-sections -fsingle-precision-constant -mcpu=cortex-m4 -mfpu=fpv4-sp-d16 -mfloat-abi=softfp -mthumb -D__REDLIB__ -specs=redlib.specs -MMD -MP -MF"src/crp.d" -MT"src/crp.o" -MT"src/crp.d" -o "src/crp.o" "../src/crp.c"
Finished building: ../src/crp.c
 
Building file: ../src/i2c_probe.c
Invoking: MCU C Compiler
arm-none-eabi-gcc -D__MULTICORE_NONE -D__USE_LPCOPEN -DCORE_M4 -DDEBUG -D__CODE_RED -DCORE_M4 -D__LPC5410X__ -D__REDLIB__ -I"C:\nxp\Good_Workspace\lpc_chip_5410x\inc" -I"C:\nxp\Good_Workspace\lpc_board_lpcxpresso_54102\inc" -O0 -g3 -Wall -c -fmessage-length=0 -fno-builtin -ffunction-sections -fdata-sections -fsingle-precision-constant -mcpu=cortex-m4 -mfpu=fpv4-sp-d16 -mfloat-abi=softfp -mthumb -D__REDLIB__ -specs=redlib.specs -MMD -MP -MF"src/i2c_probe.d" -MT"src/i2c_probe.o" -MT"src/i2c_probe.d" -o "src/i2c_probe.o" "../src/i2c_probe.c"
Finished building: ../src/i2c_probe.c
 
Building file: ../src/sysinit.c
Invoking: MCU C Compiler
arm-none-eabi-gcc -D__MULTICORE_NONE -D__USE_LPCOPEN -DCORE_M4 -DDEBUG -D__CODE_RED -DCORE_M4 -D__LPC5410X__ -D__REDLIB__ -I"C:\nxp\Good_Workspace\lpc_chip_5410x\inc" -I"C:\nxp\Good_Workspace\lpc_board_lpcxpresso_54102\inc" -O0 -g3 -Wall -c -fmessage-length=0 -fno-builtin -ffunction-sections -fdata-sections -fsingle-precision-constant -mcpu=cortex-m4 -mfpu=fpv4-sp-d16 -mfloat-abi=softfp -mthumb -D__REDLIB__ -specs=redlib.specs -MMD -MP -MF"src/sysinit.d" -MT"src/sysinit.o" -MT"src/sysinit.d" -o "src/sysinit.o" "../src/sysinit.c"
Finished building: ../src/sysinit.c
 
Building target: periph_i2c_probe.axf
Invoking: MCU Linker
arm-none-eabi-gcc -nostdlib -L"C:\nxp\Good_Workspace\lpc_chip_5410x\libs" -L"C:\nxp\Good_Workspace\lpc_chip_5410x\Debug" -L"C:\nxp\Good_Workspace\lpc_board_lpcxpresso_54102\Debug" -Xlinker -Map="periph_i2c_probe.map" -Xlinker --gc-sections -mcpu=cortex-m4 -mfpu=fpv4-sp-d16 -mfloat-abi=softfp -mthumb -T "periph_periph_i2cm_interrupt_Debug.ld" -o "periph_i2c_probe.axf"  ./src/cr_startup_lpc5410x.o ./src/crp.o ./src/i2c_probe.o ./src/sysinit.o   -llpc_board_lpcxpresso_54102 -llpc_chip_5410x -lpower
Finished building target: periph_i2c_probe.axf
 
make --no-print-directory post-build
Performing post-build steps
arm-none-eabi-size "periph_i2c_probe.axf"; # arm-none-eabi-objcopy -v -O binary "periph_i2c_probe.axf" "periph_i2c_probe.bin" ; # checksum -p LPC54102J512 -d "periph_i2c_probe.bin";
   text	   data	    bss	    dec	    hex	filename
  23088	      0	    876	  23964	   5d9c	periph_i2c_probe.axf
 
16:48:32 **** Incremental Build of configuration Debug for project lpc_board_lpcxpresso_54102 ****
make -r all 
make: Nothing to be done for `all'.
16:48:32 **** Incremental Build of configuration Debug for project lpc_chip_5410x ****
make -r all 
make: Nothing to be done for `all'.
16:48:44 **** Incremental Build of configuration Debug for project lpc_board_lpcxpresso_54102 ****
make -r all 
make: Nothing to be done for `all'.
16:48:45 **** Incremental Build of configuration Debug for project lpc_chip_5410x ****
make -r all 
make: Nothing to be done for `all'.
16:48:46 **** Build of configuration Debug for project periph_i2c_probe ****
make -r all 
make: Nothing to be done for `all'.
16:48:48 **** Incremental Build of configuration Debug for project periph_i2c_probe ****
make -r all 
make: Nothing to be done for `all'.
16:53:32 **** Incremental Build of configuration Debug for project lpc_board_lpcxpresso_54102 ****
make -r all 
make: Nothing to be done for `all'.
16:53:33 **** Incremental Build of configuration Debug for project lpc_chip_5410x ****
make -r all 
make: Nothing to be done for `all'.
16:53:34 **** Incremental Build of configuration Debug for project periph_i2c_probe ****
make -r all 
Building file: ../src/i2c_probe.c
Invoking: MCU C Compiler
arm-none-eabi-gcc -D__MULTICORE_NONE -D__USE_LPCOPEN -DCORE_M4 -DDEBUG -D__CODE_RED -DCORE_M4 -D__LPC5410X__ -D__REDLIB__ -I"C:\nxp\Good_Workspace\lpc_chip_5410x\inc" -I"C:\nxp\Good_Workspace\lpc_board_lpcxpresso_54102\inc" -O0 -g3 -Wall -c -fmessage-length=0 -fno-builtin -ffunction-sections -fdata-sections -fsingle-precision-constant -mcpu=cortex-m4 -mfpu=fpv4-sp-d16 -mfloat-abi=softfp -mthumb -D__REDLIB__ -specs=redlib.specs -MMD -MP -MF"src/i2c_probe.d" -MT"src/i2c_probe.o" -MT"src/i2c_probe.d" -o "src/i2c_probe.o" "../src/i2c_probe.c"
Finished building: ../src/i2c_probe.c
 
Building target: periph_i2c_probe.axf
Invoking: MCU Linker
arm-none-eabi-gcc -nostdlib -L"C:\nxp\Good_Workspace\lpc_chip_5410x\libs" -L"C:\nxp\Good_Workspace\lpc_chip_5410x\Debug" -L"C:\nxp\Good_Workspace\lpc_board_lpcxpresso_54102\Debug" -Xlinker -Map="periph_i2c_probe.map" -Xlinker --gc-sections -mcpu=cortex-m4 -mfpu=fpv4-sp-d16 -mfloat-abi=softfp -mthumb -T "periph_periph_i2cm_interrupt_Debug.ld" -o "periph_i2c_probe.axf"  ./src/cr_startup_lpc5410x.o ./src/crp.o ./src/i2c_probe.o ./src/sysinit.o   -llpc_board_lpcxpresso_54102 -llpc_chip_5410x -lpower
Finished building target: periph_i2c_probe.axf
 
make --no-print-directory post-build
Performing post-build steps
arm-none-eabi-size "periph_i2c_probe.axf"; # arm-none-eabi-objcopy -v -O binary "periph_i2c_probe.axf" "periph_i2c_probe.bin" ; # checksum -p LPC54102J512 -d "periph_i2c_probe.bin";
   text	   data	    bss	    dec	    hex	filename
  23080	      0	    876	  23956	   5d94	periph_i2c_probe.axf
 
16:53:39 **** Incremental Build of configuration Debug for project lpc_board_lpcxpresso_54102 ****
make -r all 
make: Nothing to be done for `all'.
16:53:40 **** Incremental Build of configuration Debug for project lpc_chip_5410x ****
make -r all 
make: Nothing to be done for `all'.
16:53:41 **** Incremental Build of configuration Debug for project periph_i2c_probe ****
make -r all 
make: Nothing to be done for `all'.
16:53:43 **** Incremental Build of configuration Debug for project periph_i2c_probe ****
make -r all 
make: Nothing to be done for `all'.
16:54:40 **** Incremental Build of configuration Debug for project lpc_board_lpcxpresso_54102 ****
make -r all 
make: Nothing to be done for `all'.
16:54:40 **** Incremental Build of configuration Debug for project lpc_chip_5410x ****
make -r all 
make: Nothing to be done for `all'.
16:54:42 **** Incremental Build of configuration Debug for project periph_i2c_probe ****
make -r all 
Building file: ../src/i2c_probe.c
Invoking: MCU C Compiler
arm-none-eabi-gcc -D__MULTICORE_NONE -D__USE_LPCOPEN -DCORE_M4 -DDEBUG -D__CODE_RED -DCORE_M4 -D__LPC5410X__ -D__REDLIB__ -I"C:\nxp\Good_Workspace\lpc_chip_5410x\inc" -I"C:\nxp\Good_Workspace\lpc_board_lpcxpresso_54102\inc" -O0 -g3 -Wall -c -fmessage-length=0 -fno-builtin -ffunction-sections -fdata-sections -fsingle-precision-constant -mcpu=cortex-m4 -mfpu=fpv4-sp-d16 -mfloat-abi=softfp -mthumb -D__REDLIB__ -specs=redlib.specs -MMD -MP -MF"src/i2c_probe.d" -MT"src/i2c_probe.o" -MT"src/i2c_probe.d" -o "src/i2c_probe.o" "../src/i2c_probe.c"
../src/i2c_probe.c: In function 'con_get_input':
../src/i2c_probe.c:100:6: warning: assignment makes integer from pointer without a cast [-Wint-conversion]
    x = "1"//DEBUGIN();
      ^
../src/i2c_probe.c:101:4: error: expected ';' before 'if'
    if (x == EOF) {
    ^
../src/i2c_probe.c: At top level:
../src/i2c_probe.c:68:13: warning: 'ansiterm_bs' defined but not used [-Wunused-function]
 static void ansiterm_bs(void)
             ^
make: *** [src/i2c_probe.o] Error 1
16:54:47 **** Incremental Build of configuration Debug for project lpc_board_lpcxpresso_54102 ****
make -r all 
make: Nothing to be done for `all'.
16:54:48 **** Incremental Build of configuration Debug for project lpc_chip_5410x ****
make -r all 
make: Nothing to be done for `all'.
16:54:49 **** Incremental Build of configuration Debug for project periph_i2c_probe ****
make -r all 
Building file: ../src/i2c_probe.c
Invoking: MCU C Compiler
arm-none-eabi-gcc -D__MULTICORE_NONE -D__USE_LPCOPEN -DCORE_M4 -DDEBUG -D__CODE_RED -DCORE_M4 -D__LPC5410X__ -D__REDLIB__ -I"C:\nxp\Good_Workspace\lpc_chip_5410x\inc" -I"C:\nxp\Good_Workspace\lpc_board_lpcxpresso_54102\inc" -O0 -g3 -Wall -c -fmessage-length=0 -fno-builtin -ffunction-sections -fdata-sections -fsingle-precision-constant -mcpu=cortex-m4 -mfpu=fpv4-sp-d16 -mfloat-abi=softfp -mthumb -D__REDLIB__ -specs=redlib.specs -MMD -MP -MF"src/i2c_probe.d" -MT"src/i2c_probe.o" -MT"src/i2c_probe.d" -o "src/i2c_probe.o" "../src/i2c_probe.c"
../src/i2c_probe.c: In function 'con_get_input':
../src/i2c_probe.c:100:6: warning: assignment makes integer from pointer without a cast [-Wint-conversion]
    x = "1"//DEBUGIN();
      ^
../src/i2c_probe.c:101:4: error: expected ';' before 'if'
    if (x == EOF) {
    ^
../src/i2c_probe.c: At top level:
../src/i2c_probe.c:68:13: warning: 'ansiterm_bs' defined but not used [-Wunused-function]
 static void ansiterm_bs(void)
             ^
make: *** [src/i2c_probe.o] Error 1
16:54:51 **** Incremental Build of configuration Debug for project periph_i2c_probe ****
make -r all 
Building file: ../src/i2c_probe.c
Invoking: MCU C Compiler
arm-none-eabi-gcc -D__MULTICORE_NONE -D__USE_LPCOPEN -DCORE_M4 -DDEBUG -D__CODE_RED -DCORE_M4 -D__LPC5410X__ -D__REDLIB__ -I"C:\nxp\Good_Workspace\lpc_chip_5410x\inc" -I"C:\nxp\Good_Workspace\lpc_board_lpcxpresso_54102\inc" -O0 -g3 -Wall -c -fmessage-length=0 -fno-builtin -ffunction-sections -fdata-sections -fsingle-precision-constant -mcpu=cortex-m4 -mfpu=fpv4-sp-d16 -mfloat-abi=softfp -mthumb -D__REDLIB__ -specs=redlib.specs -MMD -MP -MF"src/i2c_probe.d" -MT"src/i2c_probe.o" -MT"src/i2c_probe.d" -o "src/i2c_probe.o" "../src/i2c_probe.c"
../src/i2c_probe.c: In function 'con_get_input':
../src/i2c_probe.c:100:6: warning: assignment makes integer from pointer without a cast [-Wint-conversion]
    x = "1"//DEBUGIN();
      ^
../src/i2c_probe.c:101:4: error: expected ';' before 'if'
    if (x == EOF) {
    ^
../src/i2c_probe.c: At top level:
../src/i2c_probe.c:68:13: warning: 'ansiterm_bs' defined but not used [-Wunused-function]
 static void ansiterm_bs(void)
             ^
make: *** [src/i2c_probe.o] Error 1
16:55:02 **** Incremental Build of configuration Debug for project lpc_board_lpcxpresso_54102 ****
make -r all 
make: Nothing to be done for `all'.
16:55:02 **** Incremental Build of configuration Debug for project lpc_chip_5410x ****
make -r all 
make: Nothing to be done for `all'.
16:55:04 **** Incremental Build of configuration Debug for project periph_i2c_probe ****
make -r all 
Building file: ../src/i2c_probe.c
Invoking: MCU C Compiler
arm-none-eabi-gcc -D__MULTICORE_NONE -D__USE_LPCOPEN -DCORE_M4 -DDEBUG -D__CODE_RED -DCORE_M4 -D__LPC5410X__ -D__REDLIB__ -I"C:\nxp\Good_Workspace\lpc_chip_5410x\inc" -I"C:\nxp\Good_Workspace\lpc_board_lpcxpresso_54102\inc" -O0 -g3 -Wall -c -fmessage-length=0 -fno-builtin -ffunction-sections -fdata-sections -fsingle-precision-constant -mcpu=cortex-m4 -mfpu=fpv4-sp-d16 -mfloat-abi=softfp -mthumb -D__REDLIB__ -specs=redlib.specs -MMD -MP -MF"src/i2c_probe.d" -MT"src/i2c_probe.o" -MT"src/i2c_probe.d" -o "src/i2c_probe.o" "../src/i2c_probe.c"
../src/i2c_probe.c: In function 'con_get_input':
../src/i2c_probe.c:100:6: warning: assignment makes integer from pointer without a cast [-Wint-conversion]
    x = "1";//DEBUGIN();
      ^
Finished building: ../src/i2c_probe.c
 
Building target: periph_i2c_probe.axf
Invoking: MCU Linker
arm-none-eabi-gcc -nostdlib -L"C:\nxp\Good_Workspace\lpc_chip_5410x\libs" -L"C:\nxp\Good_Workspace\lpc_chip_5410x\Debug" -L"C:\nxp\Good_Workspace\lpc_board_lpcxpresso_54102\Debug" -Xlinker -Map="periph_i2c_probe.map" -Xlinker --gc-sections -mcpu=cortex-m4 -mfpu=fpv4-sp-d16 -mfloat-abi=softfp -mthumb -T "periph_periph_i2cm_interrupt_Debug.ld" -o "periph_i2c_probe.axf"  ./src/cr_startup_lpc5410x.o ./src/crp.o ./src/i2c_probe.o ./src/sysinit.o   -llpc_board_lpcxpresso_54102 -llpc_chip_5410x -lpower
Finished building target: periph_i2c_probe.axf
 
make --no-print-directory post-build
Performing post-build steps
arm-none-eabi-size "periph_i2c_probe.axf"; # arm-none-eabi-objcopy -v -O binary "periph_i2c_probe.axf" "periph_i2c_probe.bin" ; # checksum -p LPC54102J512 -d "periph_i2c_probe.bin";
   text	   data	    bss	    dec	    hex	filename
  23096	      0	    876	  23972	   5da4	periph_i2c_probe.axf
 
16:55:09 **** Incremental Build of configuration Debug for project lpc_board_lpcxpresso_54102 ****
make -r all 
make: Nothing to be done for `all'.
16:55:10 **** Incremental Build of configuration Debug for project lpc_chip_5410x ****
make -r all 
make: Nothing to be done for `all'.
16:55:11 **** Incremental Build of configuration Debug for project periph_i2c_probe ****
make -r all 
make: Nothing to be done for `all'.
16:55:13 **** Incremental Build of configuration Debug for project periph_i2c_probe ****
make -r all 
make: Nothing to be done for `all'.
16:55:50 **** Incremental Build of configuration Debug for project lpc_board_lpcxpresso_54102 ****
make -r all 
make: Nothing to be done for `all'.
16:55:51 **** Incremental Build of configuration Debug for project lpc_chip_5410x ****
make -r all 
make: Nothing to be done for `all'.
16:55:52 **** Incremental Build of configuration Debug for project periph_i2c_probe ****
make -r all 
Building file: ../src/i2c_probe.c
Invoking: MCU C Compiler
arm-none-eabi-gcc -D__MULTICORE_NONE -D__USE_LPCOPEN -DCORE_M4 -DDEBUG -D__CODE_RED -DCORE_M4 -D__LPC5410X__ -D__REDLIB__ -I"C:\nxp\Good_Workspace\lpc_chip_5410x\inc" -I"C:\nxp\Good_Workspace\lpc_board_lpcxpresso_54102\inc" -O0 -g3 -Wall -c -fmessage-length=0 -fno-builtin -ffunction-sections -fdata-sections -fsingle-precision-constant -mcpu=cortex-m4 -mfpu=fpv4-sp-d16 -mfloat-abi=softfp -mthumb -D__REDLIB__ -specs=redlib.specs -MMD -MP -MF"src/i2c_probe.d" -MT"src/i2c_probe.o" -MT"src/i2c_probe.d" -o "src/i2c_probe.o" "../src/i2c_probe.c"
Finished building: ../src/i2c_probe.c
 
Building target: periph_i2c_probe.axf
Invoking: MCU Linker
arm-none-eabi-gcc -nostdlib -L"C:\nxp\Good_Workspace\lpc_chip_5410x\libs" -L"C:\nxp\Good_Workspace\lpc_chip_5410x\Debug" -L"C:\nxp\Good_Workspace\lpc_board_lpcxpresso_54102\Debug" -Xlinker -Map="periph_i2c_probe.map" -Xlinker --gc-sections -mcpu=cortex-m4 -mfpu=fpv4-sp-d16 -mfloat-abi=softfp -mthumb -T "periph_periph_i2cm_interrupt_Debug.ld" -o "periph_i2c_probe.axf"  ./src/cr_startup_lpc5410x.o ./src/crp.o ./src/i2c_probe.o ./src/sysinit.o   -llpc_board_lpcxpresso_54102 -llpc_chip_5410x -lpower
Finished building target: periph_i2c_probe.axf
 
make --no-print-directory post-build
Performing post-build steps
arm-none-eabi-size "periph_i2c_probe.axf"; # arm-none-eabi-objcopy -v -O binary "periph_i2c_probe.axf" "periph_i2c_probe.bin" ; # checksum -p LPC54102J512 -d "periph_i2c_probe.bin";
   text	   data	    bss	    dec	    hex	filename
  23088	      0	    876	  23964	   5d9c	periph_i2c_probe.axf
 
17:23:13 **** Incremental Build of configuration Debug for project lpc_board_lpcxpresso_54102 ****
make -r all 
make: Nothing to be done for `all'.
17:23:13 **** Incremental Build of configuration Debug for project lpc_chip_5410x ****
make -r all 
make: Nothing to be done for `all'.
17:23:15 **** Incremental Build of configuration Debug for project periph_i2c_probe ****
make -r all 
make: Nothing to be done for `all'.
17:23:16 **** Incremental Build of configuration Debug for project periph_i2c_probe ****
make -r all 
make: Nothing to be done for `all'.
17:24:42 **** Incremental Build of configuration Debug for project lpc_board_lpcxpresso_54102 ****
make -r all 
make: Nothing to be done for `all'.
17:24:42 **** Incremental Build of configuration Debug for project lpc_chip_5410x ****
make -r all 
make: Nothing to be done for `all'.
17:24:44 **** Incremental Build of configuration Debug for project periph_i2c_probe ****
make -r all 
Building file: ../src/i2c_probe.c
Invoking: MCU C Compiler
arm-none-eabi-gcc -D__MULTICORE_NONE -D__USE_LPCOPEN -DCORE_M4 -DDEBUG -D__CODE_RED -DCORE_M4 -D__LPC5410X__ -D__REDLIB__ -I"C:\nxp\Good_Workspace\lpc_chip_5410x\inc" -I"C:\nxp\Good_Workspace\lpc_board_lpcxpresso_54102\inc" -O0 -g3 -Wall -c -fmessage-length=0 -fno-builtin -ffunction-sections -fdata-sections -fsingle-precision-constant -mcpu=cortex-m4 -mfpu=fpv4-sp-d16 -mfloat-abi=softfp -mthumb -D__REDLIB__ -specs=redlib.specs -MMD -MP -MF"src/i2c_probe.d" -MT"src/i2c_probe.o" -MT"src/i2c_probe.d" -o "src/i2c_probe.o" "../src/i2c_probe.c"
../src/i2c_probe.c: In function 'con_get_input':
../src/i2c_probe.c:101:34: warning: character constant too long for its type
    DEBUGOUT('Received Input \r\n');
                                  ^
In file included from C:\nxp\Good_Workspace\lpc_board_lpcxpresso_54102\inc/board.h:107:0,
                 from ../src/i2c_probe.c:34:
../src/i2c_probe.c:101:13: warning: passing argument 1 of 'printf' makes pointer from integer without a cast [-Wint-conversion]
    DEBUGOUT('Received Input \r\n');
             ^
C:\nxp\Good_Workspace\lpc_board_lpcxpresso_54102\inc/board_api.h:161:30: note: in definition of macro 'DEBUGOUT'
 #define DEBUGOUT(...) printf(__VA_ARGS__)
                              ^
In file included from C:\nxp\Good_Workspace\lpc_board_lpcxpresso_54102\inc/board_api.h:36:0,
                 from C:\nxp\Good_Workspace\lpc_board_lpcxpresso_54102\inc/board.h:107,
                 from ../src/i2c_probe.c:34:
c:\nxp\lpcxpresso_8.2.2_650\lpcxpresso\tools\redlib\include\stdio.h:135:12: note: expected 'const char * restrict' but argument is of type 'int'
 extern int printf(const char * restrict format, ...);
            ^
Finished building: ../src/i2c_probe.c
 
Building target: periph_i2c_probe.axf
Invoking: MCU Linker
arm-none-eabi-gcc -nostdlib -L"C:\nxp\Good_Workspace\lpc_chip_5410x\libs" -L"C:\nxp\Good_Workspace\lpc_chip_5410x\Debug" -L"C:\nxp\Good_Workspace\lpc_board_lpcxpresso_54102\Debug" -Xlinker -Map="periph_i2c_probe.map" -Xlinker --gc-sections -mcpu=cortex-m4 -mfpu=fpv4-sp-d16 -mfloat-abi=softfp -mthumb -T "periph_periph_i2cm_interrupt_Debug.ld" -o "periph_i2c_probe.axf"  ./src/cr_startup_lpc5410x.o ./src/crp.o ./src/i2c_probe.o ./src/sysinit.o   -llpc_board_lpcxpresso_54102 -llpc_chip_5410x -lpower
Finished building target: periph_i2c_probe.axf
 
make --no-print-directory post-build
Performing post-build steps
arm-none-eabi-size "periph_i2c_probe.axf"; # arm-none-eabi-objcopy -v -O binary "periph_i2c_probe.axf" "periph_i2c_probe.bin" ; # checksum -p LPC54102J512 -d "periph_i2c_probe.bin";
   text	   data	    bss	    dec	    hex	filename
  23096	      0	    876	  23972	   5da4	periph_i2c_probe.axf
 
17:24:48 **** Incremental Build of configuration Debug for project lpc_board_lpcxpresso_54102 ****
make -r all 
make: Nothing to be done for `all'.
17:24:48 **** Incremental Build of configuration Debug for project lpc_chip_5410x ****
make -r all 
make: Nothing to be done for `all'.
17:24:50 **** Incremental Build of configuration Debug for project periph_i2c_probe ****
make -r all 
make: Nothing to be done for `all'.
17:24:52 **** Incremental Build of configuration Debug for project periph_i2c_probe ****
make -r all 
make: Nothing to be done for `all'.
17:25:13 **** Incremental Build of configuration Debug for project lpc_board_lpcxpresso_54102 ****
make -r all 
make: Nothing to be done for `all'.
17:25:13 **** Incremental Build of configuration Debug for project lpc_chip_5410x ****
make -r all 
make: Nothing to be done for `all'.
17:25:15 **** Incremental Build of configuration Debug for project periph_i2c_probe ****
make -r all 
make: Nothing to be done for `all'.
17:25:17 **** Incremental Build of configuration Debug for project periph_i2c_probe ****
make -r all 
make: Nothing to be done for `all'.
17:28:05 **** Incremental Build of configuration Debug for project lpc_board_lpcxpresso_54102 ****
make -r all 
make: Nothing to be done for `all'.
17:28:06 **** Incremental Build of configuration Debug for project lpc_chip_5410x ****
make -r all 
make: Nothing to be done for `all'.
17:28:07 **** Incremental Build of configuration Debug for project periph_i2c_probe ****
make -r all 
Building file: ../src/i2c_probe.c
Invoking: MCU C Compiler
arm-none-eabi-gcc -D__MULTICORE_NONE -D__USE_LPCOPEN -DCORE_M4 -DDEBUG -D__CODE_RED -DCORE_M4 -D__LPC5410X__ -D__REDLIB__ -I"C:\nxp\Good_Workspace\lpc_chip_5410x\inc" -I"C:\nxp\Good_Workspace\lpc_board_lpcxpresso_54102\inc" -O0 -g3 -Wall -c -fmessage-length=0 -fno-builtin -ffunction-sections -fdata-sections -fsingle-precision-constant -mcpu=cortex-m4 -mfpu=fpv4-sp-d16 -mfloat-abi=softfp -mthumb -D__REDLIB__ -specs=redlib.specs -MMD -MP -MF"src/i2c_probe.d" -MT"src/i2c_probe.o" -MT"src/i2c_probe.d" -o "src/i2c_probe.o" "../src/i2c_probe.c"
../src/i2c_probe.c: In function 'con_get_input':
../src/i2c_probe.c:101:34: warning: character constant too long for its type
    DEBUGOUT('Received Input \r\n');
                                  ^
In file included from C:\nxp\Good_Workspace\lpc_board_lpcxpresso_54102\inc/board.h:107:0,
                 from ../src/i2c_probe.c:34:
../src/i2c_probe.c:101:13: warning: passing argument 1 of 'printf' makes pointer from integer without a cast [-Wint-conversion]
    DEBUGOUT('Received Input \r\n');
             ^
C:\nxp\Good_Workspace\lpc_board_lpcxpresso_54102\inc/board_api.h:161:30: note: in definition of macro 'DEBUGOUT'
 #define DEBUGOUT(...) printf(__VA_ARGS__)
                              ^
In file included from C:\nxp\Good_Workspace\lpc_board_lpcxpresso_54102\inc/board_api.h:36:0,
                 from C:\nxp\Good_Workspace\lpc_board_lpcxpresso_54102\inc/board.h:107,
                 from ../src/i2c_probe.c:34:
c:\nxp\lpcxpresso_8.2.2_650\lpcxpresso\tools\redlib\include\stdio.h:135:12: note: expected 'const char * restrict' but argument is of type 'int'
 extern int printf(const char * restrict format, ...);
            ^
../src/i2c_probe.c: At top level:
../src/i2c_probe.c:162:12: warning: 'i2c_menu' defined but not used [-Wunused-function]
 static int i2c_menu(void)
            ^
Finished building: ../src/i2c_probe.c
 
Building target: periph_i2c_probe.axf
Invoking: MCU Linker
arm-none-eabi-gcc -nostdlib -L"C:\nxp\Good_Workspace\lpc_chip_5410x\libs" -L"C:\nxp\Good_Workspace\lpc_chip_5410x\Debug" -L"C:\nxp\Good_Workspace\lpc_board_lpcxpresso_54102\Debug" -Xlinker -Map="periph_i2c_probe.map" -Xlinker --gc-sections -mcpu=cortex-m4 -mfpu=fpv4-sp-d16 -mfloat-abi=softfp -mthumb -T "periph_periph_i2cm_interrupt_Debug.ld" -o "periph_i2c_probe.axf"  ./src/cr_startup_lpc5410x.o ./src/crp.o ./src/i2c_probe.o ./src/sysinit.o   -llpc_board_lpcxpresso_54102 -llpc_chip_5410x -lpower
Finished building target: periph_i2c_probe.axf
 
make --no-print-directory post-build
Performing post-build steps
arm-none-eabi-size "periph_i2c_probe.axf"; # arm-none-eabi-objcopy -v -O binary "periph_i2c_probe.axf" "periph_i2c_probe.bin" ; # checksum -p LPC54102J512 -d "periph_i2c_probe.bin";
   text	   data	    bss	    dec	    hex	filename
  21152	      0	    876	  22028	   560c	periph_i2c_probe.axf
 
17:28:12 **** Incremental Build of configuration Debug for project lpc_board_lpcxpresso_54102 ****
make -r all 
make: Nothing to be done for `all'.
17:28:12 **** Incremental Build of configuration Debug for project lpc_chip_5410x ****
make -r all 
make: Nothing to be done for `all'.
17:28:14 **** Incremental Build of configuration Debug for project periph_i2c_probe ****
make -r all 
make: Nothing to be done for `all'.
17:28:16 **** Incremental Build of configuration Debug for project periph_i2c_probe ****
make -r all 
make: Nothing to be done for `all'.
17:30:22 **** Incremental Build of configuration Debug for project lpc_board_lpcxpresso_54102 ****
make -r all 
make: Nothing to be done for `all'.
17:30:22 **** Incremental Build of configuration Debug for project lpc_chip_5410x ****
make -r all 
make: Nothing to be done for `all'.
17:30:24 **** Build of configuration Debug for project periph_i2c_probe_COPY ****
make -r all 
Building target: periph_i2c_probe_COPY.axf
Invoking: MCU Linker
arm-none-eabi-gcc -nostdlib -L"C:\nxp\Good_Workspace\lpc_chip_5410x\libs" -L"C:\nxp\Good_Workspace\lpc_chip_5410x\Debug" -L"C:\nxp\Good_Workspace\lpc_board_lpcxpresso_54102\Debug" -Xlinker -Map="periph_i2c_probe_COPY.map" -Xlinker --gc-sections -mcpu=cortex-m4 -mfpu=fpv4-sp-d16 -mfloat-abi=softfp -mthumb -T "periph_periph_i2cm_interrupt_Debug.ld" -o "periph_i2c_probe_COPY.axf"  ./src/cr_startup_lpc5410x.o ./src/crp.o ./src/i2c_probe.o ./src/sysinit.o   -llpc_board_lpcxpresso_54102 -llpc_chip_5410x -lpower
Finished building target: periph_i2c_probe_COPY.axf
 
make --no-print-directory post-build
Performing post-build steps
arm-none-eabi-size "periph_i2c_probe_COPY.axf"; # arm-none-eabi-objcopy -v -O binary "periph_i2c_probe_COPY.axf" "periph_i2c_probe_COPY.bin" ; # checksum -p LPC54102J512 -d "periph_i2c_probe_COPY.bin";
   text	   data	    bss	    dec	    hex	filename
  21152	      0	    876	  22028	   560c	periph_i2c_probe_COPY.axf
 
17:34:21 **** Incremental Build of configuration Debug for project lpc_board_lpcxpresso_54102 ****
make -r all 
make: Nothing to be done for `all'.
17:34:22 **** Incremental Build of configuration Debug for project lpc_chip_5410x ****
make -r all 
make: Nothing to be done for `all'.
17:34:24 **** Incremental Build of configuration Debug for project periph_i2c_probe_COPY ****
make -r all 
Building file: ../src/i2c_probe.c
Invoking: MCU C Compiler
arm-none-eabi-gcc -D__MULTICORE_NONE -D__USE_LPCOPEN -DCORE_M4 -DDEBUG -D__CODE_RED -DCORE_M4 -D__LPC5410X__ -D__REDLIB__ -I"C:\nxp\Good_Workspace\lpc_chip_5410x\inc" -I"C:\nxp\Good_Workspace\lpc_board_lpcxpresso_54102\inc" -O0 -g3 -Wall -c -fmessage-length=0 -fno-builtin -ffunction-sections -fdata-sections -fsingle-precision-constant -mcpu=cortex-m4 -mfpu=fpv4-sp-d16 -mfloat-abi=softfp -mthumb -D__REDLIB__ -specs=redlib.specs -MMD -MP -MF"src/i2c_probe.d" -MT"src/i2c_probe.o" -MT"src/i2c_probe.d" -o "src/i2c_probe.o" "../src/i2c_probe.c"
../src/i2c_probe.c: In function 'con_get_input':
../src/i2c_probe.c:101:34: warning: character constant too long for its type
    DEBUGOUT('Received Input \r\n');
                                  ^
In file included from C:\nxp\Good_Workspace\lpc_board_lpcxpresso_54102\inc/board.h:107:0,
                 from ../src/i2c_probe.c:34:
../src/i2c_probe.c:101:13: warning: passing argument 1 of 'printf' makes pointer from integer without a cast [-Wint-conversion]
    DEBUGOUT('Received Input \r\n');
             ^
C:\nxp\Good_Workspace\lpc_board_lpcxpresso_54102\inc/board_api.h:161:30: note: in definition of macro 'DEBUGOUT'
 #define DEBUGOUT(...) printf(__VA_ARGS__)
                              ^
In file included from C:\nxp\Good_Workspace\lpc_board_lpcxpresso_54102\inc/board_api.h:36:0,
                 from C:\nxp\Good_Workspace\lpc_board_lpcxpresso_54102\inc/board.h:107,
                 from ../src/i2c_probe.c:34:
c:\nxp\lpcxpresso_8.2.2_650\lpcxpresso\tools\redlib\include\stdio.h:135:12: note: expected 'const char * restrict' but argument is of type 'int'
 extern int printf(const char * restrict format, ...);
            ^
../src/i2c_probe.c: In function 'i2c_probe_slaves':
../src/i2c_probe.c:269:6: warning: unused variable 'i' [-Wunused-variable]
  int i;
      ^
../src/i2c_probe.c: At top level:
../src/i2c_probe.c:162:12: warning: 'i2c_menu' defined but not used [-Wunused-function]
 static int i2c_menu(void)
            ^
Finished building: ../src/i2c_probe.c
 
Building target: periph_i2c_probe_COPY.axf
Invoking: MCU Linker
arm-none-eabi-gcc -nostdlib -L"C:\nxp\Good_Workspace\lpc_chip_5410x\libs" -L"C:\nxp\Good_Workspace\lpc_chip_5410x\Debug" -L"C:\nxp\Good_Workspace\lpc_board_lpcxpresso_54102\Debug" -Xlinker -Map="periph_i2c_probe_COPY.map" -Xlinker --gc-sections -mcpu=cortex-m4 -mfpu=fpv4-sp-d16 -mfloat-abi=softfp -mthumb -T "periph_periph_i2cm_interrupt_Debug.ld" -o "periph_i2c_probe_COPY.axf"  ./src/cr_startup_lpc5410x.o ./src/crp.o ./src/i2c_probe.o ./src/sysinit.o   -llpc_board_lpcxpresso_54102 -llpc_chip_5410x -lpower
Finished building target: periph_i2c_probe_COPY.axf
 
make --no-print-directory post-build
Performing post-build steps
arm-none-eabi-size "periph_i2c_probe_COPY.axf"; # arm-none-eabi-objcopy -v -O binary "periph_i2c_probe_COPY.axf" "periph_i2c_probe_COPY.bin" ; # checksum -p LPC54102J512 -d "periph_i2c_probe_COPY.bin";
   text	   data	    bss	    dec	    hex	filename
  21072	      0	    876	  21948	   55bc	periph_i2c_probe_COPY.axf
 
17:34:28 **** Incremental Build of configuration Debug for project lpc_board_lpcxpresso_54102 ****
make -r all 
make: Nothing to be done for `all'.
17:34:29 **** Incremental Build of configuration Debug for project lpc_chip_5410x ****
make -r all 
make: Nothing to be done for `all'.
17:34:31 **** Incremental Build of configuration Debug for project periph_i2c_probe_COPY ****
make -r all 
make: Nothing to be done for `all'.
17:34:33 **** Incremental Build of configuration Debug for project periph_i2c_probe_COPY ****
make -r all 
make: Nothing to be done for `all'.
17:35:53 **** Incremental Build of configuration Debug for project lpc_board_lpcxpresso_54102 ****
make -r all 
make: Nothing to be done for `all'.
17:35:54 **** Incremental Build of configuration Debug for project lpc_chip_5410x ****
make -r all 
make: Nothing to be done for `all'.
17:35:56 **** Incremental Build of configuration Debug for project periph_i2c_probe_COPY ****
make -r all 
Building file: ../src/i2c_probe.c
Invoking: MCU C Compiler
arm-none-eabi-gcc -D__MULTICORE_NONE -D__USE_LPCOPEN -DCORE_M4 -DDEBUG -D__CODE_RED -DCORE_M4 -D__LPC5410X__ -D__REDLIB__ -I"C:\nxp\Good_Workspace\lpc_chip_5410x\inc" -I"C:\nxp\Good_Workspace\lpc_board_lpcxpresso_54102\inc" -O0 -g3 -Wall -c -fmessage-length=0 -fno-builtin -ffunction-sections -fdata-sections -fsingle-precision-constant -mcpu=cortex-m4 -mfpu=fpv4-sp-d16 -mfloat-abi=softfp -mthumb -D__REDLIB__ -specs=redlib.specs -MMD -MP -MF"src/i2c_probe.d" -MT"src/i2c_probe.o" -MT"src/i2c_probe.d" -o "src/i2c_probe.o" "../src/i2c_probe.c"
../src/i2c_probe.c: In function 'con_get_input':
../src/i2c_probe.c:101:34: warning: character constant too long for its type
    DEBUGOUT('Received Input \r\n');
                                  ^
In file included from C:\nxp\Good_Workspace\lpc_board_lpcxpresso_54102\inc/board.h:107:0,
                 from ../src/i2c_probe.c:34:
../src/i2c_probe.c:101:13: warning: passing argument 1 of 'printf' makes pointer from integer without a cast [-Wint-conversion]
    DEBUGOUT('Received Input \r\n');
             ^
C:\nxp\Good_Workspace\lpc_board_lpcxpresso_54102\inc/board_api.h:161:30: note: in definition of macro 'DEBUGOUT'
 #define DEBUGOUT(...) printf(__VA_ARGS__)
                              ^
In file included from C:\nxp\Good_Workspace\lpc_board_lpcxpresso_54102\inc/board_api.h:36:0,
                 from C:\nxp\Good_Workspace\lpc_board_lpcxpresso_54102\inc/board.h:107,
                 from ../src/i2c_probe.c:34:
c:\nxp\lpcxpresso_8.2.2_650\lpcxpresso\tools\redlib\include\stdio.h:135:12: note: expected 'const char * restrict' but argument is of type 'int'
 extern int printf(const char * restrict format, ...);
            ^
../src/i2c_probe.c: In function 'i2c_probe_slaves':
../src/i2c_probe.c:269:6: warning: unused variable 'i' [-Wunused-variable]
  int i;
      ^
../src/i2c_probe.c: At top level:
../src/i2c_probe.c:162:12: warning: 'i2c_menu' defined but not used [-Wunused-function]
 static int i2c_menu(void)
            ^
Finished building: ../src/i2c_probe.c
 
Building target: periph_i2c_probe_COPY.axf
Invoking: MCU Linker
arm-none-eabi-gcc -nostdlib -L"C:\nxp\Good_Workspace\lpc_chip_5410x\libs" -L"C:\nxp\Good_Workspace\lpc_chip_5410x\Debug" -L"C:\nxp\Good_Workspace\lpc_board_lpcxpresso_54102\Debug" -Xlinker -Map="periph_i2c_probe_COPY.map" -Xlinker --gc-sections -mcpu=cortex-m4 -mfpu=fpv4-sp-d16 -mfloat-abi=softfp -mthumb -T "periph_periph_i2cm_interrupt_Debug.ld" -o "periph_i2c_probe_COPY.axf"  ./src/cr_startup_lpc5410x.o ./src/crp.o ./src/i2c_probe.o ./src/sysinit.o   -llpc_board_lpcxpresso_54102 -llpc_chip_5410x -lpower
Finished building target: periph_i2c_probe_COPY.axf
 
make --no-print-directory post-build
Performing post-build steps
arm-none-eabi-size "periph_i2c_probe_COPY.axf"; # arm-none-eabi-objcopy -v -O binary "periph_i2c_probe_COPY.axf" "periph_i2c_probe_COPY.bin" ; # checksum -p LPC54102J512 -d "periph_i2c_probe_COPY.bin";
   text	   data	    bss	    dec	    hex	filename
  21096	      0	    876	  21972	   55d4	periph_i2c_probe_COPY.axf
 
17:36:03 **** Incremental Build of configuration Debug for project lpc_board_lpcxpresso_54102 ****
make -r all 
make: Nothing to be done for `all'.
17:36:03 **** Incremental Build of configuration Debug for project lpc_chip_5410x ****
make -r all 
make: Nothing to be done for `all'.
17:36:05 **** Incremental Build of configuration Debug for project periph_i2c_probe_COPY ****
make -r all 
make: Nothing to be done for `all'.
17:36:07 **** Incremental Build of configuration Debug for project periph_i2c_probe_COPY ****
make -r all 
make: Nothing to be done for `all'.
17:46:04 **** Incremental Build of configuration Debug for project lpc_board_lpcxpresso_54102 ****
make -r all 
make: Nothing to be done for `all'.
17:46:05 **** Incremental Build of configuration Debug for project lpc_chip_5410x ****
make -r all 
make: Nothing to be done for `all'.
17:46:06 **** Incremental Build of configuration Debug for project periph_i2c_probe ****
make -r all 
make: Nothing to be done for `all'.
17:46:09 **** Incremental Build of configuration Debug for project periph_i2c_probe ****
make -r all 
make: Nothing to be done for `all'.
18:26:18 **** Incremental Build of configuration Debug for project lpc_board_lpcxpresso_54102 ****
make -r all 
make: Nothing to be done for `all'.
18:26:19 **** Incremental Build of configuration Debug for project lpc_chip_5410x ****
make -r all 
make: Nothing to be done for `all'.
18:26:21 **** Incremental Build of configuration Debug for project periph_i2c_probe ****
make -r all 
Building file: ../src/i2c_probe.c
Invoking: MCU C Compiler
arm-none-eabi-gcc -D__MULTICORE_NONE -D__USE_LPCOPEN -DCORE_M4 -DDEBUG -D__CODE_RED -DCORE_M4 -D__LPC5410X__ -D__REDLIB__ -I"C:\nxp\Good_Workspace\lpc_chip_5410x\inc" -I"C:\nxp\Good_Workspace\lpc_board_lpcxpresso_54102\inc" -O0 -g3 -Wall -c -fmessage-length=0 -fno-builtin -ffunction-sections -fdata-sections -fsingle-precision-constant -mcpu=cortex-m4 -mfpu=fpv4-sp-d16 -mfloat-abi=softfp -mthumb -D__REDLIB__ -specs=redlib.specs -MMD -MP -MF"src/i2c_probe.d" -MT"src/i2c_probe.o" -MT"src/i2c_probe.d" -o "src/i2c_probe.o" "../src/i2c_probe.c"
../src/i2c_probe.c: In function 'con_get_input':
../src/i2c_probe.c:101:34: warning: character constant too long for its type
    DEBUGOUT('Received Input \r\n');
                                  ^
In file included from C:\nxp\Good_Workspace\lpc_board_lpcxpresso_54102\inc/board.h:107:0,
                 from ../src/i2c_probe.c:34:
../src/i2c_probe.c:101:13: warning: passing argument 1 of 'printf' makes pointer from integer without a cast [-Wint-conversion]
    DEBUGOUT('Received Input \r\n');
             ^
C:\nxp\Good_Workspace\lpc_board_lpcxpresso_54102\inc/board_api.h:161:30: note: in definition of macro 'DEBUGOUT'
 #define DEBUGOUT(...) printf(__VA_ARGS__)
                              ^
In file included from C:\nxp\Good_Workspace\lpc_board_lpcxpresso_54102\inc/board_api.h:36:0,
                 from C:\nxp\Good_Workspace\lpc_board_lpcxpresso_54102\inc/board.h:107,
                 from ../src/i2c_probe.c:34:
c:\nxp\lpcxpresso_8.2.2_650\lpcxpresso\tools\redlib\include\stdio.h:135:12: note: expected 'const char * restrict' but argument is of type 'int'
 extern int printf(const char * restrict format, ...);
            ^
../src/i2c_probe.c: At top level:
../src/i2c_probe.c:162:12: warning: 'i2c_menu' defined but not used [-Wunused-function]
 static int i2c_menu(void)
            ^
Finished building: ../src/i2c_probe.c
 
Building target: periph_i2c_probe.axf
Invoking: MCU Linker
arm-none-eabi-gcc -nostdlib -L"C:\nxp\Good_Workspace\lpc_chip_5410x\libs" -L"C:\nxp\Good_Workspace\lpc_chip_5410x\Debug" -L"C:\nxp\Good_Workspace\lpc_board_lpcxpresso_54102\Debug" -Xlinker -Map="periph_i2c_probe.map" -Xlinker --gc-sections -mcpu=cortex-m4 -mfpu=fpv4-sp-d16 -mfloat-abi=softfp -mthumb -T "periph_periph_i2cm_interrupt_Debug.ld" -o "periph_i2c_probe.axf"  ./src/cr_startup_lpc5410x.o ./src/crp.o ./src/i2c_probe.o ./src/sysinit.o   -llpc_board_lpcxpresso_54102 -llpc_chip_5410x -lpower
Finished building target: periph_i2c_probe.axf
 
make --no-print-directory post-build
Performing post-build steps
arm-none-eabi-size "periph_i2c_probe.axf"; # arm-none-eabi-objcopy -v -O binary "periph_i2c_probe.axf" "periph_i2c_probe.bin" ; # checksum -p LPC54102J512 -d "periph_i2c_probe.bin";
   text	   data	    bss	    dec	    hex	filename
  22352	      0	    876	  23228	   5abc	periph_i2c_probe.axf
 
18:26:36 **** Incremental Build of configuration Debug for project lpc_board_lpcxpresso_54102 ****
make -r all 
make: Nothing to be done for `all'.
18:26:37 **** Incremental Build of configuration Debug for project lpc_chip_5410x ****
make -r all 
make: Nothing to be done for `all'.
18:26:39 **** Incremental Build of configuration Debug for project periph_i2c_probe ****
make -r all 
make: Nothing to be done for `all'.
18:26:41 **** Incremental Build of configuration Debug for project periph_i2c_probe ****
make -r all 
make: Nothing to be done for `all'.
18:29:41 **** Incremental Build of configuration Debug for project lpc_board_lpcxpresso_54102 ****
make -r all 
make: Nothing to be done for `all'.
18:29:42 **** Incremental Build of configuration Debug for project lpc_chip_5410x ****
make -r all 
make: Nothing to be done for `all'.
18:29:44 **** Incremental Build of configuration Debug for project periph_i2c_probe ****
make -r all 
Building file: ../src/i2c_probe.c
Invoking: MCU C Compiler
arm-none-eabi-gcc -D__MULTICORE_NONE -D__USE_LPCOPEN -DCORE_M4 -DDEBUG -D__CODE_RED -DCORE_M4 -D__LPC5410X__ -D__REDLIB__ -I"C:\nxp\Good_Workspace\lpc_chip_5410x\inc" -I"C:\nxp\Good_Workspace\lpc_board_lpcxpresso_54102\inc" -O0 -g3 -Wall -c -fmessage-length=0 -fno-builtin -ffunction-sections -fdata-sections -fsingle-precision-constant -mcpu=cortex-m4 -mfpu=fpv4-sp-d16 -mfloat-abi=softfp -mthumb -D__REDLIB__ -specs=redlib.specs -MMD -MP -MF"src/i2c_probe.d" -MT"src/i2c_probe.o" -MT"src/i2c_probe.d" -o "src/i2c_probe.o" "../src/i2c_probe.c"
../src/i2c_probe.c: In function 'con_get_input':
../src/i2c_probe.c:101:34: warning: character constant too long for its type
    DEBUGOUT('Received Input \r\n');
                                  ^
In file included from C:\nxp\Good_Workspace\lpc_board_lpcxpresso_54102\inc/board.h:107:0,
                 from ../src/i2c_probe.c:34:
../src/i2c_probe.c:101:13: warning: passing argument 1 of 'printf' makes pointer from integer without a cast [-Wint-conversion]
    DEBUGOUT('Received Input \r\n');
             ^
C:\nxp\Good_Workspace\lpc_board_lpcxpresso_54102\inc/board_api.h:161:30: note: in definition of macro 'DEBUGOUT'
 #define DEBUGOUT(...) printf(__VA_ARGS__)
                              ^
In file included from C:\nxp\Good_Workspace\lpc_board_lpcxpresso_54102\inc/board_api.h:36:0,
                 from C:\nxp\Good_Workspace\lpc_board_lpcxpresso_54102\inc/board.h:107,
                 from ../src/i2c_probe.c:34:
c:\nxp\lpcxpresso_8.2.2_650\lpcxpresso\tools\redlib\include\stdio.h:135:12: note: expected 'const char * restrict' but argument is of type 'int'
 extern int printf(const char * restrict format, ...);
            ^
In file included from C:\nxp\Good_Workspace\lpc_board_lpcxpresso_54102\inc/board.h:107:0,
                 from ../src/i2c_probe.c:34:
../src/i2c_probe.c: In function 'i2c_rw_input':
../src/i2c_probe.c:139:11: warning: passing argument 1 of 'printf' makes pointer from integer without a cast [-Wint-conversion]
  DEBUGOUT(tmp);
           ^
C:\nxp\Good_Workspace\lpc_board_lpcxpresso_54102\inc/board_api.h:161:30: note: in definition of macro 'DEBUGOUT'
 #define DEBUGOUT(...) printf(__VA_ARGS__)
                              ^
In file included from C:\nxp\Good_Workspace\lpc_board_lpcxpresso_54102\inc/board_api.h:36:0,
                 from C:\nxp\Good_Workspace\lpc_board_lpcxpresso_54102\inc/board.h:107,
                 from ../src/i2c_probe.c:34:
c:\nxp\lpcxpresso_8.2.2_650\lpcxpresso\tools\redlib\include\stdio.h:135:12: note: expected 'const char * restrict' but argument is of type 'int'
 extern int printf(const char * restrict format, ...);
            ^
../src/i2c_probe.c: At top level:
../src/i2c_probe.c:163:12: warning: 'i2c_menu' defined but not used [-Wunused-function]
 static int i2c_menu(void)
            ^
Finished building: ../src/i2c_probe.c
 
Building target: periph_i2c_probe.axf
Invoking: MCU Linker
arm-none-eabi-gcc -nostdlib -L"C:\nxp\Good_Workspace\lpc_chip_5410x\libs" -L"C:\nxp\Good_Workspace\lpc_chip_5410x\Debug" -L"C:\nxp\Good_Workspace\lpc_board_lpcxpresso_54102\Debug" -Xlinker -Map="periph_i2c_probe.map" -Xlinker --gc-sections -mcpu=cortex-m4 -mfpu=fpv4-sp-d16 -mfloat-abi=softfp -mthumb -T "periph_periph_i2cm_interrupt_Debug.ld" -o "periph_i2c_probe.axf"  ./src/cr_startup_lpc5410x.o ./src/crp.o ./src/i2c_probe.o ./src/sysinit.o   -llpc_board_lpcxpresso_54102 -llpc_chip_5410x -lpower
Finished building target: periph_i2c_probe.axf
 
make --no-print-directory post-build
Performing post-build steps
arm-none-eabi-size "periph_i2c_probe.axf"; # arm-none-eabi-objcopy -v -O binary "periph_i2c_probe.axf" "periph_i2c_probe.bin" ; # checksum -p LPC54102J512 -d "periph_i2c_probe.bin";
   text	   data	    bss	    dec	    hex	filename
  22360	      0	    876	  23236	   5ac4	periph_i2c_probe.axf
 
18:30:01 **** Incremental Build of configuration Debug for project lpc_board_lpcxpresso_54102 ****
make -r all 
make: Nothing to be done for `all'.
18:30:02 **** Incremental Build of configuration Debug for project lpc_chip_5410x ****
make -r all 
make: Nothing to be done for `all'.
18:30:04 **** Incremental Build of configuration Debug for project periph_i2c_probe ****
make -r all 
make: Nothing to be done for `all'.
18:30:07 **** Incremental Build of configuration Debug for project periph_i2c_probe ****
make -r all 
make: Nothing to be done for `all'.
18:30:38 **** Incremental Build of configuration Debug for project lpc_board_lpcxpresso_54102 ****
make -r all 
make: Nothing to be done for `all'.
18:30:38 **** Incremental Build of configuration Debug for project lpc_chip_5410x ****
make -r all 
make: Nothing to be done for `all'.
18:30:40 **** Incremental Build of configuration Debug for project periph_i2c_probe ****
make -r all 
make: Nothing to be done for `all'.
18:30:43 **** Incremental Build of configuration Debug for project periph_i2c_probe ****
make -r all 
make: Nothing to be done for `all'.
17:27:20 **** Incremental Build of configuration Debug for project lpc_board_lpcxpresso_54102 ****
make -r all 
make: Nothing to be done for `all'.
17:27:21 **** Incremental Build of configuration Debug for project lpc_chip_5410x ****
make -r all 
make: Nothing to be done for `all'.
17:27:23 **** Build of configuration Debug for project periph_blinky ****
make -r all 
Building file: ../src/blinky.c
Invoking: MCU C Compiler
arm-none-eabi-gcc -D__MULTICORE_NONE -D__USE_LPCOPEN -DCORE_M4 -DDEBUG -D__CODE_RED -DCORE_M4 -D__LPC5410X__ -D__REDLIB__ -I"C:\nxp\Good_Workspace\lpc_chip_5410x\inc" -I"C:\nxp\Good_Workspace\lpc_board_lpcxpresso_54102\inc" -O0 -g3 -Wall -c -fmessage-length=0 -fno-builtin -ffunction-sections -fdata-sections -fsingle-precision-constant -mcpu=cortex-m4 -mfpu=fpv4-sp-d16 -mfloat-abi=softfp -mthumb -D__REDLIB__ -specs=redlib.specs -MMD -MP -MF"src/blinky.d" -MT"src/blinky.o" -MT"src/blinky.d" -o "src/blinky.o" "../src/blinky.c"
Finished building: ../src/blinky.c
 
Building file: ../src/cr_startup_lpc5410x.c
Invoking: MCU C Compiler
arm-none-eabi-gcc -D__MULTICORE_NONE -D__USE_LPCOPEN -DCORE_M4 -DDEBUG -D__CODE_RED -DCORE_M4 -D__LPC5410X__ -D__REDLIB__ -I"C:\nxp\Good_Workspace\lpc_chip_5410x\inc" -I"C:\nxp\Good_Workspace\lpc_board_lpcxpresso_54102\inc" -O0 -g3 -Wall -c -fmessage-length=0 -fno-builtin -ffunction-sections -fdata-sections -fsingle-precision-constant -mcpu=cortex-m4 -mfpu=fpv4-sp-d16 -mfloat-abi=softfp -mthumb -D__REDLIB__ -specs=redlib.specs -MMD -MP -MF"src/cr_startup_lpc5410x.d" -MT"src/cr_startup_lpc5410x.o" -MT"src/cr_startup_lpc5410x.d" -o "src/cr_startup_lpc5410x.o" "../src/cr_startup_lpc5410x.c"
Finished building: ../src/cr_startup_lpc5410x.c
 
Building file: ../src/crp.c
Invoking: MCU C Compiler
arm-none-eabi-gcc -D__MULTICORE_NONE -D__USE_LPCOPEN -DCORE_M4 -DDEBUG -D__CODE_RED -DCORE_M4 -D__LPC5410X__ -D__REDLIB__ -I"C:\nxp\Good_Workspace\lpc_chip_5410x\inc" -I"C:\nxp\Good_Workspace\lpc_board_lpcxpresso_54102\inc" -O0 -g3 -Wall -c -fmessage-length=0 -fno-builtin -ffunction-sections -fdata-sections -fsingle-precision-constant -mcpu=cortex-m4 -mfpu=fpv4-sp-d16 -mfloat-abi=softfp -mthumb -D__REDLIB__ -specs=redlib.specs -MMD -MP -MF"src/crp.d" -MT"src/crp.o" -MT"src/crp.d" -o "src/crp.o" "../src/crp.c"
Finished building: ../src/crp.c
 
Building file: ../src/sysinit.c
Invoking: MCU C Compiler
[...]
Finished building: ../src/sysinit.c
 
Building target: periph_sct_pwm.axf
Invoking: MCU Linker
arm-none-eabi-gcc -nostdlib -L"C:\nxp\Good_Workspace\lpc_chip_5410x\libs" -L"C:\nxp\Good_Workspace\lpc_chip_5410x\Debug" -L"C:\nxp\Good_Workspace\lpc_board_lpcxpresso_54102\Debug" -Xlinker -Map="periph_sct_pwm.map" -Xlinker --gc-sections -mcpu=cortex-m4 -mfpu=fpv4-sp-d16 -mfloat-abi=softfp -mthumb -T "periph_sct_pwm_Debug.ld" -o "periph_sct_pwm.axf"  ./src/cr_startup_lpc5410x.o ./src/crp.o ./src/sct_pwm.o ./src/sysinit.o   -llpc_board_lpcxpresso_54102 -llpc_chip_5410x -lpower
Finished building target: periph_sct_pwm.axf
 
make --no-print-directory post-build
Performing post-build steps
arm-none-eabi-size "periph_sct_pwm.axf"; # arm-none-eabi-objcopy -v -O binary "periph_sct_pwm.axf" "periph_sct_pwm.bin" ; # checksum -p LPC54102J512 -d "periph_sct_pwm.bin";
   text	   data	    bss	    dec	    hex	filename
  10936	      0	    348	  11284	   2c14	periph_sct_pwm.axf
 
15:19:58 **** Incremental Build of configuration Debug for project lpc_board_lpcxpresso_54102 ****
make -r all 
make: Nothing to be done for `all'.
15:19:59 **** Incremental Build of configuration Debug for project lpc_chip_5410x ****
make -r all 
make: Nothing to be done for `all'.
15:20:01 **** Incremental Build of configuration Debug for project periph_sct_pwm ****
make -r all 
make: Nothing to be done for `all'.
15:20:04 **** Incremental Build of configuration Debug for project periph_sct_pwm ****
make -r all 
make: Nothing to be done for `all'.
15:48:50 **** Incremental Build of configuration Debug for project lpc_board_lpcxpresso_54102 ****
make -r all 
make: Nothing to be done for `all'.
15:48:51 **** Incremental Build of configuration Debug for project lpc_chip_5410x ****
make -r all 
make: Nothing to be done for `all'.
15:48:53 **** Incremental Build of configuration Debug for project periph_sct_pwm ****
make -r all 
Building file: ../src/sct_pwm.c
Invoking: MCU C Compiler
arm-none-eabi-gcc -D__MULTICORE_NONE -D__USE_LPCOPEN -DCORE_M4 -DDEBUG -D__CODE_RED -DCORE_M4 -D__LPC5410X__ -D__REDLIB__ -I"C:\nxp\Good_Workspace\lpc_chip_5410x\inc" -I"C:\nxp\Good_Workspace\lpc_board_lpcxpresso_54102\inc" -O0 -g3 -Wall -c -fmessage-length=0 -fno-builtin -ffunction-sections -fdata-sections -fsingle-precision-constant -mcpu=cortex-m4 -mfpu=fpv4-sp-d16 -mfloat-abi=softfp -mthumb -D__REDLIB__ -specs=redlib.specs -MMD -MP -MF"src/sct_pwm.d" -MT"src/sct_pwm.o" -MT"src/sct_pwm.d" -o "src/sct_pwm.o" "../src/sct_pwm.c"
Finished building: ../src/sct_pwm.c
 
Building target: periph_sct_pwm.axf
Invoking: MCU Linker
arm-none-eabi-gcc -nostdlib -L"C:\nxp\Good_Workspace\lpc_chip_5410x\libs" -L"C:\nxp\Good_Workspace\lpc_chip_5410x\Debug" -L"C:\nxp\Good_Workspace\lpc_board_lpcxpresso_54102\Debug" -Xlinker -Map="periph_sct_pwm.map" -Xlinker --gc-sections -mcpu=cortex-m4 -mfpu=fpv4-sp-d16 -mfloat-abi=softfp -mthumb -T "periph_sct_pwm_Debug.ld" -o "periph_sct_pwm.axf"  ./src/cr_startup_lpc5410x.o ./src/crp.o ./src/sct_pwm.o ./src/sysinit.o   -llpc_board_lpcxpresso_54102 -llpc_chip_5410x -lpower
Finished building target: periph_sct_pwm.axf
 
make --no-print-directory post-build
Performing post-build steps
arm-none-eabi-size "periph_sct_pwm.axf"; # arm-none-eabi-objcopy -v -O binary "periph_sct_pwm.axf" "periph_sct_pwm.bin" ; # checksum -p LPC54102J512 -d "periph_sct_pwm.bin";
   text	   data	    bss	    dec	    hex	filename
  10936	      0	    348	  11284	   2c14	periph_sct_pwm.axf
 
15:48:59 **** Incremental Build of configuration Debug for project lpc_board_lpcxpresso_54102 ****
make -r all 
make: Nothing to be done for `all'.
15:49:00 **** Incremental Build of configuration Debug for project lpc_chip_5410x ****
make -r all 
make: Nothing to be done for `all'.
15:49:02 **** Incremental Build of configuration Debug for project periph_sct_pwm ****
make -r all 
make: Nothing to be done for `all'.
15:49:05 **** Incremental Build of configuration Debug for project periph_sct_pwm ****
make -r all 
make: Nothing to be done for `all'.
11:39:20 **** Incremental Build of configuration Debug for project lpc_board_lpcxpresso_54102 ****
make -r all 
make: Nothing to be done for `all'.
11:39:21 **** Incremental Build of configuration Debug for project lpc_chip_5410x ****
make -r all 
make: Nothing to be done for `all'.
11:39:24 **** Incremental Build of configuration Debug for project periph_sct_pwm ****
make -r all 
Building file: ../src/sct_pwm.c
Invoking: MCU C Compiler
arm-none-eabi-gcc -D__MULTICORE_NONE -D__USE_LPCOPEN -DCORE_M4 -DDEBUG -D__CODE_RED -DCORE_M4 -D__LPC5410X__ -D__REDLIB__ -I"C:\nxp\Good_Workspace\lpc_chip_5410x\inc" -I"C:\nxp\Good_Workspace\lpc_board_lpcxpresso_54102\inc" -O0 -g3 -Wall -c -fmessage-length=0 -fno-builtin -ffunction-sections -fdata-sections -fsingle-precision-constant -mcpu=cortex-m4 -mfpu=fpv4-sp-d16 -mfloat-abi=softfp -mthumb -D__REDLIB__ -specs=redlib.specs -MMD -MP -MF"src/sct_pwm.d" -MT"src/sct_pwm.o" -MT"src/sct_pwm.d" -o "src/sct_pwm.o" "../src/sct_pwm.c"
Finished building: ../src/sct_pwm.c
 
Building target: periph_sct_pwm.axf
Invoking: MCU Linker
arm-none-eabi-gcc -nostdlib -L"C:\nxp\Good_Workspace\lpc_chip_5410x\libs" -L"C:\nxp\Good_Workspace\lpc_chip_5410x\Debug" -L"C:\nxp\Good_Workspace\lpc_board_lpcxpresso_54102\Debug" -Xlinker -Map="periph_sct_pwm.map" -Xlinker --gc-sections -mcpu=cortex-m4 -mfpu=fpv4-sp-d16 -mfloat-abi=softfp -mthumb -T "periph_sct_pwm_Debug.ld" -o "periph_sct_pwm.axf"  ./src/cr_startup_lpc5410x.o ./src/crp.o ./src/sct_pwm.o ./src/sysinit.o   -llpc_board_lpcxpresso_54102 -llpc_chip_5410x -lpower
Finished building target: periph_sct_pwm.axf
 
make --no-print-directory post-build
Performing post-build steps
arm-none-eabi-size "periph_sct_pwm.axf"; # arm-none-eabi-objcopy -v -O binary "periph_sct_pwm.axf" "periph_sct_pwm.bin" ; # checksum -p LPC54102J512 -d "periph_sct_pwm.bin";
   text	   data	    bss	    dec	    hex	filename
  10936	      0	    348	  11284	   2c14	periph_sct_pwm.axf
 
11:39:26 **** Incremental Build of configuration Debug for project lpc_board_lpcxpresso_54102 ****
make -r all 
make: Nothing to be done for `all'.
11:39:27 **** Incremental Build of configuration Debug for project lpc_chip_5410x ****
make -r all 
make: Nothing to be done for `all'.
11:39:29 **** Incremental Build of configuration Debug for project periph_sct_pwm ****
make -r all 
make: Nothing to be done for `all'.
11:39:32 **** Incremental Build of configuration Debug for project periph_sct_pwm ****
make -r all 
make: Nothing to be done for `all'.
10:55:49 **** Incremental Build of configuration Debug for project lpc_board_lpcxpresso_54102 ****
make -r all 
make: Nothing to be done for `all'.
10:55:50 **** Incremental Build of configuration Debug for project lpc_chip_5410x ****
make -r all 
make: Nothing to be done for `all'.
10:55:52 **** Build of configuration Debug for project periph_blinky_GeneralGPIO_RAW ****
make -r all 
Building file: ../src/blinkyGPIORAW.c
Invoking: MCU C Compiler
arm-none-eabi-gcc -D__MULTICORE_NONE -D__USE_LPCOPEN -DCORE_M4 -DDEBUG -D__CODE_RED -DCORE_M4 -D__LPC5410X__ -D__REDLIB__ -I"C:\nxp\Good_Workspace\lpc_chip_5410x\inc" -I"C:\nxp\Good_Workspace\lpc_board_lpcxpresso_54102\inc" -O0 -g3 -Wall -c -fmessage-length=0 -fno-builtin -ffunction-sections -fdata-sections -fsingle-precision-constant -mcpu=cortex-m4 -mfpu=fpv4-sp-d16 -mfloat-abi=softfp -mthumb -D__REDLIB__ -specs=redlib.specs -MMD -MP -MF"src/blinkyGPIORAW.d" -MT"src/blinkyGPIORAW.o" -MT"src/blinkyGPIORAW.d" -o "src/blinkyGPIORAW.o" "../src/blinkyGPIORAW.c"
Finished building: ../src/blinkyGPIORAW.c
 
Building file: ../src/cr_startup_lpc5410x.c
Invoking: MCU C Compiler
arm-none-eabi-gcc -D__MULTICORE_NONE -D__USE_LPCOPEN -DCORE_M4 -DDEBUG -D__CODE_RED -DCORE_M4 -D__LPC5410X__ -D__REDLIB__ -I"C:\nxp\Good_Workspace\lpc_chip_5410x\inc" -I"C:\nxp\Good_Workspace\lpc_board_lpcxpresso_54102\inc" -O0 -g3 -Wall -c -fmessage-length=0 -fno-builtin -ffunction-sections -fdata-sections -fsingle-precision-constant -mcpu=cortex-m4 -mfpu=fpv4-sp-d16 -mfloat-abi=softfp -mthumb -D__REDLIB__ -specs=redlib.specs -MMD -MP -MF"src/cr_startup_lpc5410x.d" -MT"src/cr_startup_lpc5410x.o" -MT"src/cr_startup_lpc5410x.d" -o "src/cr_startup_lpc5410x.o" "../src/cr_startup_lpc5410x.c"
Finished building: ../src/cr_startup_lpc5410x.c
 
Building file: ../src/crp.c
Invoking: MCU C Compiler
arm-none-eabi-gcc -D__MULTICORE_NONE -D__USE_LPCOPEN -DCORE_M4 -DDEBUG -D__CODE_RED -DCORE_M4 -D__LPC5410X__ -D__REDLIB__ -I"C:\nxp\Good_Workspace\lpc_chip_5410x\inc" -I"C:\nxp\Good_Workspace\lpc_board_lpcxpresso_54102\inc" -O0 -g3 -Wall -c -fmessage-length=0 -fno-builtin -ffunction-sections -fdata-sections -fsingle-precision-constant -mcpu=cortex-m4 -mfpu=fpv4-sp-d16 -mfloat-abi=softfp -mthumb -D__REDLIB__ -specs=redlib.specs -MMD -MP -MF"src/crp.d" -MT"src/crp.o" -MT"src/crp.d" -o "src/crp.o" "../src/crp.c"
Finished building: ../src/crp.c
 
Building file: ../src/sysinit.c
Invoking: MCU C Compiler
arm-none-eabi-gcc -D__MULTICORE_NONE -D__USE_LPCOPEN -DCORE_M4 -DDEBUG -D__CODE_RED -DCORE_M4 -D__LPC5410X__ -D__REDLIB__ -I"C:\nxp\Good_Workspace\lpc_chip_5410x\inc" -I"C:\nxp\Good_Workspace\lpc_board_lpcxpresso_54102\inc" -O0 -g3 -Wall -c -fmessage-length=0 -fno-builtin -ffunction-sections -fdata-sections -fsingle-precision-constant -mcpu=cortex-m4 -mfpu=fpv4-sp-d16 -mfloat-abi=softfp -mthumb -D__REDLIB__ -specs=redlib.specs -MMD -MP -MF"src/sysinit.d" -MT"src/sysinit.o" -MT"src/sysinit.d" -o "src/sysinit.o" "../src/sysinit.c"
Finished building: ../src/sysinit.c
 
Building target: periph_blinky_GeneralGPIO_RAW.axf
Invoking: MCU Linker
arm-none-eabi-gcc -nostdlib -L"C:\nxp\Good_Workspace\lpc_chip_5410x\libs" -L"C:\nxp\Good_Workspace\lpc_chip_5410x\Debug" -L"C:\nxp\Good_Workspace\lpc_board_lpcxpresso_54102\Debug" -Xlinker -Map="periph_blinky_GeneralGPIO_RAW.map" -Xlinker --gc-sections -mcpu=cortex-m4 -mfpu=fpv4-sp-d16 -mfloat-abi=softfp -mthumb -T "periph_blinky_Debug.ld" -o "periph_blinky_GeneralGPIO_RAW.axf"  ./src/blinkyGPIORAW.o ./src/cr_startup_lpc5410x.o ./src/crp.o ./src/sysinit.o   -llpc_board_lpcxpresso_54102 -llpc_chip_5410x -lpower
Finished building target: periph_blinky_GeneralGPIO_RAW.axf
 
make --no-print-directory post-build
Performing post-build steps
arm-none-eabi-size "periph_blinky_GeneralGPIO_RAW.axf"; # arm-none-eabi-objcopy -v -O binary "periph_blinky_GeneralGPIO_RAW.axf" "periph_blinky_GeneralGPIO_RAW.bin" ; # checksum -p LPC54102J512 -d "periph_blinky_GeneralGPIO_RAW.bin";
   text	   data	    bss	    dec	    hex	filename
  19000	      0	    348	  19348	   4b94	periph_blinky_GeneralGPIO_RAW.axf
 
10:55:56 **** Incremental Build of configuration Debug for project periph_blinky_GeneralGPIO_RAW ****
make -r all 
make: Nothing to be done for `all'.
11:13:14 **** Incremental Build of configuration Debug for project lpc_board_lpcxpresso_54102 ****
make -r all 
make: Nothing to be done for `all'.
11:13:15 **** Incremental Build of configuration Debug for project lpc_chip_5410x ****
make -r all 
make: Nothing to be done for `all'.
11:13:16 **** Build of configuration Debug for project periph_ADC_and_GPIO_V2 ****
make -r all 
Building file: ../src/adc_V2.c
Invoking: MCU C Compiler
arm-none-eabi-gcc -D__MULTICORE_NONE -D__USE_LPCOPEN -DCORE_M4 -DDEBUG -D__CODE_RED -DCORE_M4 -D__LPC5410X__ -D__REDLIB__ -I"C:\nxp\Good_Workspace\lpc_chip_5410x\inc" -I"C:\nxp\Good_Workspace\lpc_board_lpcxpresso_54102\inc" -O0 -g3 -Wall -c -fmessage-length=0 -fno-builtin -ffunction-sections -fdata-sections -fsingle-precision-constant -mcpu=cortex-m4 -mfpu=fpv4-sp-d16 -mfloat-abi=softfp -mthumb -D__REDLIB__ -specs=redlib.specs -MMD -MP -MF"src/adc_V2.d" -MT"src/adc_V2.o" -MT"src/adc_V2.d" -o "src/adc_V2.o" "../src/adc_V2.c"
../src/adc_V2.c: In function 'main':
../src/adc_V2.c:157:6: warning: unused variable 'j' [-Wunused-variable]
  int j;
      ^
Finished building: ../src/adc_V2.c
 
Building target: periph_ADC_and_GPIO_V2.axf
Invoking: MCU Linker
arm-none-eabi-gcc -nostdlib -L"C:\nxp\Good_Workspace\lpc_chip_5410x\libs" -L"C:\nxp\Good_Workspace\lpc_chip_5410x\Debug" -L"C:\nxp\Good_Workspace\lpc_board_lpcxpresso_54102\Debug" -Xlinker -Map="periph_ADC_and_GPIO_V2.map" -Xlinker --gc-sections -mcpu=cortex-m4 -mfpu=fpv4-sp-d16 -mfloat-abi=softfp -mthumb -T "periph_adc_Debug.ld" -o "periph_ADC_and_GPIO_V2.axf"  ./src/adc_V2.o ./src/cr_startup_lpc5410x.o ./src/crp.o ./src/sysinit.o   -llpc_board_lpcxpresso_54102 -llpc_chip_5410x -lpower
Finished building target: periph_ADC_and_GPIO_V2.axf
 
make --no-print-directory post-build
Performing post-build steps
arm-none-eabi-size "periph_ADC_and_GPIO_V2.axf"; # arm-none-eabi-objcopy -v -O binary "periph_ADC_and_GPIO_V2.axf" "periph_ADC_and_GPIO_V2.bin" ; # checksum -p LPC54102J512 -d "periph_ADC_and_GPIO_V2.bin";
   text	   data	    bss	    dec	    hex	filename
  20800	      4	    352	  21156	   52a4	periph_ADC_and_GPIO_V2.axf
 
11:13:19 **** Incremental Build of configuration Debug for project periph_ADC_and_GPIO_V2 ****
make -r all 
make: Nothing to be done for `all'.
11:13:32 **** Incremental Build of configuration Debug for project lpc_board_lpcxpresso_54102 ****
make -r all 
make: Nothing to be done for `all'.
11:13:33 **** Incremental Build of configuration Debug for project lpc_chip_5410x ****
make -r all 
make: Nothing to be done for `all'.
11:13:34 **** Incremental Build of configuration Debug for project periph_ADC_and_GPIO_V2 ****
make -r all 
make: Nothing to be done for `all'.
11:13:36 **** Incremental Build of configuration Debug for project periph_ADC_and_GPIO_V2 ****
make -r all 
make: Nothing to be done for `all'.
11:19:39 **** Incremental Build of configuration Debug for project lpc_board_lpcxpresso_54102 ****
make -r all 
make: Nothing to be done for `all'.
11:19:40 **** Incremental Build of configuration Debug for project lpc_chip_5410x ****
make -r all 
make: Nothing to be done for `all'.
11:19:41 **** Incremental Build of configuration Debug for project periph_ADC_and_GPIO_V2 ****
make -r all 
Building file: ../src/adc_V2.c
Invoking: MCU C Compiler
arm-none-eabi-gcc -D__MULTICORE_NONE -D__USE_LPCOPEN -DCORE_M4 -DDEBUG -D__CODE_RED -DCORE_M4 -D__LPC5410X__ -D__REDLIB__ -I"C:\nxp\Good_Workspace\lpc_chip_5410x\inc" -I"C:\nxp\Good_Workspace\lpc_board_lpcxpresso_54102\inc" -O0 -g3 -Wall -c -fmessage-length=0 -fno-builtin -ffunction-sections -fdata-sections -fsingle-precision-constant -mcpu=cortex-m4 -mfpu=fpv4-sp-d16 -mfloat-abi=softfp -mthumb -D__REDLIB__ -specs=redlib.specs -MMD -MP -MF"src/adc_V2.d" -MT"src/adc_V2.o" -MT"src/adc_V2.d" -o "src/adc_V2.o" "../src/adc_V2.c"
../src/adc_V2.c: In function 'main':
../src/adc_V2.c:157:6: warning: unused variable 'j' [-Wunused-variable]
  int j;
      ^
Finished building: ../src/adc_V2.c
 
Building target: periph_ADC_and_GPIO_V2.axf
Invoking: MCU Linker
arm-none-eabi-gcc -nostdlib -L"C:\nxp\Good_Workspace\lpc_chip_5410x\libs" -L"C:\nxp\Good_Workspace\lpc_chip_5410x\Debug" -L"C:\nxp\Good_Workspace\lpc_board_lpcxpresso_54102\Debug" -Xlinker -Map="periph_ADC_and_GPIO_V2.map" -Xlinker --gc-sections -mcpu=cortex-m4 -mfpu=fpv4-sp-d16 -mfloat-abi=softfp -mthumb -T "periph_adc_Debug.ld" -o "periph_ADC_and_GPIO_V2.axf"  ./src/adc_V2.o ./src/cr_startup_lpc5410x.o ./src/crp.o ./src/sysinit.o   -llpc_board_lpcxpresso_54102 -llpc_chip_5410x -lpower
Finished building target: periph_ADC_and_GPIO_V2.axf
 
make --no-print-directory post-build
Performing post-build steps
arm-none-eabi-size "periph_ADC_and_GPIO_V2.axf"; # arm-none-eabi-objcopy -v -O binary "periph_ADC_and_GPIO_V2.axf" "periph_ADC_and_GPIO_V2.bin" ; # checksum -p LPC54102J512 -d "periph_ADC_and_GPIO_V2.bin";
   text	   data	    bss	    dec	    hex	filename
  20800	      4	    352	  21156	   52a4	periph_ADC_and_GPIO_V2.axf
 
11:19:43 **** Incremental Build of configuration Debug for project lpc_board_lpcxpresso_54102 ****
make -r all 
make: Nothing to be done for `all'.
11:19:43 **** Incremental Build of configuration Debug for project lpc_chip_5410x ****
make -r all 
make: Nothing to be done for `all'.
11:19:45 **** Incremental Build of configuration Debug for project periph_ADC_and_GPIO_V2 ****
make -r all 
make: Nothing to be done for `all'.
11:19:47 **** Incremental Build of configuration Debug for project periph_ADC_and_GPIO_V2 ****
make -r all 
make: Nothing to be done for `all'.
11:20:04 **** Incremental Build of configuration Debug for project lpc_board_lpcxpresso_54102 ****
make -r all 
make: Nothing to be done for `all'.
11:20:04 **** Incremental Build of configuration Debug for project lpc_chip_5410x ****
make -r all 
make: Nothing to be done for `all'.
11:20:06 **** Build of configuration Debug for project periph_ADC_and_GPIO ****
make -r all 
Building target: periph_ADC_and_GPIO.axf
Invoking: MCU Linker
arm-none-eabi-gcc -nostdlib -L"C:\nxp\Good_Workspace\lpc_chip_5410x\libs" -L"C:\nxp\Good_Workspace\lpc_chip_5410x\Debug" -L"C:\nxp\Good_Workspace\lpc_board_lpcxpresso_54102\Debug" -Xlinker -Map="periph_ADC_and_GPIO.map" -Xlinker --gc-sections -mcpu=cortex-m4 -mfpu=fpv4-sp-d16 -mfloat-abi=softfp -mthumb -T "periph_adc_Debug.ld" -o "periph_ADC_and_GPIO.axf"  ./src/adc.o ./src/cr_startup_lpc5410x.o ./src/crp.o ./src/sysinit.o   -llpc_board_lpcxpresso_54102 -llpc_chip_5410x -lpower
Finished building target: periph_ADC_and_GPIO.axf
 
make --no-print-directory post-build
Performing post-build steps
arm-none-eabi-size "periph_ADC_and_GPIO.axf"; # arm-none-eabi-objcopy -v -O binary "periph_ADC_and_GPIO.axf" "periph_ADC_and_GPIO.bin" ; # checksum -p LPC54102J512 -d "periph_ADC_and_GPIO.bin";
   text	   data	    bss	    dec	    hex	filename
  20224	      4	    356	  20584	   5068	periph_ADC_and_GPIO.axf
 
11:20:15 **** Incremental Build of configuration Debug for project lpc_board_lpcxpresso_54102 ****
make -r all 
make: Nothing to be done for `all'.
11:20:16 **** Incremental Build of configuration Debug for project lpc_chip_5410x ****
make -r all 
make: Nothing to be done for `all'.
11:20:17 **** Incremental Build of configuration Debug for project periph_ADC_and_GPIO ****
make -r all 
make: Nothing to be done for `all'.
11:20:19 **** Incremental Build of configuration Debug for project periph_ADC_and_GPIO ****
make -r all 
make: Nothing to be done for `all'.
11:30:00 **** Incremental Build of configuration Debug for project lpc_board_lpcxpresso_54102 ****
make -r all 
make: Nothing to be done for `all'.
11:30:00 **** Incremental Build of configuration Debug for project lpc_chip_5410x ****
make -r all 
make: Nothing to be done for `all'.
11:30:02 **** Build of configuration Debug for project periph_i2cm_interrupt ****
make -r all 
Building target: periph_i2cm_interrupt.axf
Invoking: MCU Linker
arm-none-eabi-gcc -nostdlib -L"C:\nxp\Good_Workspace\lpc_chip_5410x\libs" -L"C:\nxp\Good_Workspace\lpc_chip_5410x\Debug" -L"C:\nxp\Good_Workspace\lpc_board_lpcxpresso_54102\Debug" -Xlinker -Map="periph_i2cm_interrupt.map" -Xlinker --gc-sections -mcpu=cortex-m4 -mfpu=fpv4-sp-d16 -mfloat-abi=softfp -mthumb -T "periph_periph_i2cm_interrupt_Debug.ld" -o "periph_i2cm_interrupt.axf"  ./src/cr_startup_lpc5410x.o ./src/crp.o ./src/periph_i2cm_interrupt.o ./src/sysinit.o   -llpc_board_lpcxpresso_54102 -llpc_chip_5410x -lpower
Finished building target: periph_i2cm_interrupt.axf
 
make --no-print-directory post-build
Performing post-build steps
arm-none-eabi-size "periph_i2cm_interrupt.axf"; # arm-none-eabi-objcopy -v -O binary "periph_i2cm_interrupt.axf" "periph_i2cm_interrupt.bin" ; # checksum -p LPC54102J512 -d "periph_i2cm_interrupt.bin";
   text	   data	    bss	    dec	    hex	filename
  20824	      0	    364	  21188	   52c4	periph_i2cm_interrupt.axf
 
11:30:04 **** Incremental Build of configuration Debug for project periph_i2cm_interrupt ****
make -r all 
make: Nothing to be done for `all'.
